<?xml version="1.0"?>
<link_info>
   <banner>MSP430 Linker Unix v16.9.0.LTS</banner>
   <copyright>Copyright (c) 2003-2015 Texas Instruments Incorporated</copyright>
   <link_time>0x58bd949d</link_time>
   <link_errors>0x0</link_errors>
   <output_file>C0_SimpleSend.out</output_file>
   <entry_point>
      <name>_c_int00_noargs_noexit</name>
      <address>0xb930</address>
   </entry_point>
   <input_file_list>
      <input_file id="fl-2">
         <path>./</path>
         <kind>object</kind>
         <file>ccSPI.obj</file>
         <name>ccSPI.obj</name>
      </input_file>
      <input_file id="fl-3">
         <path>./</path>
         <kind>object</kind>
         <file>hal.obj</file>
         <name>hal.obj</name>
      </input_file>
      <input_file id="fl-4">
         <path>./</path>
         <kind>object</kind>
         <file>main.obj</file>
         <name>main.obj</name>
      </input_file>
      <input_file id="fl-5">
         <path>./</path>
         <kind>object</kind>
         <file>system_pre_init.obj</file>
         <name>system_pre_init.obj</name>
      </input_file>
      <input_file id="fl-6">
         <path>./USB_API/USB_CDC_API/</path>
         <kind>object</kind>
         <file>UsbCdc.obj</file>
         <name>UsbCdc.obj</name>
      </input_file>
      <input_file id="fl-7">
         <path>./USB_API/USB_Common/</path>
         <kind>object</kind>
         <file>usb.obj</file>
         <name>usb.obj</name>
      </input_file>
      <input_file id="fl-8">
         <path>./USB_API/USB_Common/</path>
         <kind>object</kind>
         <file>usbdma.obj</file>
         <name>usbdma.obj</name>
      </input_file>
      <input_file id="fl-9">
         <path>./USB_API/USB_HID_API/</path>
         <kind>object</kind>
         <file>UsbHid.obj</file>
         <name>UsbHid.obj</name>
      </input_file>
      <input_file id="fl-a">
         <path>./USB_API/USB_HID_API/</path>
         <kind>object</kind>
         <file>UsbHidReq.obj</file>
         <name>UsbHidReq.obj</name>
      </input_file>
      <input_file id="fl-b">
         <path>./USB_API/USB_MSC_API/</path>
         <kind>object</kind>
         <file>UsbMscReq.obj</file>
         <name>UsbMscReq.obj</name>
      </input_file>
      <input_file id="fl-c">
         <path>./USB_API/USB_MSC_API/</path>
         <kind>object</kind>
         <file>UsbMscScsi.obj</file>
         <name>UsbMscScsi.obj</name>
      </input_file>
      <input_file id="fl-d">
         <path>./USB_API/USB_MSC_API/</path>
         <kind>object</kind>
         <file>UsbMscStateMachine.obj</file>
         <name>UsbMscStateMachine.obj</name>
      </input_file>
      <input_file id="fl-e">
         <path>./USB_API/USB_PHDC_API/</path>
         <kind>object</kind>
         <file>UsbPHDC.obj</file>
         <name>UsbPHDC.obj</name>
      </input_file>
      <input_file id="fl-f">
         <path>./USB_app/</path>
         <kind>object</kind>
         <file>usbConstructs.obj</file>
         <name>usbConstructs.obj</name>
      </input_file>
      <input_file id="fl-10">
         <path>./USB_app/</path>
         <kind>object</kind>
         <file>usbEventHandling.obj</file>
         <name>usbEventHandling.obj</name>
      </input_file>
      <input_file id="fl-11">
         <path>./USB_config/</path>
         <kind>object</kind>
         <file>UsbIsr.obj</file>
         <name>UsbIsr.obj</name>
      </input_file>
      <input_file id="fl-12">
         <path>./USB_config/</path>
         <kind>object</kind>
         <file>descriptors.obj</file>
         <name>descriptors.obj</name>
      </input_file>
      <input_file id="fl-13">
         <path>./driverlib/MSP430F5xx_6xx/</path>
         <kind>object</kind>
         <file>adc10_a.obj</file>
         <name>adc10_a.obj</name>
      </input_file>
      <input_file id="fl-14">
         <path>./driverlib/MSP430F5xx_6xx/</path>
         <kind>object</kind>
         <file>adc12_a.obj</file>
         <name>adc12_a.obj</name>
      </input_file>
      <input_file id="fl-15">
         <path>./driverlib/MSP430F5xx_6xx/</path>
         <kind>object</kind>
         <file>aes.obj</file>
         <name>aes.obj</name>
      </input_file>
      <input_file id="fl-16">
         <path>./driverlib/MSP430F5xx_6xx/</path>
         <kind>object</kind>
         <file>battbak.obj</file>
         <name>battbak.obj</name>
      </input_file>
      <input_file id="fl-17">
         <path>./driverlib/MSP430F5xx_6xx/</path>
         <kind>object</kind>
         <file>comp_b.obj</file>
         <name>comp_b.obj</name>
      </input_file>
      <input_file id="fl-18">
         <path>./driverlib/MSP430F5xx_6xx/</path>
         <kind>object</kind>
         <file>crc.obj</file>
         <name>crc.obj</name>
      </input_file>
      <input_file id="fl-19">
         <path>./driverlib/MSP430F5xx_6xx/</path>
         <kind>object</kind>
         <file>ctsd16.obj</file>
         <name>ctsd16.obj</name>
      </input_file>
      <input_file id="fl-1a">
         <path>./driverlib/MSP430F5xx_6xx/</path>
         <kind>object</kind>
         <file>dac12_a.obj</file>
         <name>dac12_a.obj</name>
      </input_file>
      <input_file id="fl-1b">
         <path>./driverlib/MSP430F5xx_6xx/</path>
         <kind>object</kind>
         <file>dma.obj</file>
         <name>dma.obj</name>
      </input_file>
      <input_file id="fl-1c">
         <path>./driverlib/MSP430F5xx_6xx/</path>
         <kind>object</kind>
         <file>eusci_a_spi.obj</file>
         <name>eusci_a_spi.obj</name>
      </input_file>
      <input_file id="fl-1d">
         <path>./driverlib/MSP430F5xx_6xx/</path>
         <kind>object</kind>
         <file>eusci_a_uart.obj</file>
         <name>eusci_a_uart.obj</name>
      </input_file>
      <input_file id="fl-1e">
         <path>./driverlib/MSP430F5xx_6xx/</path>
         <kind>object</kind>
         <file>eusci_b_i2c.obj</file>
         <name>eusci_b_i2c.obj</name>
      </input_file>
      <input_file id="fl-1f">
         <path>./driverlib/MSP430F5xx_6xx/</path>
         <kind>object</kind>
         <file>eusci_b_spi.obj</file>
         <name>eusci_b_spi.obj</name>
      </input_file>
      <input_file id="fl-20">
         <path>./driverlib/MSP430F5xx_6xx/</path>
         <kind>object</kind>
         <file>flashctl.obj</file>
         <name>flashctl.obj</name>
      </input_file>
      <input_file id="fl-21">
         <path>./driverlib/MSP430F5xx_6xx/</path>
         <kind>object</kind>
         <file>gpio.obj</file>
         <name>gpio.obj</name>
      </input_file>
      <input_file id="fl-22">
         <path>./driverlib/MSP430F5xx_6xx/</path>
         <kind>object</kind>
         <file>lcd_b.obj</file>
         <name>lcd_b.obj</name>
      </input_file>
      <input_file id="fl-23">
         <path>./driverlib/MSP430F5xx_6xx/</path>
         <kind>object</kind>
         <file>ldopwr.obj</file>
         <name>ldopwr.obj</name>
      </input_file>
      <input_file id="fl-24">
         <path>./driverlib/MSP430F5xx_6xx/</path>
         <kind>object</kind>
         <file>mpy32.obj</file>
         <name>mpy32.obj</name>
      </input_file>
      <input_file id="fl-25">
         <path>./driverlib/MSP430F5xx_6xx/</path>
         <kind>object</kind>
         <file>oa.obj</file>
         <name>oa.obj</name>
      </input_file>
      <input_file id="fl-26">
         <path>./driverlib/MSP430F5xx_6xx/</path>
         <kind>object</kind>
         <file>pmap.obj</file>
         <name>pmap.obj</name>
      </input_file>
      <input_file id="fl-27">
         <path>./driverlib/MSP430F5xx_6xx/</path>
         <kind>object</kind>
         <file>pmm.obj</file>
         <name>pmm.obj</name>
      </input_file>
      <input_file id="fl-28">
         <path>./driverlib/MSP430F5xx_6xx/</path>
         <kind>object</kind>
         <file>ram.obj</file>
         <name>ram.obj</name>
      </input_file>
      <input_file id="fl-29">
         <path>./driverlib/MSP430F5xx_6xx/</path>
         <kind>object</kind>
         <file>ref.obj</file>
         <name>ref.obj</name>
      </input_file>
      <input_file id="fl-2a">
         <path>./driverlib/MSP430F5xx_6xx/</path>
         <kind>object</kind>
         <file>rtc_a.obj</file>
         <name>rtc_a.obj</name>
      </input_file>
      <input_file id="fl-2b">
         <path>./driverlib/MSP430F5xx_6xx/</path>
         <kind>object</kind>
         <file>rtc_b.obj</file>
         <name>rtc_b.obj</name>
      </input_file>
      <input_file id="fl-2c">
         <path>./driverlib/MSP430F5xx_6xx/</path>
         <kind>object</kind>
         <file>rtc_c.obj</file>
         <name>rtc_c.obj</name>
      </input_file>
      <input_file id="fl-2d">
         <path>./driverlib/MSP430F5xx_6xx/</path>
         <kind>object</kind>
         <file>sd24_b.obj</file>
         <name>sd24_b.obj</name>
      </input_file>
      <input_file id="fl-2e">
         <path>./driverlib/MSP430F5xx_6xx/</path>
         <kind>object</kind>
         <file>sfr.obj</file>
         <name>sfr.obj</name>
      </input_file>
      <input_file id="fl-2f">
         <path>./driverlib/MSP430F5xx_6xx/</path>
         <kind>object</kind>
         <file>sysctl.obj</file>
         <name>sysctl.obj</name>
      </input_file>
      <input_file id="fl-30">
         <path>./driverlib/MSP430F5xx_6xx/</path>
         <kind>object</kind>
         <file>tec.obj</file>
         <name>tec.obj</name>
      </input_file>
      <input_file id="fl-31">
         <path>./driverlib/MSP430F5xx_6xx/</path>
         <kind>object</kind>
         <file>timer_a.obj</file>
         <name>timer_a.obj</name>
      </input_file>
      <input_file id="fl-32">
         <path>./driverlib/MSP430F5xx_6xx/</path>
         <kind>object</kind>
         <file>timer_b.obj</file>
         <name>timer_b.obj</name>
      </input_file>
      <input_file id="fl-33">
         <path>./driverlib/MSP430F5xx_6xx/</path>
         <kind>object</kind>
         <file>timer_d.obj</file>
         <name>timer_d.obj</name>
      </input_file>
      <input_file id="fl-34">
         <path>./driverlib/MSP430F5xx_6xx/</path>
         <kind>object</kind>
         <file>tlv.obj</file>
         <name>tlv.obj</name>
      </input_file>
      <input_file id="fl-35">
         <path>./driverlib/MSP430F5xx_6xx/</path>
         <kind>object</kind>
         <file>ucs.obj</file>
         <name>ucs.obj</name>
      </input_file>
      <input_file id="fl-36">
         <path>./driverlib/MSP430F5xx_6xx/</path>
         <kind>object</kind>
         <file>usci_a_spi.obj</file>
         <name>usci_a_spi.obj</name>
      </input_file>
      <input_file id="fl-37">
         <path>./driverlib/MSP430F5xx_6xx/</path>
         <kind>object</kind>
         <file>usci_a_uart.obj</file>
         <name>usci_a_uart.obj</name>
      </input_file>
      <input_file id="fl-38">
         <path>./driverlib/MSP430F5xx_6xx/</path>
         <kind>object</kind>
         <file>usci_b_i2c.obj</file>
         <name>usci_b_i2c.obj</name>
      </input_file>
      <input_file id="fl-39">
         <path>./driverlib/MSP430F5xx_6xx/</path>
         <kind>object</kind>
         <file>usci_b_spi.obj</file>
         <name>usci_b_spi.obj</name>
      </input_file>
      <input_file id="fl-3a">
         <path>./driverlib/MSP430F5xx_6xx/</path>
         <kind>object</kind>
         <file>wdt_a.obj</file>
         <name>wdt_a.obj</name>
      </input_file>
      <input_file id="fl-57">
         <path>/Applications/ti/ccsv7/tools/compiler/ti-cgt-msp430_16.9.0.LTS/lib/</path>
         <kind>archive</kind>
         <file>rts430x_lc_sd_eabi.lib</file>
         <name>boot.obj</name>
      </input_file>
      <input_file id="fl-58">
         <path>/Applications/ti/ccsv7/tools/compiler/ti-cgt-msp430_16.9.0.LTS/lib/</path>
         <kind>archive</kind>
         <file>rts430x_lc_sd_eabi.lib</file>
         <name>boot_special.obj</name>
      </input_file>
      <input_file id="fl-59">
         <path>/Applications/ti/ccsv7/tools/compiler/ti-cgt-msp430_16.9.0.LTS/lib/</path>
         <kind>archive</kind>
         <file>rts430x_lc_sd_eabi.lib</file>
         <name>copy_decompress_lzss.obj</name>
      </input_file>
      <input_file id="fl-5a">
         <path>/Applications/ti/ccsv7/tools/compiler/ti-cgt-msp430_16.9.0.LTS/lib/</path>
         <kind>archive</kind>
         <file>rts430x_lc_sd_eabi.lib</file>
         <name>copy_decompress_none.obj</name>
      </input_file>
      <input_file id="fl-5b">
         <path>/Applications/ti/ccsv7/tools/compiler/ti-cgt-msp430_16.9.0.LTS/lib/</path>
         <kind>archive</kind>
         <file>rts430x_lc_sd_eabi.lib</file>
         <name>copy_zero_init.obj</name>
      </input_file>
      <input_file id="fl-5c">
         <path>/Applications/ti/ccsv7/tools/compiler/ti-cgt-msp430_16.9.0.LTS/lib/</path>
         <kind>archive</kind>
         <file>rts430x_lc_sd_eabi.lib</file>
         <name>cpy_util.obj</name>
      </input_file>
      <input_file id="fl-5d">
         <path>/Applications/ti/ccsv7/tools/compiler/ti-cgt-msp430_16.9.0.LTS/lib/</path>
         <kind>archive</kind>
         <file>rts430x_lc_sd_eabi.lib</file>
         <name>div16s.obj</name>
      </input_file>
      <input_file id="fl-5e">
         <path>/Applications/ti/ccsv7/tools/compiler/ti-cgt-msp430_16.9.0.LTS/lib/</path>
         <kind>archive</kind>
         <file>rts430x_lc_sd_eabi.lib</file>
         <name>div16u.obj</name>
      </input_file>
      <input_file id="fl-5f">
         <path>/Applications/ti/ccsv7/tools/compiler/ti-cgt-msp430_16.9.0.LTS/lib/</path>
         <kind>archive</kind>
         <file>rts430x_lc_sd_eabi.lib</file>
         <name>div32s.obj</name>
      </input_file>
      <input_file id="fl-60">
         <path>/Applications/ti/ccsv7/tools/compiler/ti-cgt-msp430_16.9.0.LTS/lib/</path>
         <kind>archive</kind>
         <file>rts430x_lc_sd_eabi.lib</file>
         <name>div32u.obj</name>
      </input_file>
      <input_file id="fl-61">
         <path>/Applications/ti/ccsv7/tools/compiler/ti-cgt-msp430_16.9.0.LTS/lib/</path>
         <kind>archive</kind>
         <file>rts430x_lc_sd_eabi.lib</file>
         <name>exit.obj</name>
      </input_file>
      <input_file id="fl-62">
         <path>/Applications/ti/ccsv7/tools/compiler/ti-cgt-msp430_16.9.0.LTS/lib/</path>
         <kind>archive</kind>
         <file>rts430x_lc_sd_eabi.lib</file>
         <name>exit_gvars.obj</name>
      </input_file>
      <input_file id="fl-63">
         <path>/Applications/ti/ccsv7/tools/compiler/ti-cgt-msp430_16.9.0.LTS/lib/</path>
         <kind>archive</kind>
         <file>rts430x_lc_sd_eabi.lib</file>
         <name>int41.obj</name>
      </input_file>
      <input_file id="fl-64">
         <path>/Applications/ti/ccsv7/tools/compiler/ti-cgt-msp430_16.9.0.LTS/lib/</path>
         <kind>archive</kind>
         <file>rts430x_lc_sd_eabi.lib</file>
         <name>int42.obj</name>
      </input_file>
      <input_file id="fl-65">
         <path>/Applications/ti/ccsv7/tools/compiler/ti-cgt-msp430_16.9.0.LTS/lib/</path>
         <kind>archive</kind>
         <file>rts430x_lc_sd_eabi.lib</file>
         <name>int43.obj</name>
      </input_file>
      <input_file id="fl-66">
         <path>/Applications/ti/ccsv7/tools/compiler/ti-cgt-msp430_16.9.0.LTS/lib/</path>
         <kind>archive</kind>
         <file>rts430x_lc_sd_eabi.lib</file>
         <name>int44.obj</name>
      </input_file>
      <input_file id="fl-67">
         <path>/Applications/ti/ccsv7/tools/compiler/ti-cgt-msp430_16.9.0.LTS/lib/</path>
         <kind>archive</kind>
         <file>rts430x_lc_sd_eabi.lib</file>
         <name>int45.obj</name>
      </input_file>
      <input_file id="fl-68">
         <path>/Applications/ti/ccsv7/tools/compiler/ti-cgt-msp430_16.9.0.LTS/lib/</path>
         <kind>archive</kind>
         <file>rts430x_lc_sd_eabi.lib</file>
         <name>int46.obj</name>
      </input_file>
      <input_file id="fl-69">
         <path>/Applications/ti/ccsv7/tools/compiler/ti-cgt-msp430_16.9.0.LTS/lib/</path>
         <kind>archive</kind>
         <file>rts430x_lc_sd_eabi.lib</file>
         <name>int47.obj</name>
      </input_file>
      <input_file id="fl-6a">
         <path>/Applications/ti/ccsv7/tools/compiler/ti-cgt-msp430_16.9.0.LTS/lib/</path>
         <kind>archive</kind>
         <file>rts430x_lc_sd_eabi.lib</file>
         <name>int48.obj</name>
      </input_file>
      <input_file id="fl-6b">
         <path>/Applications/ti/ccsv7/tools/compiler/ti-cgt-msp430_16.9.0.LTS/lib/</path>
         <kind>archive</kind>
         <file>rts430x_lc_sd_eabi.lib</file>
         <name>int49.obj</name>
      </input_file>
      <input_file id="fl-6c">
         <path>/Applications/ti/ccsv7/tools/compiler/ti-cgt-msp430_16.9.0.LTS/lib/</path>
         <kind>archive</kind>
         <file>rts430x_lc_sd_eabi.lib</file>
         <name>int50.obj</name>
      </input_file>
      <input_file id="fl-6d">
         <path>/Applications/ti/ccsv7/tools/compiler/ti-cgt-msp430_16.9.0.LTS/lib/</path>
         <kind>archive</kind>
         <file>rts430x_lc_sd_eabi.lib</file>
         <name>int52.obj</name>
      </input_file>
      <input_file id="fl-6e">
         <path>/Applications/ti/ccsv7/tools/compiler/ti-cgt-msp430_16.9.0.LTS/lib/</path>
         <kind>archive</kind>
         <file>rts430x_lc_sd_eabi.lib</file>
         <name>int54.obj</name>
      </input_file>
      <input_file id="fl-6f">
         <path>/Applications/ti/ccsv7/tools/compiler/ti-cgt-msp430_16.9.0.LTS/lib/</path>
         <kind>archive</kind>
         <file>rts430x_lc_sd_eabi.lib</file>
         <name>int55.obj</name>
      </input_file>
      <input_file id="fl-70">
         <path>/Applications/ti/ccsv7/tools/compiler/ti-cgt-msp430_16.9.0.LTS/lib/</path>
         <kind>archive</kind>
         <file>rts430x_lc_sd_eabi.lib</file>
         <name>int56.obj</name>
      </input_file>
      <input_file id="fl-71">
         <path>/Applications/ti/ccsv7/tools/compiler/ti-cgt-msp430_16.9.0.LTS/lib/</path>
         <kind>archive</kind>
         <file>rts430x_lc_sd_eabi.lib</file>
         <name>int57.obj</name>
      </input_file>
      <input_file id="fl-72">
         <path>/Applications/ti/ccsv7/tools/compiler/ti-cgt-msp430_16.9.0.LTS/lib/</path>
         <kind>archive</kind>
         <file>rts430x_lc_sd_eabi.lib</file>
         <name>int58.obj</name>
      </input_file>
      <input_file id="fl-73">
         <path>/Applications/ti/ccsv7/tools/compiler/ti-cgt-msp430_16.9.0.LTS/lib/</path>
         <kind>archive</kind>
         <file>rts430x_lc_sd_eabi.lib</file>
         <name>int59.obj</name>
      </input_file>
      <input_file id="fl-74">
         <path>/Applications/ti/ccsv7/tools/compiler/ti-cgt-msp430_16.9.0.LTS/lib/</path>
         <kind>archive</kind>
         <file>rts430x_lc_sd_eabi.lib</file>
         <name>int60.obj</name>
      </input_file>
      <input_file id="fl-75">
         <path>/Applications/ti/ccsv7/tools/compiler/ti-cgt-msp430_16.9.0.LTS/lib/</path>
         <kind>archive</kind>
         <file>rts430x_lc_sd_eabi.lib</file>
         <name>int62.obj</name>
      </input_file>
      <input_file id="fl-76">
         <path>/Applications/ti/ccsv7/tools/compiler/ti-cgt-msp430_16.9.0.LTS/lib/</path>
         <kind>archive</kind>
         <file>rts430x_lc_sd_eabi.lib</file>
         <name>isr_trap.obj</name>
      </input_file>
      <input_file id="fl-77">
         <path>/Applications/ti/ccsv7/tools/compiler/ti-cgt-msp430_16.9.0.LTS/lib/</path>
         <kind>archive</kind>
         <file>rts430x_lc_sd_eabi.lib</file>
         <name>lsl16.obj</name>
      </input_file>
      <input_file id="fl-78">
         <path>/Applications/ti/ccsv7/tools/compiler/ti-cgt-msp430_16.9.0.LTS/lib/</path>
         <kind>archive</kind>
         <file>rts430x_lc_sd_eabi.lib</file>
         <name>lsr16.obj</name>
      </input_file>
      <input_file id="fl-79">
         <path>/Applications/ti/ccsv7/tools/compiler/ti-cgt-msp430_16.9.0.LTS/lib/</path>
         <kind>archive</kind>
         <file>rts430x_lc_sd_eabi.lib</file>
         <name>lsr32.obj</name>
      </input_file>
      <input_file id="fl-7a">
         <path>/Applications/ti/ccsv7/tools/compiler/ti-cgt-msp430_16.9.0.LTS/lib/</path>
         <kind>archive</kind>
         <file>rts430x_lc_sd_eabi.lib</file>
         <name>memcpy.obj</name>
      </input_file>
      <input_file id="fl-7b">
         <path>/Applications/ti/ccsv7/tools/compiler/ti-cgt-msp430_16.9.0.LTS/lib/</path>
         <kind>archive</kind>
         <file>rts430x_lc_sd_eabi.lib</file>
         <name>memset.obj</name>
      </input_file>
      <input_file id="fl-7c">
         <path>/Applications/ti/ccsv7/tools/compiler/ti-cgt-msp430_16.9.0.LTS/lib/</path>
         <kind>archive</kind>
         <file>rts430x_lc_sd_eabi.lib</file>
         <name>mpu_init.obj</name>
      </input_file>
      <input_file id="fl-7d">
         <path>/Applications/ti/ccsv7/tools/compiler/ti-cgt-msp430_16.9.0.LTS/lib/</path>
         <kind>archive</kind>
         <file>rts430x_lc_sd_eabi.lib</file>
         <name>mult16.obj</name>
      </input_file>
      <input_file id="fl-7e">
         <path>/Applications/ti/ccsv7/tools/compiler/ti-cgt-msp430_16.9.0.LTS/lib/</path>
         <kind>archive</kind>
         <file>rts430x_lc_sd_eabi.lib</file>
         <name>mult1632_f5hw.obj</name>
      </input_file>
      <input_file id="fl-7f">
         <path>/Applications/ti/ccsv7/tools/compiler/ti-cgt-msp430_16.9.0.LTS/lib/</path>
         <kind>archive</kind>
         <file>rts430x_lc_sd_eabi.lib</file>
         <name>mult16_f5hw.obj</name>
      </input_file>
      <input_file id="fl-80">
         <path>/Applications/ti/ccsv7/tools/compiler/ti-cgt-msp430_16.9.0.LTS/lib/</path>
         <kind>archive</kind>
         <file>rts430x_lc_sd_eabi.lib</file>
         <name>mult32.obj</name>
      </input_file>
      <input_file id="fl-81">
         <path>/Applications/ti/ccsv7/tools/compiler/ti-cgt-msp430_16.9.0.LTS/lib/</path>
         <kind>archive</kind>
         <file>rts430x_lc_sd_eabi.lib</file>
         <name>mult3264_f5hw.obj</name>
      </input_file>
      <input_file id="fl-82">
         <path>/Applications/ti/ccsv7/tools/compiler/ti-cgt-msp430_16.9.0.LTS/lib/</path>
         <kind>archive</kind>
         <file>rts430x_lc_sd_eabi.lib</file>
         <name>mult32_f5hw.obj</name>
      </input_file>
      <input_file id="fl-83">
         <path>/Applications/ti/ccsv7/tools/compiler/ti-cgt-msp430_16.9.0.LTS/lib/</path>
         <kind>archive</kind>
         <file>rts430x_lc_sd_eabi.lib</file>
         <name>mult64_f5hw.obj</name>
      </input_file>
      <input_file id="fl-84">
         <path>/Applications/ti/ccsv7/tools/compiler/ti-cgt-msp430_16.9.0.LTS/lib/</path>
         <kind>archive</kind>
         <file>rts430x_lc_sd_eabi.lib</file>
         <name>_lock.obj</name>
      </input_file>
      <input_file id="fl-85">
         <path>/Applications/ti/ccsv7/tools/compiler/ti-cgt-msp430_16.9.0.LTS/lib/</path>
         <kind>archive</kind>
         <file>rts430x_lc_sd_eabi.lib</file>
         <name>args_main.obj</name>
      </input_file>
      <input_file id="fl-86">
         <path>/Applications/ti/ccsv7/tools/compiler/ti-cgt-msp430_16.9.0.LTS/lib/</path>
         <kind>archive</kind>
         <file>rts430x_lc_sd_eabi.lib</file>
         <name>autoinit_wdt.obj</name>
      </input_file>
      <input_file id="fl-87">
         <path>/Applications/ti/ccsv7/tools/compiler/ti-cgt-msp430_16.9.0.LTS/lib/</path>
         <kind>archive</kind>
         <file>rts430x_lc_sd_eabi.lib</file>
         <name>cpy_tbl.obj</name>
      </input_file>
      <input_file id="fl-88">
         <path>/Applications/ti/ccsv7/tools/compiler/ti-cgt-msp430_16.9.0.LTS/lib/</path>
         <kind>archive</kind>
         <file>rts430x_lc_sd_eabi.lib</file>
         <name>startup.obj</name>
      </input_file>
   </input_file_list>
   <object_component_list>
      <object_component id="oc-637">
         <name>.bss:CdcControl</name>
         <uninitialized>true</uninitialized>
         <run_address>0x243c</run_address>
         <size>0x8</size>
         <input_file_ref idref="fl-6"/>
      </object_component>
      <object_component id="oc-558">
         <name>.bss</name>
         <uninitialized>true</uninitialized>
         <run_address>0x2454</run_address>
         <size>0x7</size>
         <input_file_ref idref="fl-7"/>
      </object_component>
      <object_component id="oc-581">
         <name>.common:CdcWriteCtrl</name>
         <uninitialized>true</uninitialized>
         <run_address>0x2432</run_address>
         <size>0xa</size>
      </object_component>
      <object_component id="oc-504">
         <name>.common:CdcReadCtrl</name>
         <uninitialized>true</uninitialized>
         <run_address>0x2422</run_address>
         <size>0x10</size>
      </object_component>
      <object_component id="oc-55b">
         <name>.common:wBytesRemainingOnIEP0</name>
         <uninitialized>true</uninitialized>
         <run_address>0x2464</run_address>
         <size>0x2</size>
      </object_component>
      <object_component id="oc-55c">
         <name>.common:wBytesRemainingOnOEP0</name>
         <uninitialized>true</uninitialized>
         <run_address>0x2466</run_address>
         <size>0x2</size>
      </object_component>
      <object_component id="oc-4fc">
         <name>.common:abUsbRequestReturnData</name>
         <uninitialized>true</uninitialized>
         <run_address>0x244c</run_address>
         <size>0x8</size>
      </object_component>
      <object_component id="oc-652">
         <name>.common:abUsbRequestIncomingData</name>
         <uninitialized>true</uninitialized>
         <run_address>0x2444</run_address>
         <size>0x8</size>
      </object_component>
      <object_component id="oc-708">
         <name>.common:abramSerialStringDescriptor</name>
         <uninitialized>true</uninitialized>
         <run_address>0x2400</run_address>
         <size>0x22</size>
      </object_component>
      <object_component id="oc-4fb">
         <name>.common:bStatusAction</name>
         <uninitialized>true</uninitialized>
         <run_address>0x245b</run_address>
         <size>0x1</size>
      </object_component>
      <object_component id="oc-421">
         <name>.common:wUsbEventMask</name>
         <uninitialized>true</uninitialized>
         <run_address>0x2468</run_address>
         <size>0x2</size>
      </object_component>
      <object_component id="oc-588">
         <name>.common:USB_TX_memcpy</name>
         <uninitialized>true</uninitialized>
         <run_address>0x2460</run_address>
         <size>0x4</size>
      </object_component>
      <object_component id="oc-61f">
         <name>.common:USB_RX_memcpy</name>
         <uninitialized>true</uninitialized>
         <run_address>0x245c</run_address>
         <size>0x4</size>
      </object_component>
      <object_component id="oc-485">
         <name>.data</name>
         <load_address>0x2470</load_address>
         <run_address>0x2470</run_address>
         <size>0x4</size>
         <input_file_ref idref="fl-4"/>
      </object_component>
      <object_component id="oc-51b">
         <name>.data</name>
         <load_address>0x246a</load_address>
         <run_address>0x246a</run_address>
         <size>0x6</size>
         <input_file_ref idref="fl-7"/>
      </object_component>
      <object_component id="oc-398">
         <name>.stack</name>
         <uninitialized>true</uninitialized>
         <run_address>0x3360</run_address>
         <size>0x2</size>
         <input_file_ref idref="fl-57"/>
      </object_component>
      <object_component id="oc-826">
         <name>.stack</name>
         <uninitialized>true</uninitialized>
         <run_address>0x3360</run_address>
         <size>0x0</size>
      </object_component>
      <object_component id="oc-472">
         <name>.text:CdcToHostFromBuffer</name>
         <load_address>0xa000</load_address>
         <run_address>0xa000</run_address>
         <size>0x144</size>
         <input_file_ref idref="fl-6"/>
      </object_component>
      <object_component id="oc-448">
         <name>.text:USB_reset</name>
         <load_address>0xa144</load_address>
         <run_address>0xa144</run_address>
         <size>0x142</size>
         <input_file_ref idref="fl-7"/>
      </object_component>
      <object_component id="oc-3f0">
         <name>.text:main</name>
         <load_address>0xa286</load_address>
         <run_address>0xa286</run_address>
         <size>0x136</size>
         <input_file_ref idref="fl-4"/>
      </object_component>
      <object_component id="oc-3b8">
         <name>.text:_isr:iUsbInterruptHandler</name>
         <load_address>0xa3bc</load_address>
         <run_address>0xa3bc</run_address>
         <size>0x12a</size>
         <input_file_ref idref="fl-11"/>
      </object_component>
      <object_component id="oc-42a">
         <name>.text:CdcToBufferFromHost</name>
         <load_address>0xa4e6</load_address>
         <run_address>0xa4e6</run_address>
         <size>0xfc</size>
         <input_file_ref idref="fl-6"/>
      </object_component>
      <object_component id="oc-6c">
         <name>.text:decompress:lzss:__TI_decompress_lzss</name>
         <load_address>0xa5e2</load_address>
         <run_address>0xa5e2</run_address>
         <size>0xee</size>
         <input_file_ref idref="fl-59"/>
      </object_component>
      <object_component id="oc-54e">
         <name>.text:USB_enable</name>
         <load_address>0xa6d0</load_address>
         <run_address>0xa6d0</run_address>
         <size>0xce</size>
         <input_file_ref idref="fl-7"/>
      </object_component>
      <object_component id="oc-5e2">
         <name>.text:PMM_setVCoreUp</name>
         <load_address>0xa79e</load_address>
         <run_address>0xa79e</run_address>
         <size>0xcc</size>
         <input_file_ref idref="fl-27"/>
      </object_component>
      <object_component id="oc-4a2">
         <name>.text:copy_in</name>
         <load_address>0xa86a</load_address>
         <run_address>0xa86a</run_address>
         <size>0xb2</size>
         <input_file_ref idref="fl-87"/>
      </object_component>
      <object_component id="oc-672">
         <name>.text:USB_InitSerialStringDescriptor</name>
         <load_address>0xa91c</load_address>
         <run_address>0xa91c</run_address>
         <size>0xb0</size>
         <input_file_ref idref="fl-7"/>
      </object_component>
      <object_component id="oc-565">
         <name>.text:USB_determineFreq</name>
         <load_address>0xa9cc</load_address>
         <run_address>0xa9cc</run_address>
         <size>0xae</size>
         <input_file_ref idref="fl-7"/>
      </object_component>
      <object_component id="oc-4f3">
         <name>.text:USB_getConnectionState</name>
         <load_address>0xaa7a</load_address>
         <run_address>0xaa7a</run_address>
         <size>0x96</size>
         <input_file_ref idref="fl-7"/>
      </object_component>
      <object_component id="oc-3d6">
         <name>.text:_auto_init_hold_wdt</name>
         <load_address>0xab10</load_address>
         <run_address>0xab10</run_address>
         <size>0x96</size>
         <input_file_ref idref="fl-86"/>
      </object_component>
      <object_component id="oc-5dc">
         <name>.text:PMM_setVCoreDown</name>
         <load_address>0xaba6</load_address>
         <run_address>0xaba6</run_address>
         <size>0x94</size>
         <input_file_ref idref="fl-27"/>
      </object_component>
      <object_component id="oc-4cf">
         <name>.text:CC_SPI_Init_v</name>
         <load_address>0xac3a</load_address>
         <run_address>0xac3a</run_address>
         <size>0x8c</size>
         <input_file_ref idref="fl-2"/>
      </object_component>
      <object_component id="oc-4fd">
         <name>.text:usbDecodeAndProcessUsbRequest</name>
         <load_address>0xacc6</load_address>
         <run_address>0xacc6</run_address>
         <size>0x86</size>
         <input_file_ref idref="fl-7"/>
      </object_component>
      <object_component id="oc-5ea">
         <name>.text:USB_init</name>
         <load_address>0xad4c</load_address>
         <run_address>0xad4c</run_address>
         <size>0x80</size>
         <input_file_ref idref="fl-7"/>
      </object_component>
      <object_component id="oc-592">
         <name>.text:Handler_SetLineCoding</name>
         <load_address>0xadcc</load_address>
         <run_address>0xadcc</run_address>
         <size>0x7a</size>
         <input_file_ref idref="fl-6"/>
      </object_component>
      <object_component id="oc-41b">
         <name>.text:USBCDC_getBytesInUSBBuffer</name>
         <load_address>0xae46</load_address>
         <run_address>0xae46</run_address>
         <size>0x78</size>
         <input_file_ref idref="fl-6"/>
      </object_component>
      <object_component id="oc-680">
         <name>.text:usbGetLineCoding</name>
         <load_address>0xaebe</load_address>
         <run_address>0xaebe</run_address>
         <size>0x70</size>
         <input_file_ref idref="fl-6"/>
      </object_component>
      <object_component id="oc-599">
         <name>.text:usbSendNextPacketOnIEP0</name>
         <load_address>0xaf2e</load_address>
         <run_address>0xaf2e</run_address>
         <size>0x70</size>
         <input_file_ref idref="fl-7"/>
      </object_component>
      <object_component id="oc-454">
         <name>.text:PWRVBUSoffHandler</name>
         <load_address>0xaf9e</load_address>
         <run_address>0xaf9e</run_address>
         <size>0x6a</size>
         <input_file_ref idref="fl-11"/>
      </object_component>
      <object_component id="oc-6c8">
         <name>.text:usbGetEndpointStatus</name>
         <load_address>0xb008</load_address>
         <run_address>0xb008</run_address>
         <size>0x6a</size>
         <input_file_ref idref="fl-7"/>
      </object_component>
      <object_component id="oc-541">
         <name>.text:CopyUsbToBuff</name>
         <load_address>0xb072</load_address>
         <run_address>0xb072</run_address>
         <size>0x60</size>
         <input_file_ref idref="fl-6"/>
      </object_component>
      <object_component id="oc-460">
         <name>.text:PWRVBUSonHandler</name>
         <load_address>0xb0d2</load_address>
         <run_address>0xb0d2</run_address>
         <size>0x5e</size>
         <input_file_ref idref="fl-11"/>
      </object_component>
      <object_component id="oc-678">
         <name>.text:USB_initMemcpy</name>
         <load_address>0xb130</load_address>
         <run_address>0xb130</run_address>
         <size>0x5c</size>
         <input_file_ref idref="fl-8"/>
      </object_component>
      <object_component id="oc-71f">
         <name>.text:memcpyDMA</name>
         <load_address>0xb18c</load_address>
         <run_address>0xb18c</run_address>
         <size>0x5a</size>
         <input_file_ref idref="fl-8"/>
      </object_component>
      <object_component id="oc-698">
         <name>.text:usbClearEndpointFeature</name>
         <load_address>0xb1e6</load_address>
         <run_address>0xb1e6</run_address>
         <size>0x5a</size>
         <input_file_ref idref="fl-7"/>
      </object_component>
      <object_component id="oc-719">
         <name>.text:DMA_init</name>
         <load_address>0xb240</load_address>
         <run_address>0xb240</run_address>
         <size>0x56</size>
         <input_file_ref idref="fl-1b"/>
      </object_component>
      <object_component id="oc-3be">
         <name>.text:_isr:TIMER0_A0_ISR</name>
         <load_address>0xb296</load_address>
         <run_address>0xb296</run_address>
         <size>0x52</size>
         <input_file_ref idref="fl-4"/>
      </object_component>
      <object_component id="oc-6e0">
         <name>.text:usbSetEndpointFeature</name>
         <load_address>0xb2e8</load_address>
         <run_address>0xb2e8</run_address>
         <size>0x52</size>
         <input_file_ref idref="fl-7"/>
      </object_component>
      <object_component id="oc-6b0">
         <name>.text:usbGetStringDescriptor</name>
         <load_address>0xb33a</load_address>
         <run_address>0xb33a</run_address>
         <size>0x4e</size>
         <input_file_ref idref="fl-7"/>
      </object_component>
      <object_component id="oc-4e7">
         <name>.text:InitClock_v</name>
         <load_address>0xb388</load_address>
         <run_address>0xb388</run_address>
         <size>0x4a</size>
         <input_file_ref idref="fl-4"/>
      </object_component>
      <object_component id="oc-4e1">
         <name>.text:PMM_setVCore</name>
         <load_address>0xb3d2</load_address>
         <run_address>0xb3d2</run_address>
         <size>0x4a</size>
         <input_file_ref idref="fl-27"/>
      </object_component>
      <object_component id="oc-4ed">
         <name>.text:USB_setup</name>
         <load_address>0xb41c</load_address>
         <run_address>0xb41c</run_address>
         <size>0x4a</size>
         <input_file_ref idref="fl-7"/>
      </object_component>
      <object_component id="oc-58c">
         <name>.text:usbReceiveNextPacketOnOEP0</name>
         <load_address>0xb466</load_address>
         <run_address>0xb466</run_address>
         <size>0x4a</size>
         <input_file_ref idref="fl-7"/>
      </object_component>
      <object_component id="oc-40f">
         <name>.text:SetupPacketInterruptHandler</name>
         <load_address>0xb4b0</load_address>
         <run_address>0xb4b0</run_address>
         <size>0x48</size>
         <input_file_ref idref="fl-11"/>
      </object_component>
      <object_component id="oc-709">
         <name>.text:TLV_getInfo</name>
         <load_address>0xb4f8</load_address>
         <run_address>0xb4f8</run_address>
         <size>0x48</size>
         <input_file_ref idref="fl-34"/>
      </object_component>
      <object_component id="oc-3a7">
         <name>.text:__memcpy_far</name>
         <load_address>0xb540</load_address>
         <run_address>0xb540</run_address>
         <size>0x40</size>
         <input_file_ref idref="fl-5c"/>
      </object_component>
      <object_component id="oc-3c4">
         <name>.text:_isr:UNMI_ISR</name>
         <load_address>0xb580</load_address>
         <run_address>0xb580</run_address>
         <size>0x3e</size>
         <input_file_ref idref="fl-4"/>
      </object_component>
      <object_component id="oc-8e">
         <name>.text:decompress:ZI:__TI_zero_init</name>
         <load_address>0xb5be</load_address>
         <run_address>0xb5be</run_address>
         <size>0x3e</size>
         <input_file_ref idref="fl-5b"/>
      </object_component>
      <object_component id="oc-72">
         <name>.text:decompress:none:__TI_decompress_none</name>
         <load_address>0xb5fc</load_address>
         <run_address>0xb5fc</run_address>
         <size>0x3c</size>
         <input_file_ref idref="fl-5a"/>
      </object_component>
      <object_component id="oc-478">
         <name>.text:OEP0InterruptHandler</name>
         <load_address>0xb638</load_address>
         <run_address>0xb638</run_address>
         <size>0x38</size>
         <input_file_ref idref="fl-11"/>
      </object_component>
      <object_component id="oc-6ce">
         <name>.text:usbSetAddress</name>
         <load_address>0xb670</load_address>
         <run_address>0xb670</run_address>
         <size>0x34</size>
         <input_file_ref idref="fl-7"/>
      </object_component>
      <object_component id="oc-5f0">
         <name>.text:USB_getConnectionInformation</name>
         <load_address>0xb6a4</load_address>
         <run_address>0xb6a4</run_address>
         <size>0x32</size>
         <input_file_ref idref="fl-7"/>
      </object_component>
      <object_component id="oc-6d4">
         <name>.text:usbSetConfiguration</name>
         <load_address>0xb6d6</load_address>
         <run_address>0xb6d6</run_address>
         <size>0x30</size>
         <input_file_ref idref="fl-7"/>
      </object_component>
      <object_component id="oc-55d">
         <name>.text:CdcResetData</name>
         <load_address>0xb706</load_address>
         <run_address>0xb706</run_address>
         <size>0x2e</size>
         <input_file_ref idref="fl-6"/>
      </object_component>
      <object_component id="oc-43c">
         <name>.text:USB_suspend</name>
         <load_address>0xb734</load_address>
         <run_address>0xb734</run_address>
         <size>0x2c</size>
         <input_file_ref idref="fl-7"/>
      </object_component>
      <object_component id="oc-628">
         <name>.text:UCS_bypassXT2WithTimeout</name>
         <load_address>0xb760</load_address>
         <run_address>0xb760</run_address>
         <size>0x2a</size>
         <input_file_ref idref="fl-35"/>
      </object_component>
      <object_component id="oc-6bc">
         <name>.text:usbGetDeviceStatus</name>
         <load_address>0xb78a</load_address>
         <run_address>0xb78a</run_address>
         <size>0x2a</size>
         <input_file_ref idref="fl-7"/>
      </object_component>
      <object_component id="oc-779">
         <name>.text:DMA_setDstAddress</name>
         <load_address>0xb7b4</load_address>
         <run_address>0xb7b4</run_address>
         <size>0x26</size>
         <input_file_ref idref="fl-1b"/>
      </object_component>
      <object_component id="oc-773">
         <name>.text:DMA_setSrcAddress</name>
         <load_address>0xb7da</load_address>
         <run_address>0xb7da</run_address>
         <size>0x24</size>
         <input_file_ref idref="fl-1b"/>
      </object_component>
      <object_component id="oc-692">
         <name>.text:usbClearDeviceFeature</name>
         <load_address>0xb7fe</load_address>
         <run_address>0xb7fe</run_address>
         <size>0x24</size>
         <input_file_ref idref="fl-7"/>
      </object_component>
      <object_component id="oc-6da">
         <name>.text:usbSetDeviceFeature</name>
         <load_address>0xb822</load_address>
         <run_address>0xb822</run_address>
         <size>0x24</size>
         <input_file_ref idref="fl-7"/>
      </object_component>
      <object_component id="oc-489">
         <name>.text:USB_disable</name>
         <load_address>0xb846</load_address>
         <run_address>0xb846</run_address>
         <size>0x22</size>
         <input_file_ref idref="fl-7"/>
      </object_component>
      <object_component id="oc-726">
         <name>.text:usbSendDataPacketOnEP0</name>
         <load_address>0xb868</load_address>
         <run_address>0xb868</run_address>
         <size>0x20</size>
         <input_file_ref idref="fl-7"/>
      </object_component>
      <object_component id="oc-6b6">
         <name>.text:usbGetInterface</name>
         <load_address>0xb888</load_address>
         <run_address>0xb888</run_address>
         <size>0x1e</size>
         <input_file_ref idref="fl-7"/>
      </object_component>
      <object_component id="oc-6c2">
         <name>.text:usbGetInterfaceStatus</name>
         <load_address>0xb8a6</load_address>
         <run_address>0xb8a6</run_address>
         <size>0x1e</size>
         <input_file_ref idref="fl-7"/>
      </object_component>
      <object_component id="oc-47e">
         <name>.text:IEP0InterruptHandler</name>
         <load_address>0xb8c4</load_address>
         <run_address>0xb8c4</run_address>
         <size>0x1c</size>
         <input_file_ref idref="fl-11"/>
      </object_component>
      <object_component id="oc-515">
         <name>.text:usbDisableOutEndpointInterrupt</name>
         <load_address>0xb8e0</load_address>
         <run_address>0xb8e0</run_address>
         <size>0x1c</size>
         <input_file_ref idref="fl-7"/>
      </object_component>
      <object_component id="oc-622">
         <name>.text:GPIO_setAsPeripheralModuleFunctionOutputPin</name>
         <load_address>0xb8fc</load_address>
         <run_address>0xb8fc</run_address>
         <size>0x1a</size>
         <input_file_ref idref="fl-21"/>
      </object_component>
      <object_component id="oc-574">
         <name>.text:USB_connect</name>
         <load_address>0xb916</load_address>
         <run_address>0xb916</run_address>
         <size>0x1a</size>
         <input_file_ref idref="fl-7"/>
      </object_component>
      <object_component id="oc-ac">
         <name>.text:_isr:_c_int00_noargs_noexit</name>
         <load_address>0xb930</load_address>
         <run_address>0xb930</run_address>
         <size>0x1a</size>
         <input_file_ref idref="fl-58"/>
      </object_component>
      <object_component id="oc-713">
         <name>.text:memcpyV</name>
         <load_address>0xb94a</load_address>
         <run_address>0xb94a</run_address>
         <size>0x1a</size>
         <input_file_ref idref="fl-8"/>
      </object_component>
      <object_component id="oc-6e6">
         <name>.text:usbSetInterface</name>
         <load_address>0xb964</load_address>
         <run_address>0xb964</run_address>
         <size>0x1a</size>
         <input_file_ref idref="fl-7"/>
      </object_component>
      <object_component id="oc-430">
         <name>.text:USB_resume</name>
         <load_address>0xb97e</load_address>
         <run_address>0xb97e</run_address>
         <size>0x18</size>
         <input_file_ref idref="fl-7"/>
      </object_component>
      <object_component id="oc-4c9">
         <name>.text:WDT_A_hold</name>
         <load_address>0xb996</load_address>
         <run_address>0xb996</run_address>
         <size>0x18</size>
         <input_file_ref idref="fl-3a"/>
      </object_component>
      <object_component id="oc-57c">
         <name>.text</name>
         <load_address>0xb9ae</load_address>
         <run_address>0xb9ae</run_address>
         <size>0x18</size>
         <input_file_ref idref="fl-7f"/>
      </object_component>
      <object_component id="oc-63b">
         <name>.text</name>
         <load_address>0xb9c6</load_address>
         <run_address>0xb9c6</run_address>
         <size>0x16</size>
         <input_file_ref idref="fl-5e"/>
      </object_component>
      <object_component id="oc-6aa">
         <name>.text:usbGetConfigurationDescriptor</name>
         <load_address>0xb9dc</load_address>
         <run_address>0xb9dc</run_address>
         <size>0x16</size>
         <input_file_ref idref="fl-7"/>
      </object_component>
      <object_component id="oc-6a4">
         <name>.text:usbGetDeviceDescriptor</name>
         <load_address>0xb9f2</load_address>
         <run_address>0xb9f2</run_address>
         <size>0x16</size>
         <input_file_ref idref="fl-7"/>
      </object_component>
      <object_component id="oc-466">
         <name>.text:USB_handleVbusOnEvent</name>
         <load_address>0xba08</load_address>
         <run_address>0xba08</run_address>
         <size>0x14</size>
         <input_file_ref idref="fl-10"/>
      </object_component>
      <object_component id="oc-631">
         <name>.text:memset</name>
         <load_address>0xba1c</load_address>
         <run_address>0xba1c</run_address>
         <size>0x14</size>
         <input_file_ref idref="fl-7b"/>
      </object_component>
      <object_component id="oc-69e">
         <name>.text:usbGetConfiguration</name>
         <load_address>0xba30</load_address>
         <run_address>0xba30</run_address>
         <size>0x14</size>
         <input_file_ref idref="fl-7"/>
      </object_component>
      <object_component id="oc-72d">
         <name>.text:usbReceiveDataPacketOnEP0</name>
         <load_address>0xba44</load_address>
         <run_address>0xba44</run_address>
         <size>0x14</size>
         <input_file_ref idref="fl-7"/>
      </object_component>
      <object_component id="oc-68c">
         <name>.text:usbSetControlLineState</name>
         <load_address>0xba58</load_address>
         <run_address>0xba58</run_address>
         <size>0x14</size>
         <input_file_ref idref="fl-6"/>
      </object_component>
      <object_component id="oc-415">
         <name>.text:CdcIsReceiveInProgress</name>
         <load_address>0xba6c</load_address>
         <run_address>0xba6c</run_address>
         <size>0x12</size>
         <input_file_ref idref="fl-6"/>
      </object_component>
      <object_component id="oc-5a7">
         <name>.text:memcpy</name>
         <load_address>0xba7e</load_address>
         <run_address>0xba7e</run_address>
         <size>0x12</size>
         <input_file_ref idref="fl-7a"/>
      </object_component>
      <object_component id="oc-6ec">
         <name>.text:usbInvalidRequest</name>
         <load_address>0xba90</load_address>
         <run_address>0xba90</run_address>
         <size>0x12</size>
         <input_file_ref idref="fl-7"/>
      </object_component>
      <object_component id="oc-4d5">
         <name>.text:CC_SPI_WriteRead_u8</name>
         <load_address>0xbaa2</load_address>
         <run_address>0xbaa2</run_address>
         <size>0x10</size>
         <input_file_ref idref="fl-2"/>
      </object_component>
      <object_component id="oc-73a">
         <name>.text:usbSendZeroLengthPacketOnIEP0</name>
         <load_address>0xbab2</load_address>
         <run_address>0xbab2</run_address>
         <size>0xe</size>
         <input_file_ref idref="fl-7"/>
      </object_component>
      <object_component id="oc-797">
         <name>.text:DMA_getInterruptStatus</name>
         <load_address>0xbac0</load_address>
         <run_address>0xbac0</run_address>
         <size>0xc</size>
         <input_file_ref idref="fl-1b"/>
      </object_component>
      <object_component id="oc-686">
         <name>.text:usbSetLineCoding</name>
         <load_address>0xbacc</load_address>
         <run_address>0xbacc</run_address>
         <size>0xc</size>
         <input_file_ref idref="fl-6"/>
      </object_component>
      <object_component id="oc-79d">
         <name>.text:DMA_disableTransfers</name>
         <load_address>0xbad8</load_address>
         <run_address>0xbad8</run_address>
         <size>0xa</size>
         <input_file_ref idref="fl-1b"/>
      </object_component>
      <object_component id="oc-78b">
         <name>.text:DMA_enableTransfers</name>
         <load_address>0xbae2</load_address>
         <run_address>0xbae2</run_address>
         <size>0xa</size>
         <input_file_ref idref="fl-1b"/>
      </object_component>
      <object_component id="oc-3d0">
         <name>.text:_system_pre_init</name>
         <load_address>0xbaec</load_address>
         <run_address>0xbaec</run_address>
         <size>0xa</size>
         <input_file_ref idref="fl-5"/>
      </object_component>
      <object_component id="oc-614">
         <name>.text</name>
         <load_address>0xbaf6</load_address>
         <run_address>0xbaf6</run_address>
         <size>0xa</size>
         <input_file_ref idref="fl-77"/>
      </object_component>
      <object_component id="oc-640">
         <name>.text</name>
         <load_address>0xbb00</load_address>
         <run_address>0xbb00</run_address>
         <size>0xa</size>
         <input_file_ref idref="fl-78"/>
      </object_component>
      <object_component id="oc-785">
         <name>.text:DMA_setTransferSize</name>
         <load_address>0xbb0a</load_address>
         <run_address>0xbb0a</run_address>
         <size>0x8</size>
         <input_file_ref idref="fl-1b"/>
      </object_component>
      <object_component id="oc-791">
         <name>.text:DMA_startTransfer</name>
         <load_address>0xbb12</load_address>
         <run_address>0xbb12</run_address>
         <size>0x8</size>
         <input_file_ref idref="fl-1b"/>
      </object_component>
      <object_component id="oc-56c">
         <name>.text:UCS_turnOffXT2</name>
         <load_address>0xbb1a</load_address>
         <run_address>0xbb1a</run_address>
         <size>0x8</size>
         <input_file_ref idref="fl-35"/>
      </object_component>
      <object_component id="oc-45a">
         <name>.text:USB_handleVbusOffEvent</name>
         <load_address>0xbb22</load_address>
         <run_address>0xbb22</run_address>
         <size>0x8</size>
         <input_file_ref idref="fl-10"/>
      </object_component>
      <object_component id="oc-3b3">
         <name>.text:_isr:__TI_ISR_TRAP</name>
         <load_address>0xbb2a</load_address>
         <run_address>0xbb2a</run_address>
         <size>0x8</size>
         <input_file_ref idref="fl-76"/>
      </object_component>
      <object_component id="oc-4db">
         <name>.text:CC_SPI_DeselectChip_v</name>
         <load_address>0xbb32</load_address>
         <run_address>0xbb32</run_address>
         <size>0x6</size>
         <input_file_ref idref="fl-2"/>
      </object_component>
      <object_component id="oc-76d">
         <name>.text:DMA_disableTransferDuringReadModifyWrite</name>
         <load_address>0xbb38</load_address>
         <run_address>0xbb38</run_address>
         <size>0x6</size>
         <input_file_ref idref="fl-1b"/>
      </object_component>
      <object_component id="oc-77f">
         <name>.text:DMA_enableTransferDuringReadModifyWrite</name>
         <load_address>0xbb3e</load_address>
         <run_address>0xbb3e</run_address>
         <size>0x6</size>
         <input_file_ref idref="fl-1b"/>
      </object_component>
      <object_component id="oc-495">
         <name>.text:SFR_clearInterrupt</name>
         <load_address>0xbb44</load_address>
         <run_address>0xbb44</run_address>
         <size>0x6</size>
         <input_file_ref idref="fl-2e"/>
      </object_component>
      <object_component id="oc-48f">
         <name>.text:UCS_clearFaultFlag</name>
         <load_address>0xbb4a</load_address>
         <run_address>0xbb4a</run_address>
         <size>0x6</size>
         <input_file_ref idref="fl-35"/>
      </object_component>
      <object_component id="oc-3f8">
         <name>.text:abort</name>
         <load_address>0xbb50</load_address>
         <run_address>0xbb50</run_address>
         <size>0x6</size>
         <input_file_ref idref="fl-61"/>
      </object_component>
      <object_component id="oc-51e">
         <name>.text:usbRestoreOutEndpointInterrupt</name>
         <load_address>0xbb56</load_address>
         <run_address>0xbb56</run_address>
         <size>0x6</size>
         <input_file_ref idref="fl-7"/>
      </object_component>
      <object_component id="oc-424">
         <name>.text:USBCDC_handleDataReceived</name>
         <load_address>0xbb5c</load_address>
         <run_address>0xbb5c</run_address>
         <size>0x4</size>
         <input_file_ref idref="fl-10"/>
      </object_component>
      <object_component id="oc-547">
         <name>.text:USBCDC_handleReceiveCompleted</name>
         <load_address>0xbb60</load_address>
         <run_address>0xbb60</run_address>
         <size>0x4</size>
         <input_file_ref idref="fl-10"/>
      </object_component>
      <object_component id="oc-582">
         <name>.text:USBCDC_handleSendCompleted</name>
         <load_address>0xbb64</load_address>
         <run_address>0xbb64</run_address>
         <size>0x4</size>
         <input_file_ref idref="fl-10"/>
      </object_component>
      <object_component id="oc-734">
         <name>.text:USBCDC_handleSetControlLineState</name>
         <load_address>0xbb68</load_address>
         <run_address>0xbb68</run_address>
         <size>0x4</size>
         <input_file_ref idref="fl-10"/>
      </object_component>
      <object_component id="oc-653">
         <name>.text:USBCDC_handleSetLineCoding</name>
         <load_address>0xbb6c</load_address>
         <run_address>0xbb6c</run_address>
         <size>0x4</size>
         <input_file_ref idref="fl-10"/>
      </object_component>
      <object_component id="oc-46c">
         <name>.text:USB_handleClockEvent</name>
         <load_address>0xbb70</load_address>
         <run_address>0xbb70</run_address>
         <size>0x4</size>
         <input_file_ref idref="fl-10"/>
      </object_component>
      <object_component id="oc-755">
         <name>.text:USB_handleEnumerationCompleteEvent</name>
         <load_address>0xbb74</load_address>
         <run_address>0xbb74</run_address>
         <size>0x4</size>
         <input_file_ref idref="fl-10"/>
      </object_component>
      <object_component id="oc-44e">
         <name>.text:USB_handleResetEvent</name>
         <load_address>0xbb78</load_address>
         <run_address>0xbb78</run_address>
         <size>0x4</size>
         <input_file_ref idref="fl-10"/>
      </object_component>
      <object_component id="oc-436">
         <name>.text:USB_handleResumeEvent</name>
         <load_address>0xbb7c</load_address>
         <run_address>0xbb7c</run_address>
         <size>0x4</size>
         <input_file_ref idref="fl-10"/>
      </object_component>
      <object_component id="oc-442">
         <name>.text:USB_handleSuspendEvent</name>
         <load_address>0xbb80</load_address>
         <run_address>0xbb80</run_address>
         <size>0x4</size>
         <input_file_ref idref="fl-10"/>
      </object_component>
      <object_component id="oc-4a8">
         <name>.text:_system_post_cinit</name>
         <load_address>0xbb84</load_address>
         <run_address>0xbb84</run_address>
         <size>0x2</size>
         <input_file_ref idref="fl-88"/>
      </object_component>
      <object_component id="oc-825">
         <name>.cinit..data.load</name>
         <load_address>0xbdcc</load_address>
         <run_address>0xbdcc</run_address>
         <size>0xe</size>
      </object_component>
      <object_component id="oc-822">
         <name>__TI_handler_table</name>
         <load_address>0xbdda</load_address>
         <run_address>0xbdda</run_address>
         <size>0xc</size>
      </object_component>
      <object_component id="oc-824">
         <name>.cinit..bss.load</name>
         <load_address>0xbde6</load_address>
         <run_address>0xbde6</run_address>
         <size>0x6</size>
      </object_component>
      <object_component id="oc-823">
         <name>__TI_cinit_table</name>
         <load_address>0xbdec</load_address>
         <run_address>0xbdec</run_address>
         <size>0x10</size>
      </object_component>
      <object_component id="oc-5f8">
         <name>.const:tUsbRequestList</name>
         <load_address>0xbb86</load_address>
         <run_address>0xbb86</run_address>
         <size>0x10a</size>
         <input_file_ref idref="fl-12"/>
      </object_component>
      <object_component id="oc-74c">
         <name>.const:.string:abromStringDescriptor</name>
         <load_address>0xbc90</load_address>
         <run_address>0xbc90</run_address>
         <size>0x8e</size>
         <input_file_ref idref="fl-12"/>
      </object_component>
      <object_component id="oc-748">
         <name>.const:abromConfigurationDescriptorGroup</name>
         <load_address>0xbd1e</load_address>
         <run_address>0xbd1e</run_address>
         <size>0x43</size>
         <input_file_ref idref="fl-12"/>
      </object_component>
      <object_component id="oc-61a">
         <name>.const:.string</name>
         <load_address>0xbd62</load_address>
         <run_address>0xbd62</run_address>
         <size>0x22</size>
         <input_file_ref idref="fl-7"/>
      </object_component>
      <object_component id="oc-6f7">
         <name>.const:GPIO_PORT_TO_BASE</name>
         <load_address>0xbd84</load_address>
         <run_address>0xbd84</run_address>
         <size>0x1c</size>
         <input_file_ref idref="fl-21"/>
      </object_component>
      <object_component id="oc-744">
         <name>.const:.string:abromDeviceDescriptor</name>
         <load_address>0xbda0</load_address>
         <run_address>0xbda0</run_address>
         <size>0x12</size>
         <input_file_ref idref="fl-12"/>
      </object_component>
      <object_component id="oc-512">
         <name>.const:stUsbHandle</name>
         <load_address>0xbdb2</load_address>
         <run_address>0xbdb2</run_address>
         <size>0x10</size>
         <input_file_ref idref="fl-12"/>
      </object_component>
      <object_component id="oc-710">
         <name>.const:$P$T0$1</name>
         <load_address>0xbdc2</load_address>
         <run_address>0xbdc2</run_address>
         <size>0xa</size>
         <input_file_ref idref="fl-8"/>
      </object_component>
      <object_component id="oc-7bd">
         <name>.binit</name>
         <load_address>0xa000</load_address>
         <run_address>0xa000</run_address>
         <size>0x0</size>
      </object_component>
      <object_component id="oc-78">
         <name>.int41</name>
         <load_address>0xffd2</load_address>
         <run_address>0xffd2</run_address>
         <size>0x2</size>
         <input_file_ref idref="fl-63"/>
      </object_component>
      <object_component id="oc-79">
         <name>.int42</name>
         <load_address>0xffd4</load_address>
         <run_address>0xffd4</run_address>
         <size>0x2</size>
         <input_file_ref idref="fl-64"/>
      </object_component>
      <object_component id="oc-7a">
         <name>.int43</name>
         <load_address>0xffd6</load_address>
         <run_address>0xffd6</run_address>
         <size>0x2</size>
         <input_file_ref idref="fl-65"/>
      </object_component>
      <object_component id="oc-7b">
         <name>.int44</name>
         <load_address>0xffd8</load_address>
         <run_address>0xffd8</run_address>
         <size>0x2</size>
         <input_file_ref idref="fl-66"/>
      </object_component>
      <object_component id="oc-7c">
         <name>.int45</name>
         <load_address>0xffda</load_address>
         <run_address>0xffda</run_address>
         <size>0x2</size>
         <input_file_ref idref="fl-67"/>
      </object_component>
      <object_component id="oc-7d">
         <name>.int46</name>
         <load_address>0xffdc</load_address>
         <run_address>0xffdc</run_address>
         <size>0x2</size>
         <input_file_ref idref="fl-68"/>
      </object_component>
      <object_component id="oc-7e">
         <name>.int47</name>
         <load_address>0xffde</load_address>
         <run_address>0xffde</run_address>
         <size>0x2</size>
         <input_file_ref idref="fl-69"/>
      </object_component>
      <object_component id="oc-7f">
         <name>.int48</name>
         <load_address>0xffe0</load_address>
         <run_address>0xffe0</run_address>
         <size>0x2</size>
         <input_file_ref idref="fl-6a"/>
      </object_component>
      <object_component id="oc-80">
         <name>.int49</name>
         <load_address>0xffe2</load_address>
         <run_address>0xffe2</run_address>
         <size>0x2</size>
         <input_file_ref idref="fl-6b"/>
      </object_component>
      <object_component id="oc-81">
         <name>.int50</name>
         <load_address>0xffe4</load_address>
         <run_address>0xffe4</run_address>
         <size>0x2</size>
         <input_file_ref idref="fl-6c"/>
      </object_component>
      <object_component id="oc-82">
         <name>.int51</name>
         <load_address>0xffe6</load_address>
         <run_address>0xffe6</run_address>
         <size>0x2</size>
         <input_file_ref idref="fl-11"/>
      </object_component>
      <object_component id="oc-83">
         <name>.int52</name>
         <load_address>0xffe8</load_address>
         <run_address>0xffe8</run_address>
         <size>0x2</size>
         <input_file_ref idref="fl-6d"/>
      </object_component>
      <object_component id="oc-84">
         <name>.int53</name>
         <load_address>0xffea</load_address>
         <run_address>0xffea</run_address>
         <size>0x2</size>
         <input_file_ref idref="fl-4"/>
      </object_component>
      <object_component id="oc-85">
         <name>.int54</name>
         <load_address>0xffec</load_address>
         <run_address>0xffec</run_address>
         <size>0x2</size>
         <input_file_ref idref="fl-6e"/>
      </object_component>
      <object_component id="oc-86">
         <name>.int55</name>
         <load_address>0xffee</load_address>
         <run_address>0xffee</run_address>
         <size>0x2</size>
         <input_file_ref idref="fl-6f"/>
      </object_component>
      <object_component id="oc-87">
         <name>.int56</name>
         <load_address>0xfff0</load_address>
         <run_address>0xfff0</run_address>
         <size>0x2</size>
         <input_file_ref idref="fl-70"/>
      </object_component>
      <object_component id="oc-88">
         <name>.int57</name>
         <load_address>0xfff2</load_address>
         <run_address>0xfff2</run_address>
         <size>0x2</size>
         <input_file_ref idref="fl-71"/>
      </object_component>
      <object_component id="oc-89">
         <name>.int58</name>
         <load_address>0xfff4</load_address>
         <run_address>0xfff4</run_address>
         <size>0x2</size>
         <input_file_ref idref="fl-72"/>
      </object_component>
      <object_component id="oc-8a">
         <name>.int59</name>
         <load_address>0xfff6</load_address>
         <run_address>0xfff6</run_address>
         <size>0x2</size>
         <input_file_ref idref="fl-73"/>
      </object_component>
      <object_component id="oc-8b">
         <name>.int60</name>
         <load_address>0xfff8</load_address>
         <run_address>0xfff8</run_address>
         <size>0x2</size>
         <input_file_ref idref="fl-74"/>
      </object_component>
      <object_component id="oc-8c">
         <name>.int61</name>
         <load_address>0xfffa</load_address>
         <run_address>0xfffa</run_address>
         <size>0x2</size>
         <input_file_ref idref="fl-4"/>
      </object_component>
      <object_component id="oc-8d">
         <name>.int62</name>
         <load_address>0xfffc</load_address>
         <run_address>0xfffc</run_address>
         <size>0x2</size>
         <input_file_ref idref="fl-75"/>
      </object_component>
      <object_component id="oc-39b">
         <name>.reset</name>
         <load_address>0xfffe</load_address>
         <run_address>0xfffe</run_address>
         <size>0x2</size>
         <input_file_ref idref="fl-57"/>
      </object_component>
      <object_component id="oc-5da">
         <name>.debug_info</name>
         <load_address>0x0</load_address>
         <run_address>0x0</run_address>
         <size>0x2b9</size>
         <input_file_ref idref="fl-2"/>
      </object_component>
      <object_component id="oc-4d6">
         <name>.debug_info</name>
         <load_address>0x2b9</load_address>
         <run_address>0x2b9</run_address>
         <size>0x147</size>
         <input_file_ref idref="fl-2"/>
      </object_component>
      <object_component id="oc-4dc">
         <name>.debug_info</name>
         <load_address>0x400</load_address>
         <run_address>0x400</run_address>
         <size>0x119</size>
         <input_file_ref idref="fl-2"/>
      </object_component>
      <object_component id="oc-4d0">
         <name>.debug_info</name>
         <load_address>0x519</load_address>
         <run_address>0x519</run_address>
         <size>0x109</size>
         <input_file_ref idref="fl-2"/>
      </object_component>
      <object_component id="oc-64c">
         <name>.debug_info</name>
         <load_address>0x622</load_address>
         <run_address>0x622</run_address>
         <size>0xb2</size>
         <input_file_ref idref="fl-2"/>
      </object_component>
      <object_component id="oc-531">
         <name>.debug_info</name>
         <load_address>0x6d4</load_address>
         <run_address>0x6d4</run_address>
         <size>0x8b</size>
         <input_file_ref idref="fl-2"/>
      </object_component>
      <object_component id="oc-49d">
         <name>.debug_info</name>
         <load_address>0x75f</load_address>
         <run_address>0x75f</run_address>
         <size>0x18b</size>
         <input_file_ref idref="fl-2"/>
      </object_component>
      <object_component id="oc-61e">
         <name>.debug_info</name>
         <load_address>0x8ea</load_address>
         <run_address>0x8ea</run_address>
         <size>0x26d</size>
         <input_file_ref idref="fl-3"/>
      </object_component>
      <object_component id="oc-527">
         <name>.debug_info</name>
         <load_address>0xb57</load_address>
         <run_address>0xb57</run_address>
         <size>0x1da</size>
         <input_file_ref idref="fl-3"/>
      </object_component>
      <object_component id="oc-53b">
         <name>.debug_info</name>
         <load_address>0xd31</load_address>
         <run_address>0xd31</run_address>
         <size>0xb30</size>
         <input_file_ref idref="fl-3"/>
      </object_component>
      <object_component id="oc-50d">
         <name>.debug_info</name>
         <load_address>0x1861</load_address>
         <run_address>0x1861</run_address>
         <size>0x792</size>
         <input_file_ref idref="fl-4"/>
      </object_component>
      <object_component id="oc-486">
         <name>.debug_info</name>
         <load_address>0x1ff3</load_address>
         <run_address>0x1ff3</run_address>
         <size>0x127</size>
         <input_file_ref idref="fl-4"/>
      </object_component>
      <object_component id="oc-4e8">
         <name>.debug_info</name>
         <load_address>0x211a</load_address>
         <run_address>0x211a</run_address>
         <size>0x102</size>
         <input_file_ref idref="fl-4"/>
      </object_component>
      <object_component id="oc-3f1">
         <name>.debug_info</name>
         <load_address>0x221c</load_address>
         <run_address>0x221c</run_address>
         <size>0x1e9</size>
         <input_file_ref idref="fl-4"/>
      </object_component>
      <object_component id="oc-3c5">
         <name>.debug_info</name>
         <load_address>0x2405</load_address>
         <run_address>0x2405</run_address>
         <size>0x15d</size>
         <input_file_ref idref="fl-4"/>
      </object_component>
      <object_component id="oc-3bf">
         <name>.debug_info</name>
         <load_address>0x2562</load_address>
         <run_address>0x2562</run_address>
         <size>0x107</size>
         <input_file_ref idref="fl-4"/>
      </object_component>
      <object_component id="oc-52c">
         <name>.debug_info</name>
         <load_address>0x2669</load_address>
         <run_address>0x2669</run_address>
         <size>0x167</size>
         <input_file_ref idref="fl-4"/>
      </object_component>
      <object_component id="oc-60d">
         <name>.debug_info</name>
         <load_address>0x27d0</load_address>
         <run_address>0x27d0</run_address>
         <size>0x2c</size>
         <input_file_ref idref="fl-4"/>
      </object_component>
      <object_component id="oc-3d1">
         <name>.debug_info</name>
         <load_address>0x27fc</load_address>
         <run_address>0x27fc</run_address>
         <size>0x131</size>
         <input_file_ref idref="fl-5"/>
      </object_component>
      <object_component id="oc-3a2">
         <name>.debug_info</name>
         <load_address>0x292d</load_address>
         <run_address>0x292d</run_address>
         <size>0x84</size>
         <input_file_ref idref="fl-5"/>
      </object_component>
      <object_component id="oc-50f">
         <name>.debug_info</name>
         <load_address>0x29b1</load_address>
         <run_address>0x29b1</run_address>
         <size>0x8e5</size>
         <input_file_ref idref="fl-6"/>
      </object_component>
      <object_component id="oc-638">
         <name>.debug_info</name>
         <load_address>0x3296</load_address>
         <run_address>0x3296</run_address>
         <size>0xeb</size>
         <input_file_ref idref="fl-6"/>
      </object_component>
      <object_component id="oc-687">
         <name>.debug_info</name>
         <load_address>0x3381</load_address>
         <run_address>0x3381</run_address>
         <size>0x175</size>
         <input_file_ref idref="fl-6"/>
      </object_component>
      <object_component id="oc-68d">
         <name>.debug_info</name>
         <load_address>0x34f6</load_address>
         <run_address>0x34f6</run_address>
         <size>0x1ac</size>
         <input_file_ref idref="fl-6"/>
      </object_component>
      <object_component id="oc-681">
         <name>.debug_info</name>
         <load_address>0x36a2</load_address>
         <run_address>0x36a2</run_address>
         <size>0x18b</size>
         <input_file_ref idref="fl-6"/>
      </object_component>
      <object_component id="oc-542">
         <name>.debug_info</name>
         <load_address>0x382d</load_address>
         <run_address>0x382d</run_address>
         <size>0x1d1</size>
         <input_file_ref idref="fl-6"/>
      </object_component>
      <object_component id="oc-41c">
         <name>.debug_info</name>
         <load_address>0x39fe</load_address>
         <run_address>0x39fe</run_address>
         <size>0x20d</size>
         <input_file_ref idref="fl-6"/>
      </object_component>
      <object_component id="oc-593">
         <name>.debug_info</name>
         <load_address>0x3c0b</load_address>
         <run_address>0x3c0b</run_address>
         <size>0x1b1</size>
         <input_file_ref idref="fl-6"/>
      </object_component>
      <object_component id="oc-473">
         <name>.debug_info</name>
         <load_address>0x3dbc</load_address>
         <run_address>0x3dbc</run_address>
         <size>0x277</size>
         <input_file_ref idref="fl-6"/>
      </object_component>
      <object_component id="oc-42b">
         <name>.debug_info</name>
         <load_address>0x4033</load_address>
         <run_address>0x4033</run_address>
         <size>0x25c</size>
         <input_file_ref idref="fl-6"/>
      </object_component>
      <object_component id="oc-55e">
         <name>.debug_info</name>
         <load_address>0x428f</load_address>
         <run_address>0x428f</run_address>
         <size>0x16d</size>
         <input_file_ref idref="fl-6"/>
      </object_component>
      <object_component id="oc-416">
         <name>.debug_info</name>
         <load_address>0x43fc</load_address>
         <run_address>0x43fc</run_address>
         <size>0x18f</size>
         <input_file_ref idref="fl-6"/>
      </object_component>
      <object_component id="oc-608">
         <name>.debug_info</name>
         <load_address>0x458b</load_address>
         <run_address>0x458b</run_address>
         <size>0x7d</size>
         <input_file_ref idref="fl-6"/>
      </object_component>
      <object_component id="oc-536">
         <name>.debug_info</name>
         <load_address>0x4608</load_address>
         <run_address>0x4608</run_address>
         <size>0x15f</size>
         <input_file_ref idref="fl-6"/>
      </object_component>
      <object_component id="oc-422">
         <name>.debug_info</name>
         <load_address>0x4767</load_address>
         <run_address>0x4767</run_address>
         <size>0xb0d</size>
         <input_file_ref idref="fl-7"/>
      </object_component>
      <object_component id="oc-559">
         <name>.debug_info</name>
         <load_address>0x5274</load_address>
         <run_address>0x5274</run_address>
         <size>0x1a5</size>
         <input_file_ref idref="fl-7"/>
      </object_component>
      <object_component id="oc-51c">
         <name>.debug_info</name>
         <load_address>0x5419</load_address>
         <run_address>0x5419</run_address>
         <size>0x197</size>
         <input_file_ref idref="fl-7"/>
      </object_component>
      <object_component id="oc-73c">
         <name>.debug_info</name>
         <load_address>0x55b0</load_address>
         <run_address>0x55b0</run_address>
         <size>0x15f</size>
         <input_file_ref idref="fl-7"/>
      </object_component>
      <object_component id="oc-6e8">
         <name>.debug_info</name>
         <load_address>0x570f</load_address>
         <run_address>0x570f</run_address>
         <size>0x147</size>
         <input_file_ref idref="fl-7"/>
      </object_component>
      <object_component id="oc-6e2">
         <name>.debug_info</name>
         <load_address>0x5856</load_address>
         <run_address>0x5856</run_address>
         <size>0x17a</size>
         <input_file_ref idref="fl-7"/>
      </object_component>
      <object_component id="oc-6dc">
         <name>.debug_info</name>
         <load_address>0x59d0</load_address>
         <run_address>0x59d0</run_address>
         <size>0x14f</size>
         <input_file_ref idref="fl-7"/>
      </object_component>
      <object_component id="oc-6d6">
         <name>.debug_info</name>
         <load_address>0x5b1f</load_address>
         <run_address>0x5b1f</run_address>
         <size>0x195</size>
         <input_file_ref idref="fl-7"/>
      </object_component>
      <object_component id="oc-6d0">
         <name>.debug_info</name>
         <load_address>0x5cb4</load_address>
         <run_address>0x5cb4</run_address>
         <size>0x143</size>
         <input_file_ref idref="fl-7"/>
      </object_component>
      <object_component id="oc-59b">
         <name>.debug_info</name>
         <load_address>0x5df7</load_address>
         <run_address>0x5df7</run_address>
         <size>0x178</size>
         <input_file_ref idref="fl-7"/>
      </object_component>
      <object_component id="oc-728">
         <name>.debug_info</name>
         <load_address>0x5f6f</load_address>
         <run_address>0x5f6f</run_address>
         <size>0x1af</size>
         <input_file_ref idref="fl-7"/>
      </object_component>
      <object_component id="oc-520">
         <name>.debug_info</name>
         <load_address>0x611e</load_address>
         <run_address>0x611e</run_address>
         <size>0x187</size>
         <input_file_ref idref="fl-7"/>
      </object_component>
      <object_component id="oc-58e">
         <name>.debug_info</name>
         <load_address>0x62a5</load_address>
         <run_address>0x62a5</run_address>
         <size>0x172</size>
         <input_file_ref idref="fl-7"/>
      </object_component>
      <object_component id="oc-72f">
         <name>.debug_info</name>
         <load_address>0x6417</load_address>
         <run_address>0x6417</run_address>
         <size>0x189</size>
         <input_file_ref idref="fl-7"/>
      </object_component>
      <object_component id="oc-6ee">
         <name>.debug_info</name>
         <load_address>0x65a0</load_address>
         <run_address>0x65a0</run_address>
         <size>0x14b</size>
         <input_file_ref idref="fl-7"/>
      </object_component>
      <object_component id="oc-6b2">
         <name>.debug_info</name>
         <load_address>0x66eb</load_address>
         <run_address>0x66eb</run_address>
         <size>0x198</size>
         <input_file_ref idref="fl-7"/>
      </object_component>
      <object_component id="oc-6c4">
         <name>.debug_info</name>
         <load_address>0x6883</load_address>
         <run_address>0x6883</run_address>
         <size>0x170</size>
         <input_file_ref idref="fl-7"/>
      </object_component>
      <object_component id="oc-6b8">
         <name>.debug_info</name>
         <load_address>0x69f3</load_address>
         <run_address>0x69f3</run_address>
         <size>0x164</size>
         <input_file_ref idref="fl-7"/>
      </object_component>
      <object_component id="oc-6ca">
         <name>.debug_info</name>
         <load_address>0x6b57</load_address>
         <run_address>0x6b57</run_address>
         <size>0x195</size>
         <input_file_ref idref="fl-7"/>
      </object_component>
      <object_component id="oc-6be">
         <name>.debug_info</name>
         <load_address>0x6cec</load_address>
         <run_address>0x6cec</run_address>
         <size>0x16a</size>
         <input_file_ref idref="fl-7"/>
      </object_component>
      <object_component id="oc-6a6">
         <name>.debug_info</name>
         <load_address>0x6e56</load_address>
[...]
      <symbol id="sm-5d9">
         <name>USB_enable</name>
         <value>0xa6d0</value>
         <object_component_ref idref="oc-54e"/>
      </symbol>
      <symbol id="sm-5da">
         <name>USB_init</name>
         <value>0xad4c</value>
         <object_component_ref idref="oc-5ea"/>
      </symbol>
      <symbol id="sm-5db">
         <name>usbDisableOutEndpointInterrupt</name>
         <value>0xb8e0</value>
         <object_component_ref idref="oc-515"/>
      </symbol>
      <symbol id="sm-5dc">
         <name>usbSetAddress</name>
         <value>0xb670</value>
         <object_component_ref idref="oc-6ce"/>
      </symbol>
      <symbol id="sm-5dd">
         <name>usbGetEndpointStatus</name>
         <value>0xb008</value>
         <object_component_ref idref="oc-6c8"/>
      </symbol>
      <symbol id="sm-5de">
         <name>usbGetDeviceDescriptor</name>
         <value>0xb9f2</value>
         <object_component_ref idref="oc-6a4"/>
      </symbol>
      <symbol id="sm-5df">
         <name>usbRestoreOutEndpointInterrupt</name>
         <value>0xbb56</value>
         <object_component_ref idref="oc-51e"/>
      </symbol>
      <symbol id="sm-5e0">
         <name>usbSetInterface</name>
         <value>0xb964</value>
         <object_component_ref idref="oc-6e6"/>
      </symbol>
      <symbol id="sm-5e1">
         <name>usbReceiveNextPacketOnOEP0</name>
         <value>0xb466</value>
         <object_component_ref idref="oc-58c"/>
      </symbol>
      <symbol id="sm-5e2">
         <name>USB_suspend</name>
         <value>0xb734</value>
         <object_component_ref idref="oc-43c"/>
      </symbol>
      <symbol id="sm-5e3">
         <name>usbSendNextPacketOnIEP0</name>
         <value>0xaf2e</value>
         <object_component_ref idref="oc-599"/>
      </symbol>
      <symbol id="sm-5e4">
         <name>usbGetStringDescriptor</name>
         <value>0xb33a</value>
         <object_component_ref idref="oc-6b0"/>
      </symbol>
      <symbol id="sm-5e5">
         <name>USB_determineFreq</name>
         <value>0xa9cc</value>
         <object_component_ref idref="oc-565"/>
      </symbol>
      <symbol id="sm-5e6">
         <name>usbSendZeroLengthPacketOnIEP0</name>
         <value>0xbab2</value>
         <object_component_ref idref="oc-73a"/>
      </symbol>
      <symbol id="sm-5e7">
         <name>usbClearDeviceFeature</name>
         <value>0xb7fe</value>
         <object_component_ref idref="oc-692"/>
      </symbol>
      <symbol id="sm-5e8">
         <name>USB_InitSerialStringDescriptor</name>
         <value>0xa91c</value>
         <object_component_ref idref="oc-672"/>
      </symbol>
      <symbol id="sm-5e9">
         <name>usbSetConfiguration</name>
         <value>0xb6d6</value>
         <object_component_ref idref="oc-6d4"/>
      </symbol>
      <symbol id="sm-5ea">
         <name>USB_resume</name>
         <value>0xb97e</value>
         <object_component_ref idref="oc-430"/>
      </symbol>
      <symbol id="sm-5eb">
         <name>USB_getConnectionState</name>
         <value>0xaa7a</value>
         <object_component_ref idref="oc-4f3"/>
      </symbol>
      <symbol id="sm-5ec">
         <name>usbSendDataPacketOnEP0</name>
         <value>0xb868</value>
         <object_component_ref idref="oc-726"/>
      </symbol>
      <symbol id="sm-5ed">
         <name>usbGetConfiguration</name>
         <value>0xba30</value>
         <object_component_ref idref="oc-69e"/>
      </symbol>
      <symbol id="sm-5ee">
         <name>usbGetConfigurationDescriptor</name>
         <value>0xb9dc</value>
         <object_component_ref idref="oc-6aa"/>
      </symbol>
      <symbol id="sm-5ef">
         <name>usbClearEndpointFeature</name>
         <value>0xb1e6</value>
         <object_component_ref idref="oc-698"/>
      </symbol>
      <symbol id="sm-5f0">
         <name>bFunctionSuspended</name>
         <value>0x246b</value>
         <object_component_ref idref="oc-51b"/>
      </symbol>
      <symbol id="sm-5f1">
         <name>VERSION</name>
         <value>0x246e</value>
         <object_component_ref idref="oc-51b"/>
      </symbol>
      <symbol id="sm-5f2">
         <name>usbDecodeAndProcessUsbRequest</name>
         <value>0xacc6</value>
         <object_component_ref idref="oc-4fd"/>
      </symbol>
      <symbol id="sm-5f3">
         <name>bEnumerationStatus</name>
         <value>0x246c</value>
         <object_component_ref idref="oc-51b"/>
      </symbol>
      <symbol id="sm-5f4">
         <name>usbSetDeviceFeature</name>
         <value>0xb822</value>
         <object_component_ref idref="oc-6da"/>
      </symbol>
      <symbol id="sm-5f5">
         <name>usbInvalidRequest</name>
         <value>0xba90</value>
         <object_component_ref idref="oc-6ec"/>
      </symbol>
      <symbol id="sm-5f6">
         <name>USB_reset</name>
         <value>0xa144</value>
         <object_component_ref idref="oc-448"/>
      </symbol>
      <symbol id="sm-5f7">
         <name>USB_connect</name>
         <value>0xb916</value>
         <object_component_ref idref="oc-574"/>
      </symbol>
      <symbol id="sm-5f8">
         <name>usbGetDeviceStatus</name>
         <value>0xb78a</value>
         <object_component_ref idref="oc-6bc"/>
      </symbol>
      <symbol id="sm-5f9">
         <name>USB_disable</name>
         <value>0xb846</value>
         <object_component_ref idref="oc-489"/>
      </symbol>
      <symbol id="sm-61e">
         <name>USB_TX_memcpy</name>
         <value>0x2460</value>
      </symbol>
      <symbol id="sm-61f">
         <name>USB_RX_memcpy</name>
         <value>0x245c</value>
      </symbol>
      <symbol id="sm-620">
         <name>USB_initMemcpy</name>
         <value>0xb130</value>
         <object_component_ref idref="oc-678"/>
      </symbol>
      <symbol id="sm-621">
         <name>memcpyDMA</name>
         <value>0xb18c</value>
         <object_component_ref idref="oc-71f"/>
      </symbol>
      <symbol id="sm-622">
         <name>memcpyV</name>
         <value>0xb94a</value>
         <object_component_ref idref="oc-713"/>
      </symbol>
      <symbol id="sm-688">
         <name>USBCDC_handleSetControlLineState</name>
         <value>0xbb68</value>
         <object_component_ref idref="oc-734"/>
      </symbol>
      <symbol id="sm-689">
         <name>USB_handleSuspendEvent</name>
         <value>0xbb80</value>
         <object_component_ref idref="oc-442"/>
      </symbol>
      <symbol id="sm-68a">
         <name>USB_handleVbusOnEvent</name>
         <value>0xba08</value>
         <object_component_ref idref="oc-466"/>
      </symbol>
      <symbol id="sm-68b">
         <name>USBCDC_handleDataReceived</name>
         <value>0xbb5c</value>
         <object_component_ref idref="oc-424"/>
      </symbol>
      <symbol id="sm-68c">
         <name>USBCDC_handleReceiveCompleted</name>
         <value>0xbb60</value>
         <object_component_ref idref="oc-547"/>
      </symbol>
      <symbol id="sm-68d">
         <name>USB_handleEnumerationCompleteEvent</name>
         <value>0xbb74</value>
         <object_component_ref idref="oc-755"/>
      </symbol>
      <symbol id="sm-68e">
         <name>USB_handleResetEvent</name>
         <value>0xbb78</value>
         <object_component_ref idref="oc-44e"/>
      </symbol>
      <symbol id="sm-68f">
         <name>USBCDC_handleSendCompleted</name>
         <value>0xbb64</value>
         <object_component_ref idref="oc-582"/>
      </symbol>
      <symbol id="sm-690">
         <name>USB_handleVbusOffEvent</name>
         <value>0xbb22</value>
         <object_component_ref idref="oc-45a"/>
      </symbol>
      <symbol id="sm-691">
         <name>USBCDC_handleSetLineCoding</name>
         <value>0xbb6c</value>
         <object_component_ref idref="oc-653"/>
      </symbol>
      <symbol id="sm-692">
         <name>USB_handleResumeEvent</name>
         <value>0xbb7c</value>
         <object_component_ref idref="oc-436"/>
      </symbol>
      <symbol id="sm-693">
         <name>USB_handleClockEvent</name>
         <value>0xbb70</value>
         <object_component_ref idref="oc-46c"/>
      </symbol>
      <symbol id="sm-6e9">
         <name>IEP0InterruptHandler</name>
         <value>0xb8c4</value>
         <object_component_ref idref="oc-47e"/>
      </symbol>
      <symbol id="sm-6ea">
         <name>OEP0InterruptHandler</name>
         <value>0xb638</value>
         <object_component_ref idref="oc-478"/>
      </symbol>
      <symbol id="sm-6eb">
         <name>__TI_int51</name>
         <value>0xffe6</value>
         <object_component_ref idref="oc-82"/>
      </symbol>
      <symbol id="sm-6ec">
         <name>PWRVBUSonHandler</name>
         <value>0xb0d2</value>
         <object_component_ref idref="oc-460"/>
      </symbol>
      <symbol id="sm-6ed">
         <name>SetupPacketInterruptHandler</name>
         <value>0xb4b0</value>
         <object_component_ref idref="oc-40f"/>
      </symbol>
      <symbol id="sm-6ee">
         <name>PWRVBUSoffHandler</name>
         <value>0xaf9e</value>
         <object_component_ref idref="oc-454"/>
      </symbol>
      <symbol id="sm-6ef">
         <name>iUsbInterruptHandler</name>
         <value>0xa3bc</value>
         <object_component_ref idref="oc-3b8"/>
      </symbol>
      <symbol id="sm-70e">
         <name>abromConfigurationDescriptorGroup</name>
         <value>0xbd1e</value>
         <object_component_ref idref="oc-748"/>
      </symbol>
      <symbol id="sm-70f">
         <name>tUsbRequestList</name>
         <value>0xbb86</value>
         <object_component_ref idref="oc-5f8"/>
      </symbol>
      <symbol id="sm-710">
         <name>abromDeviceDescriptor</name>
         <value>0xbda0</value>
         <object_component_ref idref="oc-744"/>
      </symbol>
      <symbol id="sm-711">
         <name>abromStringDescriptor</name>
         <value>0xbc90</value>
         <object_component_ref idref="oc-74c"/>
      </symbol>
      <symbol id="sm-712">
         <name>stUsbHandle</name>
         <value>0xbdb2</value>
         <object_component_ref idref="oc-512"/>
      </symbol>
      <symbol id="sm-767">
         <name>DMA_setSrcAddress</name>
         <value>0xb7da</value>
         <object_component_ref idref="oc-773"/>
      </symbol>
      <symbol id="sm-768">
         <name>DMA_disableTransferDuringReadModifyWrite</name>
         <value>0xbb38</value>
         <object_component_ref idref="oc-76d"/>
      </symbol>
      <symbol id="sm-769">
         <name>DMA_setDstAddress</name>
         <value>0xb7b4</value>
         <object_component_ref idref="oc-779"/>
      </symbol>
      <symbol id="sm-76a">
         <name>DMA_enableTransfers</name>
         <value>0xbae2</value>
         <object_component_ref idref="oc-78b"/>
      </symbol>
      <symbol id="sm-76b">
         <name>DMA_disableTransfers</name>
         <value>0xbad8</value>
         <object_component_ref idref="oc-79d"/>
      </symbol>
      <symbol id="sm-76c">
         <name>DMA_startTransfer</name>
         <value>0xbb12</value>
         <object_component_ref idref="oc-791"/>
      </symbol>
      <symbol id="sm-76d">
         <name>DMA_setTransferSize</name>
         <value>0xbb0a</value>
         <object_component_ref idref="oc-785"/>
      </symbol>
      <symbol id="sm-76e">
         <name>DMA_getInterruptStatus</name>
         <value>0xbac0</value>
         <object_component_ref idref="oc-797"/>
      </symbol>
      <symbol id="sm-76f">
         <name>DMA_enableTransferDuringReadModifyWrite</name>
         <value>0xbb3e</value>
         <object_component_ref idref="oc-77f"/>
      </symbol>
      <symbol id="sm-770">
         <name>DMA_init</name>
         <value>0xb240</value>
         <object_component_ref idref="oc-719"/>
      </symbol>
      <symbol id="sm-788">
         <name>GPIO_setAsPeripheralModuleFunctionOutputPin</name>
         <value>0xb8fc</value>
         <object_component_ref idref="oc-622"/>
      </symbol>
      <symbol id="sm-7b6">
         <name>PMM_setVCore</name>
         <value>0xb3d2</value>
         <object_component_ref idref="oc-4e1"/>
      </symbol>
      <symbol id="sm-7b7">
         <name>PMM_setVCoreDown</name>
         <value>0xaba6</value>
         <object_component_ref idref="oc-5dc"/>
      </symbol>
      <symbol id="sm-7b8">
         <name>PMM_setVCoreUp</name>
         <value>0xa79e</value>
         <object_component_ref idref="oc-5e2"/>
      </symbol>
      <symbol id="sm-7ca">
         <name>SFR_clearInterrupt</name>
         <value>0xbb44</value>
         <object_component_ref idref="oc-495"/>
      </symbol>
      <symbol id="sm-7e2">
         <name>TLV_getInfo</name>
         <value>0xb4f8</value>
         <object_component_ref idref="oc-709"/>
      </symbol>
      <symbol id="sm-7ff">
         <name>UCS_bypassXT2WithTimeout</name>
         <value>0xb760</value>
         <object_component_ref idref="oc-628"/>
      </symbol>
      <symbol id="sm-800">
         <name>UCS_clearFaultFlag</name>
         <value>0xbb4a</value>
         <object_component_ref idref="oc-48f"/>
      </symbol>
      <symbol id="sm-801">
         <name>UCS_turnOffXT2</name>
         <value>0xbb1a</value>
         <object_component_ref idref="oc-56c"/>
      </symbol>
      <symbol id="sm-80e">
         <name>WDT_A_hold</name>
         <value>0xb996</value>
         <object_component_ref idref="oc-4c9"/>
      </symbol>
      <symbol id="sm-816">
         <name>_stack</name>
         <value>0x3360</value>
         <object_component_ref idref="oc-398"/>
      </symbol>
      <symbol id="sm-817">
         <name>_reset_vector</name>
         <value>0xfffe</value>
         <object_component_ref idref="oc-39b"/>
      </symbol>
      <symbol id="sm-821">
         <name>_c_int00_noargs_noexit</name>
         <value>0xb930</value>
         <object_component_ref idref="oc-ac"/>
      </symbol>
      <symbol id="sm-83d">
         <name>__TI_decompress_lzss</name>
         <value>0xa5e2</value>
         <object_component_ref idref="oc-6c"/>
      </symbol>
      <symbol id="sm-84e">
         <name>__TI_decompress_none</name>
         <value>0xb5fc</value>
         <object_component_ref idref="oc-72"/>
      </symbol>
      <symbol id="sm-85e">
         <name>__TI_zero_init</name>
         <value>0xb5be</value>
         <object_component_ref idref="oc-8e"/>
      </symbol>
      <symbol id="sm-869">
         <name>__memcpy_far</name>
         <value>0xb540</value>
         <object_component_ref idref="oc-3a7"/>
      </symbol>
      <symbol id="sm-874">
         <name>__mspabi_remu</name>
         <value>0xb9c6</value>
         <object_component_ref idref="oc-63b"/>
      </symbol>
      <symbol id="sm-875">
         <name>__mspabi_divu</name>
         <value>0xb9c6</value>
         <object_component_ref idref="oc-63b"/>
      </symbol>
      <symbol id="sm-881">
         <name>C$$EXIT</name>
         <value>0xbb50</value>
         <object_component_ref idref="oc-3f8"/>
      </symbol>
      <symbol id="sm-882">
         <name>abort</name>
         <value>0xbb50</value>
         <object_component_ref idref="oc-3f8"/>
      </symbol>
      <symbol id="sm-886">
         <name>__TI_int41</name>
         <value>0xffd2</value>
         <object_component_ref idref="oc-78"/>
      </symbol>
      <symbol id="sm-889">
         <name>__TI_int42</name>
         <value>0xffd4</value>
         <object_component_ref idref="oc-79"/>
      </symbol>
      <symbol id="sm-88c">
         <name>__TI_int43</name>
         <value>0xffd6</value>
         <object_component_ref idref="oc-7a"/>
      </symbol>
      <symbol id="sm-88f">
         <name>__TI_int44</name>
         <value>0xffd8</value>
         <object_component_ref idref="oc-7b"/>
      </symbol>
      <symbol id="sm-892">
         <name>__TI_int45</name>
         <value>0xffda</value>
         <object_component_ref idref="oc-7c"/>
      </symbol>
      <symbol id="sm-895">
         <name>__TI_int46</name>
         <value>0xffdc</value>
         <object_component_ref idref="oc-7d"/>
      </symbol>
      <symbol id="sm-898">
         <name>__TI_int47</name>
         <value>0xffde</value>
         <object_component_ref idref="oc-7e"/>
      </symbol>
      <symbol id="sm-89b">
         <name>__TI_int48</name>
         <value>0xffe0</value>
         <object_component_ref idref="oc-7f"/>
      </symbol>
      <symbol id="sm-89e">
         <name>__TI_int49</name>
         <value>0xffe2</value>
         <object_component_ref idref="oc-80"/>
      </symbol>
      <symbol id="sm-8a1">
         <name>__TI_int50</name>
         <value>0xffe4</value>
         <object_component_ref idref="oc-81"/>
      </symbol>
      <symbol id="sm-8a4">
         <name>__TI_int52</name>
         <value>0xffe8</value>
         <object_component_ref idref="oc-83"/>
      </symbol>
      <symbol id="sm-8a7">
         <name>__TI_int54</name>
         <value>0xffec</value>
         <object_component_ref idref="oc-85"/>
      </symbol>
      <symbol id="sm-8aa">
         <name>__TI_int55</name>
         <value>0xffee</value>
         <object_component_ref idref="oc-86"/>
      </symbol>
      <symbol id="sm-8ad">
         <name>__TI_int56</name>
         <value>0xfff0</value>
         <object_component_ref idref="oc-87"/>
      </symbol>
      <symbol id="sm-8b0">
         <name>__TI_int57</name>
         <value>0xfff2</value>
         <object_component_ref idref="oc-88"/>
      </symbol>
      <symbol id="sm-8b3">
         <name>__TI_int58</name>
         <value>0xfff4</value>
         <object_component_ref idref="oc-89"/>
      </symbol>
      <symbol id="sm-8b6">
         <name>__TI_int59</name>
         <value>0xfff6</value>
         <object_component_ref idref="oc-8a"/>
      </symbol>
      <symbol id="sm-8b9">
         <name>__TI_int60</name>
         <value>0xfff8</value>
         <object_component_ref idref="oc-8b"/>
      </symbol>
      <symbol id="sm-8bc">
         <name>__TI_int62</name>
         <value>0xfffc</value>
         <object_component_ref idref="oc-8d"/>
      </symbol>
      <symbol id="sm-8c4">
         <name>__TI_ISR_TRAP</name>
         <value>0xbb2a</value>
         <object_component_ref idref="oc-3b3"/>
      </symbol>
      <symbol id="sm-8cd">
         <name>__mspabi_slli</name>
         <value>0xbaf6</value>
         <object_component_ref idref="oc-614"/>
      </symbol>
      <symbol id="sm-8d6">
         <name>__mspabi_srli</name>
         <value>0xbb00</value>
         <object_component_ref idref="oc-640"/>
      </symbol>
      <symbol id="sm-8e5">
         <name>memcpy</name>
         <value>0xba7e</value>
         <object_component_ref idref="oc-5a7"/>
      </symbol>
      <symbol id="sm-8f3">
         <name>memset</name>
         <value>0xba1c</value>
         <object_component_ref idref="oc-631"/>
      </symbol>
      <symbol id="sm-8fe">
         <name>__mspabi_mpyi_f5hw</name>
         <value>0xb9ae</value>
         <object_component_ref idref="oc-57c"/>
      </symbol>
      <symbol id="sm-925">
         <name>_auto_init_hold_wdt</name>
         <value>0xab10</value>
         <object_component_ref idref="oc-3d6"/>
      </symbol>
      <symbol id="sm-93c">
         <name>copy_in</name>
         <value>0xa86a</value>
         <object_component_ref idref="oc-4a2"/>
      </symbol>
      <symbol id="sm-945">
         <name>_system_post_cinit</name>
         <value>0xbb84</value>
         <object_component_ref idref="oc-4a8"/>
      </symbol>
      <symbol id="sm-947">
         <name>__TI_BINIT_Base</name>
         <value>0x0</value>
      </symbol>
      <symbol id="sm-948">
         <name>__TI_BINIT_Limit</name>
         <value>0x0</value>
      </symbol>
      <symbol id="sm-949">
         <name>__TI_INITARRAY_Base</name>
         <value>0x0</value>
      </symbol>
      <symbol id="sm-94a">
         <name>__TI_INITARRAY_Limit</name>
         <value>0x0</value>
      </symbol>
   </symbol_table>
   <title>Link successful</title>
</link_info>
