<?xml version="1.0"?>
<link_info>
   <banner>MSP430 Linker Unix v16.9.0.LTS</banner>
   <copyright>Copyright (c) 2003-2015 Texas Instruments Incorporated</copyright>
   <link_time>0x58bd9b3b</link_time>
   <link_errors>0x0</link_errors>
   <output_file>ez430_ap.out</output_file>
   <entry_point>
      <name>_c_int00_noargs_noexit</name>
      <address>0xb9b0</address>
   </entry_point>
   <input_file_list>
      <input_file id="fl-2">
         <path>./</path>
         <kind>object</kind>
         <file>ccSPI.obj</file>
         <name>ccSPI.obj</name>
      </input_file>
      <input_file id="fl-3">
         <path>./</path>
         <kind>object</kind>
         <file>hal.obj</file>
         <name>hal.obj</name>
      </input_file>
      <input_file id="fl-4">
         <path>./</path>
         <kind>object</kind>
         <file>main.obj</file>
         <name>main.obj</name>
      </input_file>
      <input_file id="fl-5">
         <path>./</path>
         <kind>object</kind>
         <file>system_pre_init.obj</file>
         <name>system_pre_init.obj</name>
      </input_file>
      <input_file id="fl-6">
         <path>./USB_API/USB_CDC_API/</path>
         <kind>object</kind>
         <file>UsbCdc.obj</file>
         <name>UsbCdc.obj</name>
      </input_file>
      <input_file id="fl-7">
         <path>./USB_API/USB_Common/</path>
         <kind>object</kind>
         <file>usb.obj</file>
         <name>usb.obj</name>
      </input_file>
      <input_file id="fl-8">
         <path>./USB_API/USB_Common/</path>
         <kind>object</kind>
         <file>usbdma.obj</file>
         <name>usbdma.obj</name>
      </input_file>
      <input_file id="fl-9">
         <path>./USB_API/USB_HID_API/</path>
         <kind>object</kind>
         <file>UsbHid.obj</file>
         <name>UsbHid.obj</name>
      </input_file>
      <input_file id="fl-a">
         <path>./USB_API/USB_HID_API/</path>
         <kind>object</kind>
         <file>UsbHidReq.obj</file>
         <name>UsbHidReq.obj</name>
      </input_file>
      <input_file id="fl-b">
         <path>./USB_API/USB_MSC_API/</path>
         <kind>object</kind>
         <file>UsbMscReq.obj</file>
         <name>UsbMscReq.obj</name>
      </input_file>
      <input_file id="fl-c">
         <path>./USB_API/USB_MSC_API/</path>
         <kind>object</kind>
         <file>UsbMscScsi.obj</file>
         <name>UsbMscScsi.obj</name>
      </input_file>
      <input_file id="fl-d">
         <path>./USB_API/USB_MSC_API/</path>
         <kind>object</kind>
         <file>UsbMscStateMachine.obj</file>
         <name>UsbMscStateMachine.obj</name>
      </input_file>
      <input_file id="fl-e">
         <path>./USB_API/USB_PHDC_API/</path>
         <kind>object</kind>
         <file>UsbPHDC.obj</file>
         <name>UsbPHDC.obj</name>
      </input_file>
      <input_file id="fl-f">
         <path>./USB_app/</path>
         <kind>object</kind>
         <file>usbConstructs.obj</file>
         <name>usbConstructs.obj</name>
      </input_file>
      <input_file id="fl-10">
         <path>./USB_app/</path>
         <kind>object</kind>
         <file>usbEventHandling.obj</file>
         <name>usbEventHandling.obj</name>
      </input_file>
      <input_file id="fl-11">
         <path>./USB_config/</path>
         <kind>object</kind>
         <file>UsbIsr.obj</file>
         <name>UsbIsr.obj</name>
      </input_file>
      <input_file id="fl-12">
         <path>./USB_config/</path>
         <kind>object</kind>
         <file>descriptors.obj</file>
         <name>descriptors.obj</name>
      </input_file>
      <input_file id="fl-13">
         <path>./driverlib/MSP430F5xx_6xx/</path>
         <kind>object</kind>
         <file>adc10_a.obj</file>
         <name>adc10_a.obj</name>
      </input_file>
      <input_file id="fl-14">
         <path>./driverlib/MSP430F5xx_6xx/</path>
         <kind>object</kind>
         <file>adc12_a.obj</file>
         <name>adc12_a.obj</name>
      </input_file>
      <input_file id="fl-15">
         <path>./driverlib/MSP430F5xx_6xx/</path>
         <kind>object</kind>
         <file>aes.obj</file>
         <name>aes.obj</name>
      </input_file>
      <input_file id="fl-16">
         <path>./driverlib/MSP430F5xx_6xx/</path>
         <kind>object</kind>
         <file>battbak.obj</file>
         <name>battbak.obj</name>
      </input_file>
      <input_file id="fl-17">
         <path>./driverlib/MSP430F5xx_6xx/</path>
         <kind>object</kind>
         <file>comp_b.obj</file>
         <name>comp_b.obj</name>
      </input_file>
      <input_file id="fl-18">
         <path>./driverlib/MSP430F5xx_6xx/</path>
         <kind>object</kind>
         <file>crc.obj</file>
         <name>crc.obj</name>
      </input_file>
      <input_file id="fl-19">
         <path>./driverlib/MSP430F5xx_6xx/</path>
         <kind>object</kind>
         <file>ctsd16.obj</file>
         <name>ctsd16.obj</name>
      </input_file>
      <input_file id="fl-1a">
         <path>./driverlib/MSP430F5xx_6xx/</path>
         <kind>object</kind>
         <file>dac12_a.obj</file>
         <name>dac12_a.obj</name>
      </input_file>
      <input_file id="fl-1b">
         <path>./driverlib/MSP430F5xx_6xx/</path>
         <kind>object</kind>
         <file>dma.obj</file>
         <name>dma.obj</name>
      </input_file>
      <input_file id="fl-1c">
         <path>./driverlib/MSP430F5xx_6xx/</path>
         <kind>object</kind>
         <file>eusci_a_spi.obj</file>
         <name>eusci_a_spi.obj</name>
      </input_file>
      <input_file id="fl-1d">
         <path>./driverlib/MSP430F5xx_6xx/</path>
         <kind>object</kind>
         <file>eusci_a_uart.obj</file>
         <name>eusci_a_uart.obj</name>
      </input_file>
      <input_file id="fl-1e">
         <path>./driverlib/MSP430F5xx_6xx/</path>
         <kind>object</kind>
         <file>eusci_b_i2c.obj</file>
         <name>eusci_b_i2c.obj</name>
      </input_file>
      <input_file id="fl-1f">
         <path>./driverlib/MSP430F5xx_6xx/</path>
         <kind>object</kind>
         <file>eusci_b_spi.obj</file>
         <name>eusci_b_spi.obj</name>
      </input_file>
      <input_file id="fl-20">
         <path>./driverlib/MSP430F5xx_6xx/</path>
         <kind>object</kind>
         <file>flashctl.obj</file>
         <name>flashctl.obj</name>
      </input_file>
      <input_file id="fl-21">
         <path>./driverlib/MSP430F5xx_6xx/</path>
         <kind>object</kind>
         <file>gpio.obj</file>
         <name>gpio.obj</name>
      </input_file>
      <input_file id="fl-22">
         <path>./driverlib/MSP430F5xx_6xx/</path>
         <kind>object</kind>
         <file>lcd_b.obj</file>
         <name>lcd_b.obj</name>
      </input_file>
      <input_file id="fl-23">
         <path>./driverlib/MSP430F5xx_6xx/</path>
         <kind>object</kind>
         <file>ldopwr.obj</file>
         <name>ldopwr.obj</name>
      </input_file>
      <input_file id="fl-24">
         <path>./driverlib/MSP430F5xx_6xx/</path>
         <kind>object</kind>
         <file>mpy32.obj</file>
         <name>mpy32.obj</name>
      </input_file>
      <input_file id="fl-25">
         <path>./driverlib/MSP430F5xx_6xx/</path>
         <kind>object</kind>
         <file>oa.obj</file>
         <name>oa.obj</name>
      </input_file>
      <input_file id="fl-26">
         <path>./driverlib/MSP430F5xx_6xx/</path>
         <kind>object</kind>
         <file>pmap.obj</file>
         <name>pmap.obj</name>
      </input_file>
      <input_file id="fl-27">
         <path>./driverlib/MSP430F5xx_6xx/</path>
         <kind>object</kind>
         <file>pmm.obj</file>
         <name>pmm.obj</name>
      </input_file>
      <input_file id="fl-28">
         <path>./driverlib/MSP430F5xx_6xx/</path>
         <kind>object</kind>
         <file>ram.obj</file>
         <name>ram.obj</name>
      </input_file>
      <input_file id="fl-29">
         <path>./driverlib/MSP430F5xx_6xx/</path>
         <kind>object</kind>
         <file>ref.obj</file>
         <name>ref.obj</name>
      </input_file>
      <input_file id="fl-2a">
         <path>./driverlib/MSP430F5xx_6xx/</path>
         <kind>object</kind>
         <file>rtc_a.obj</file>
         <name>rtc_a.obj</name>
      </input_file>
      <input_file id="fl-2b">
         <path>./driverlib/MSP430F5xx_6xx/</path>
         <kind>object</kind>
         <file>rtc_b.obj</file>
         <name>rtc_b.obj</name>
      </input_file>
      <input_file id="fl-2c">
         <path>./driverlib/MSP430F5xx_6xx/</path>
         <kind>object</kind>
         <file>rtc_c.obj</file>
         <name>rtc_c.obj</name>
      </input_file>
      <input_file id="fl-2d">
         <path>./driverlib/MSP430F5xx_6xx/</path>
         <kind>object</kind>
         <file>sd24_b.obj</file>
         <name>sd24_b.obj</name>
      </input_file>
      <input_file id="fl-2e">
         <path>./driverlib/MSP430F5xx_6xx/</path>
         <kind>object</kind>
         <file>sfr.obj</file>
         <name>sfr.obj</name>
      </input_file>
      <input_file id="fl-2f">
         <path>./driverlib/MSP430F5xx_6xx/</path>
         <kind>object</kind>
         <file>sysctl.obj</file>
         <name>sysctl.obj</name>
      </input_file>
      <input_file id="fl-30">
         <path>./driverlib/MSP430F5xx_6xx/</path>
         <kind>object</kind>
         <file>tec.obj</file>
         <name>tec.obj</name>
      </input_file>
      <input_file id="fl-31">
         <path>./driverlib/MSP430F5xx_6xx/</path>
         <kind>object</kind>
         <file>timer_a.obj</file>
         <name>timer_a.obj</name>
      </input_file>
      <input_file id="fl-32">
         <path>./driverlib/MSP430F5xx_6xx/</path>
         <kind>object</kind>
         <file>timer_b.obj</file>
         <name>timer_b.obj</name>
      </input_file>
      <input_file id="fl-33">
         <path>./driverlib/MSP430F5xx_6xx/</path>
         <kind>object</kind>
         <file>timer_d.obj</file>
         <name>timer_d.obj</name>
      </input_file>
      <input_file id="fl-34">
         <path>./driverlib/MSP430F5xx_6xx/</path>
         <kind>object</kind>
         <file>tlv.obj</file>
         <name>tlv.obj</name>
      </input_file>
      <input_file id="fl-35">
         <path>./driverlib/MSP430F5xx_6xx/</path>
         <kind>object</kind>
         <file>ucs.obj</file>
         <name>ucs.obj</name>
      </input_file>
      <input_file id="fl-36">
         <path>./driverlib/MSP430F5xx_6xx/</path>
         <kind>object</kind>
         <file>usci_a_spi.obj</file>
         <name>usci_a_spi.obj</name>
      </input_file>
      <input_file id="fl-37">
         <path>./driverlib/MSP430F5xx_6xx/</path>
         <kind>object</kind>
         <file>usci_a_uart.obj</file>
         <name>usci_a_uart.obj</name>
      </input_file>
      <input_file id="fl-38">
         <path>./driverlib/MSP430F5xx_6xx/</path>
         <kind>object</kind>
         <file>usci_b_i2c.obj</file>
         <name>usci_b_i2c.obj</name>
      </input_file>
      <input_file id="fl-39">
         <path>./driverlib/MSP430F5xx_6xx/</path>
         <kind>object</kind>
         <file>usci_b_spi.obj</file>
         <name>usci_b_spi.obj</name>
      </input_file>
      <input_file id="fl-3a">
         <path>./driverlib/MSP430F5xx_6xx/</path>
         <kind>object</kind>
         <file>wdt_a.obj</file>
         <name>wdt_a.obj</name>
      </input_file>
      <input_file id="fl-57">
         <path>/Applications/ti/ccsv7/tools/compiler/ti-cgt-msp430_16.9.0.LTS/lib/</path>
         <kind>archive</kind>
         <file>rts430x_lc_sd_eabi.lib</file>
         <name>boot.obj</name>
      </input_file>
      <input_file id="fl-58">
         <path>/Applications/ti/ccsv7/tools/compiler/ti-cgt-msp430_16.9.0.LTS/lib/</path>
         <kind>archive</kind>
         <file>rts430x_lc_sd_eabi.lib</file>
         <name>boot_special.obj</name>
      </input_file>
      <input_file id="fl-59">
         <path>/Applications/ti/ccsv7/tools/compiler/ti-cgt-msp430_16.9.0.LTS/lib/</path>
         <kind>archive</kind>
         <file>rts430x_lc_sd_eabi.lib</file>
         <name>copy_decompress_lzss.obj</name>
      </input_file>
      <input_file id="fl-5a">
         <path>/Applications/ti/ccsv7/tools/compiler/ti-cgt-msp430_16.9.0.LTS/lib/</path>
         <kind>archive</kind>
         <file>rts430x_lc_sd_eabi.lib</file>
         <name>copy_decompress_none.obj</name>
      </input_file>
      <input_file id="fl-5b">
         <path>/Applications/ti/ccsv7/tools/compiler/ti-cgt-msp430_16.9.0.LTS/lib/</path>
         <kind>archive</kind>
         <file>rts430x_lc_sd_eabi.lib</file>
         <name>copy_zero_init.obj</name>
      </input_file>
      <input_file id="fl-5c">
         <path>/Applications/ti/ccsv7/tools/compiler/ti-cgt-msp430_16.9.0.LTS/lib/</path>
         <kind>archive</kind>
         <file>rts430x_lc_sd_eabi.lib</file>
         <name>cpy_util.obj</name>
      </input_file>
      <input_file id="fl-5d">
         <path>/Applications/ti/ccsv7/tools/compiler/ti-cgt-msp430_16.9.0.LTS/lib/</path>
         <kind>archive</kind>
         <file>rts430x_lc_sd_eabi.lib</file>
         <name>div16s.obj</name>
      </input_file>
      <input_file id="fl-5e">
         <path>/Applications/ti/ccsv7/tools/compiler/ti-cgt-msp430_16.9.0.LTS/lib/</path>
         <kind>archive</kind>
         <file>rts430x_lc_sd_eabi.lib</file>
         <name>div16u.obj</name>
      </input_file>
      <input_file id="fl-5f">
         <path>/Applications/ti/ccsv7/tools/compiler/ti-cgt-msp430_16.9.0.LTS/lib/</path>
         <kind>archive</kind>
         <file>rts430x_lc_sd_eabi.lib</file>
         <name>div32s.obj</name>
      </input_file>
      <input_file id="fl-60">
         <path>/Applications/ti/ccsv7/tools/compiler/ti-cgt-msp430_16.9.0.LTS/lib/</path>
         <kind>archive</kind>
         <file>rts430x_lc_sd_eabi.lib</file>
         <name>div32u.obj</name>
      </input_file>
      <input_file id="fl-61">
         <path>/Applications/ti/ccsv7/tools/compiler/ti-cgt-msp430_16.9.0.LTS/lib/</path>
         <kind>archive</kind>
         <file>rts430x_lc_sd_eabi.lib</file>
         <name>exit.obj</name>
      </input_file>
      <input_file id="fl-62">
         <path>/Applications/ti/ccsv7/tools/compiler/ti-cgt-msp430_16.9.0.LTS/lib/</path>
         <kind>archive</kind>
         <file>rts430x_lc_sd_eabi.lib</file>
         <name>exit_gvars.obj</name>
      </input_file>
      <input_file id="fl-63">
         <path>/Applications/ti/ccsv7/tools/compiler/ti-cgt-msp430_16.9.0.LTS/lib/</path>
         <kind>archive</kind>
         <file>rts430x_lc_sd_eabi.lib</file>
         <name>int41.obj</name>
      </input_file>
      <input_file id="fl-64">
         <path>/Applications/ti/ccsv7/tools/compiler/ti-cgt-msp430_16.9.0.LTS/lib/</path>
         <kind>archive</kind>
         <file>rts430x_lc_sd_eabi.lib</file>
         <name>int42.obj</name>
      </input_file>
      <input_file id="fl-65">
         <path>/Applications/ti/ccsv7/tools/compiler/ti-cgt-msp430_16.9.0.LTS/lib/</path>
         <kind>archive</kind>
         <file>rts430x_lc_sd_eabi.lib</file>
         <name>int43.obj</name>
      </input_file>
      <input_file id="fl-66">
         <path>/Applications/ti/ccsv7/tools/compiler/ti-cgt-msp430_16.9.0.LTS/lib/</path>
         <kind>archive</kind>
         <file>rts430x_lc_sd_eabi.lib</file>
         <name>int44.obj</name>
      </input_file>
      <input_file id="fl-67">
         <path>/Applications/ti/ccsv7/tools/compiler/ti-cgt-msp430_16.9.0.LTS/lib/</path>
         <kind>archive</kind>
         <file>rts430x_lc_sd_eabi.lib</file>
         <name>int45.obj</name>
      </input_file>
      <input_file id="fl-68">
         <path>/Applications/ti/ccsv7/tools/compiler/ti-cgt-msp430_16.9.0.LTS/lib/</path>
         <kind>archive</kind>
         <file>rts430x_lc_sd_eabi.lib</file>
         <name>int46.obj</name>
      </input_file>
      <input_file id="fl-69">
         <path>/Applications/ti/ccsv7/tools/compiler/ti-cgt-msp430_16.9.0.LTS/lib/</path>
         <kind>archive</kind>
         <file>rts430x_lc_sd_eabi.lib</file>
         <name>int47.obj</name>
      </input_file>
      <input_file id="fl-6a">
         <path>/Applications/ti/ccsv7/tools/compiler/ti-cgt-msp430_16.9.0.LTS/lib/</path>
         <kind>archive</kind>
         <file>rts430x_lc_sd_eabi.lib</file>
         <name>int48.obj</name>
      </input_file>
      <input_file id="fl-6b">
         <path>/Applications/ti/ccsv7/tools/compiler/ti-cgt-msp430_16.9.0.LTS/lib/</path>
         <kind>archive</kind>
         <file>rts430x_lc_sd_eabi.lib</file>
         <name>int49.obj</name>
      </input_file>
      <input_file id="fl-6c">
         <path>/Applications/ti/ccsv7/tools/compiler/ti-cgt-msp430_16.9.0.LTS/lib/</path>
         <kind>archive</kind>
         <file>rts430x_lc_sd_eabi.lib</file>
         <name>int50.obj</name>
      </input_file>
      <input_file id="fl-6d">
         <path>/Applications/ti/ccsv7/tools/compiler/ti-cgt-msp430_16.9.0.LTS/lib/</path>
         <kind>archive</kind>
         <file>rts430x_lc_sd_eabi.lib</file>
         <name>int52.obj</name>
      </input_file>
      <input_file id="fl-6e">
         <path>/Applications/ti/ccsv7/tools/compiler/ti-cgt-msp430_16.9.0.LTS/lib/</path>
         <kind>archive</kind>
         <file>rts430x_lc_sd_eabi.lib</file>
         <name>int54.obj</name>
      </input_file>
      <input_file id="fl-6f">
         <path>/Applications/ti/ccsv7/tools/compiler/ti-cgt-msp430_16.9.0.LTS/lib/</path>
         <kind>archive</kind>
         <file>rts430x_lc_sd_eabi.lib</file>
         <name>int55.obj</name>
      </input_file>
      <input_file id="fl-70">
         <path>/Applications/ti/ccsv7/tools/compiler/ti-cgt-msp430_16.9.0.LTS/lib/</path>
         <kind>archive</kind>
         <file>rts430x_lc_sd_eabi.lib</file>
         <name>int56.obj</name>
      </input_file>
      <input_file id="fl-71">
         <path>/Applications/ti/ccsv7/tools/compiler/ti-cgt-msp430_16.9.0.LTS/lib/</path>
         <kind>archive</kind>
         <file>rts430x_lc_sd_eabi.lib</file>
         <name>int57.obj</name>
      </input_file>
      <input_file id="fl-72">
         <path>/Applications/ti/ccsv7/tools/compiler/ti-cgt-msp430_16.9.0.LTS/lib/</path>
         <kind>archive</kind>
         <file>rts430x_lc_sd_eabi.lib</file>
         <name>int58.obj</name>
      </input_file>
      <input_file id="fl-73">
         <path>/Applications/ti/ccsv7/tools/compiler/ti-cgt-msp430_16.9.0.LTS/lib/</path>
         <kind>archive</kind>
         <file>rts430x_lc_sd_eabi.lib</file>
         <name>int59.obj</name>
      </input_file>
      <input_file id="fl-74">
         <path>/Applications/ti/ccsv7/tools/compiler/ti-cgt-msp430_16.9.0.LTS/lib/</path>
         <kind>archive</kind>
         <file>rts430x_lc_sd_eabi.lib</file>
         <name>int60.obj</name>
      </input_file>
      <input_file id="fl-75">
         <path>/Applications/ti/ccsv7/tools/compiler/ti-cgt-msp430_16.9.0.LTS/lib/</path>
         <kind>archive</kind>
         <file>rts430x_lc_sd_eabi.lib</file>
         <name>int62.obj</name>
      </input_file>
      <input_file id="fl-76">
         <path>/Applications/ti/ccsv7/tools/compiler/ti-cgt-msp430_16.9.0.LTS/lib/</path>
         <kind>archive</kind>
         <file>rts430x_lc_sd_eabi.lib</file>
         <name>isr_trap.obj</name>
      </input_file>
      <input_file id="fl-77">
         <path>/Applications/ti/ccsv7/tools/compiler/ti-cgt-msp430_16.9.0.LTS/lib/</path>
         <kind>archive</kind>
         <file>rts430x_lc_sd_eabi.lib</file>
         <name>lsl16.obj</name>
      </input_file>
      <input_file id="fl-78">
         <path>/Applications/ti/ccsv7/tools/compiler/ti-cgt-msp430_16.9.0.LTS/lib/</path>
         <kind>archive</kind>
         <file>rts430x_lc_sd_eabi.lib</file>
         <name>lsr16.obj</name>
      </input_file>
      <input_file id="fl-79">
         <path>/Applications/ti/ccsv7/tools/compiler/ti-cgt-msp430_16.9.0.LTS/lib/</path>
         <kind>archive</kind>
         <file>rts430x_lc_sd_eabi.lib</file>
         <name>lsr32.obj</name>
      </input_file>
      <input_file id="fl-7a">
         <path>/Applications/ti/ccsv7/tools/compiler/ti-cgt-msp430_16.9.0.LTS/lib/</path>
         <kind>archive</kind>
         <file>rts430x_lc_sd_eabi.lib</file>
         <name>memcpy.obj</name>
      </input_file>
      <input_file id="fl-7b">
         <path>/Applications/ti/ccsv7/tools/compiler/ti-cgt-msp430_16.9.0.LTS/lib/</path>
         <kind>archive</kind>
         <file>rts430x_lc_sd_eabi.lib</file>
         <name>memset.obj</name>
      </input_file>
      <input_file id="fl-7c">
         <path>/Applications/ti/ccsv7/tools/compiler/ti-cgt-msp430_16.9.0.LTS/lib/</path>
         <kind>archive</kind>
         <file>rts430x_lc_sd_eabi.lib</file>
         <name>mpu_init.obj</name>
      </input_file>
      <input_file id="fl-7d">
         <path>/Applications/ti/ccsv7/tools/compiler/ti-cgt-msp430_16.9.0.LTS/lib/</path>
         <kind>archive</kind>
         <file>rts430x_lc_sd_eabi.lib</file>
         <name>mult16.obj</name>
      </input_file>
      <input_file id="fl-7e">
         <path>/Applications/ti/ccsv7/tools/compiler/ti-cgt-msp430_16.9.0.LTS/lib/</path>
         <kind>archive</kind>
         <file>rts430x_lc_sd_eabi.lib</file>
         <name>mult1632_f5hw.obj</name>
      </input_file>
      <input_file id="fl-7f">
         <path>/Applications/ti/ccsv7/tools/compiler/ti-cgt-msp430_16.9.0.LTS/lib/</path>
         <kind>archive</kind>
         <file>rts430x_lc_sd_eabi.lib</file>
         <name>mult16_f5hw.obj</name>
      </input_file>
      <input_file id="fl-80">
         <path>/Applications/ti/ccsv7/tools/compiler/ti-cgt-msp430_16.9.0.LTS/lib/</path>
         <kind>archive</kind>
         <file>rts430x_lc_sd_eabi.lib</file>
         <name>mult32.obj</name>
      </input_file>
      <input_file id="fl-81">
         <path>/Applications/ti/ccsv7/tools/compiler/ti-cgt-msp430_16.9.0.LTS/lib/</path>
         <kind>archive</kind>
         <file>rts430x_lc_sd_eabi.lib</file>
         <name>mult3264_f5hw.obj</name>
      </input_file>
      <input_file id="fl-82">
         <path>/Applications/ti/ccsv7/tools/compiler/ti-cgt-msp430_16.9.0.LTS/lib/</path>
         <kind>archive</kind>
         <file>rts430x_lc_sd_eabi.lib</file>
         <name>mult32_f5hw.obj</name>
      </input_file>
      <input_file id="fl-83">
         <path>/Applications/ti/ccsv7/tools/compiler/ti-cgt-msp430_16.9.0.LTS/lib/</path>
         <kind>archive</kind>
         <file>rts430x_lc_sd_eabi.lib</file>
         <name>mult64_f5hw.obj</name>
      </input_file>
      <input_file id="fl-84">
         <path>/Applications/ti/ccsv7/tools/compiler/ti-cgt-msp430_16.9.0.LTS/lib/</path>
         <kind>archive</kind>
         <file>rts430x_lc_sd_eabi.lib</file>
         <name>_lock.obj</name>
      </input_file>
      <input_file id="fl-85">
         <path>/Applications/ti/ccsv7/tools/compiler/ti-cgt-msp430_16.9.0.LTS/lib/</path>
         <kind>archive</kind>
         <file>rts430x_lc_sd_eabi.lib</file>
         <name>args_main.obj</name>
      </input_file>
      <input_file id="fl-86">
         <path>/Applications/ti/ccsv7/tools/compiler/ti-cgt-msp430_16.9.0.LTS/lib/</path>
         <kind>archive</kind>
         <file>rts430x_lc_sd_eabi.lib</file>
         <name>autoinit_wdt.obj</name>
      </input_file>
      <input_file id="fl-87">
         <path>/Applications/ti/ccsv7/tools/compiler/ti-cgt-msp430_16.9.0.LTS/lib/</path>
         <kind>archive</kind>
         <file>rts430x_lc_sd_eabi.lib</file>
         <name>cpy_tbl.obj</name>
      </input_file>
      <input_file id="fl-88">
         <path>/Applications/ti/ccsv7/tools/compiler/ti-cgt-msp430_16.9.0.LTS/lib/</path>
         <kind>archive</kind>
         <file>rts430x_lc_sd_eabi.lib</file>
         <name>startup.obj</name>
      </input_file>
   </input_file_list>
   <object_component_list>
      <object_component id="oc-644">
         <name>.bss:CdcControl</name>
         <uninitialized>true</uninitialized>
         <run_address>0x243c</run_address>
         <size>0x8</size>
         <input_file_ref idref="fl-6"/>
      </object_component>
      <object_component id="oc-559">
         <name>.bss</name>
         <uninitialized>true</uninitialized>
         <run_address>0x2454</run_address>
         <size>0x7</size>
         <input_file_ref idref="fl-7"/>
      </object_component>
      <object_component id="oc-582">
         <name>.common:CdcWriteCtrl</name>
         <uninitialized>true</uninitialized>
         <run_address>0x2432</run_address>
         <size>0xa</size>
      </object_component>
      <object_component id="oc-505">
         <name>.common:CdcReadCtrl</name>
         <uninitialized>true</uninitialized>
         <run_address>0x2422</run_address>
         <size>0x10</size>
      </object_component>
      <object_component id="oc-55c">
         <name>.common:wBytesRemainingOnIEP0</name>
         <uninitialized>true</uninitialized>
         <run_address>0x2464</run_address>
         <size>0x2</size>
      </object_component>
      <object_component id="oc-55d">
         <name>.common:wBytesRemainingOnOEP0</name>
         <uninitialized>true</uninitialized>
         <run_address>0x2466</run_address>
         <size>0x2</size>
      </object_component>
      <object_component id="oc-4fd">
         <name>.common:abUsbRequestReturnData</name>
         <uninitialized>true</uninitialized>
         <run_address>0x244c</run_address>
         <size>0x8</size>
      </object_component>
      <object_component id="oc-65f">
         <name>.common:abUsbRequestIncomingData</name>
         <uninitialized>true</uninitialized>
         <run_address>0x2444</run_address>
         <size>0x8</size>
      </object_component>
      <object_component id="oc-723">
         <name>.common:abramSerialStringDescriptor</name>
         <uninitialized>true</uninitialized>
         <run_address>0x2400</run_address>
         <size>0x22</size>
      </object_component>
      <object_component id="oc-4fc">
         <name>.common:bStatusAction</name>
         <uninitialized>true</uninitialized>
         <run_address>0x245b</run_address>
         <size>0x1</size>
      </object_component>
      <object_component id="oc-421">
         <name>.common:wUsbEventMask</name>
         <uninitialized>true</uninitialized>
         <run_address>0x2468</run_address>
         <size>0x2</size>
      </object_component>
      <object_component id="oc-589">
         <name>.common:USB_TX_memcpy</name>
         <uninitialized>true</uninitialized>
         <run_address>0x2460</run_address>
         <size>0x4</size>
      </object_component>
      <object_component id="oc-62c">
         <name>.common:USB_RX_memcpy</name>
         <uninitialized>true</uninitialized>
         <run_address>0x245c</run_address>
         <size>0x4</size>
      </object_component>
      <object_component id="oc-485">
         <name>.data</name>
         <load_address>0x2470</load_address>
         <run_address>0x2470</run_address>
         <size>0x4</size>
         <input_file_ref idref="fl-4"/>
      </object_component>
      <object_component id="oc-51c">
         <name>.data</name>
         <load_address>0x246a</load_address>
         <run_address>0x246a</run_address>
         <size>0x6</size>
         <input_file_ref idref="fl-7"/>
      </object_component>
      <object_component id="oc-398">
         <name>.stack</name>
         <uninitialized>true</uninitialized>
         <run_address>0x3360</run_address>
         <size>0x2</size>
         <input_file_ref idref="fl-57"/>
      </object_component>
      <object_component id="oc-843">
         <name>.stack</name>
         <uninitialized>true</uninitialized>
         <run_address>0x3360</run_address>
         <size>0x0</size>
      </object_component>
      <object_component id="oc-472">
         <name>.text:CdcToHostFromBuffer</name>
         <load_address>0xa000</load_address>
         <run_address>0xa000</run_address>
         <size>0x144</size>
         <input_file_ref idref="fl-6"/>
      </object_component>
      <object_component id="oc-448">
         <name>.text:USB_reset</name>
         <load_address>0xa144</load_address>
         <run_address>0xa144</run_address>
         <size>0x142</size>
         <input_file_ref idref="fl-7"/>
      </object_component>
      <object_component id="oc-3b8">
         <name>.text:_isr:iUsbInterruptHandler</name>
         <load_address>0xa286</load_address>
         <run_address>0xa286</run_address>
         <size>0x12a</size>
         <input_file_ref idref="fl-11"/>
      </object_component>
      <object_component id="oc-42a">
         <name>.text:CdcToBufferFromHost</name>
         <load_address>0xa3b0</load_address>
         <run_address>0xa3b0</run_address>
         <size>0xfc</size>
         <input_file_ref idref="fl-6"/>
      </object_component>
      <object_component id="oc-6c">
         <name>.text:decompress:lzss:__TI_decompress_lzss</name>
         <load_address>0xa4ac</load_address>
         <run_address>0xa4ac</run_address>
         <size>0xee</size>
         <input_file_ref idref="fl-59"/>
      </object_component>
      <object_component id="oc-54f">
         <name>.text:USB_enable</name>
         <load_address>0xa59a</load_address>
         <run_address>0xa59a</run_address>
         <size>0xce</size>
         <input_file_ref idref="fl-7"/>
      </object_component>
      <object_component id="oc-5e3">
         <name>.text:PMM_setVCoreUp</name>
         <load_address>0xa668</load_address>
         <run_address>0xa668</run_address>
         <size>0xcc</size>
         <input_file_ref idref="fl-27"/>
      </object_component>
      <object_component id="oc-4a2">
         <name>.text:copy_in</name>
         <load_address>0xa734</load_address>
         <run_address>0xa734</run_address>
         <size>0xb2</size>
         <input_file_ref idref="fl-87"/>
      </object_component>
      <object_component id="oc-67f">
         <name>.text:USB_InitSerialStringDescriptor</name>
         <load_address>0xa7e6</load_address>
         <run_address>0xa7e6</run_address>
         <size>0xb0</size>
         <input_file_ref idref="fl-7"/>
      </object_component>
      <object_component id="oc-566">
         <name>.text:USB_determineFreq</name>
         <load_address>0xa896</load_address>
         <run_address>0xa896</run_address>
         <size>0xae</size>
         <input_file_ref idref="fl-7"/>
      </object_component>
      <object_component id="oc-5f8">
         <name>.text:USBCDC_getInterfaceStatus</name>
         <load_address>0xa944</load_address>
         <run_address>0xa944</run_address>
         <size>0xac</size>
         <input_file_ref idref="fl-6"/>
      </object_component>
      <object_component id="oc-3f0">
         <name>.text:main</name>
         <load_address>0xa9f0</load_address>
         <run_address>0xa9f0</run_address>
         <size>0xa6</size>
         <input_file_ref idref="fl-4"/>
      </object_component>
      <object_component id="oc-3d6">
         <name>.text:_auto_init_hold_wdt</name>
         <load_address>0xaa96</load_address>
         <run_address>0xaa96</run_address>
         <size>0x96</size>
         <input_file_ref idref="fl-86"/>
      </object_component>
      <object_component id="oc-5dd">
         <name>.text:PMM_setVCoreDown</name>
         <load_address>0xab2c</load_address>
         <run_address>0xab2c</run_address>
         <size>0x94</size>
         <input_file_ref idref="fl-27"/>
      </object_component>
      <object_component id="oc-4cf">
         <name>.text:CC_SPI_Init_v</name>
         <load_address>0xabc0</load_address>
         <run_address>0xabc0</run_address>
         <size>0x8c</size>
         <input_file_ref idref="fl-2"/>
      </object_component>
      <object_component id="oc-4fe">
         <name>.text:usbDecodeAndProcessUsbRequest</name>
         <load_address>0xac4c</load_address>
         <run_address>0xac4c</run_address>
         <size>0x86</size>
         <input_file_ref idref="fl-7"/>
      </object_component>
      <object_component id="oc-5eb">
         <name>.text:USB_init</name>
         <load_address>0xacd2</load_address>
         <run_address>0xacd2</run_address>
         <size>0x80</size>
         <input_file_ref idref="fl-7"/>
      </object_component>
      <object_component id="oc-593">
         <name>.text:Handler_SetLineCoding</name>
         <load_address>0xad52</load_address>
         <run_address>0xad52</run_address>
         <size>0x7a</size>
         <input_file_ref idref="fl-6"/>
      </object_component>
      <object_component id="oc-41b">
         <name>.text:USBCDC_getBytesInUSBBuffer</name>
         <load_address>0xadcc</load_address>
         <run_address>0xadcc</run_address>
         <size>0x78</size>
         <input_file_ref idref="fl-6"/>
      </object_component>
      <object_component id="oc-5fe">
         <name>.text:USBCDC_sendData</name>
         <load_address>0xae44</load_address>
         <run_address>0xae44</run_address>
         <size>0x74</size>
         <input_file_ref idref="fl-6"/>
      </object_component>
      <object_component id="oc-69b">
         <name>.text:usbGetLineCoding</name>
         <load_address>0xaeb8</load_address>
         <run_address>0xaeb8</run_address>
         <size>0x70</size>
         <input_file_ref idref="fl-6"/>
      </object_component>
      <object_component id="oc-59a">
         <name>.text:usbSendNextPacketOnIEP0</name>
         <load_address>0xaf28</load_address>
         <run_address>0xaf28</run_address>
         <size>0x70</size>
         <input_file_ref idref="fl-7"/>
      </object_component>
      <object_component id="oc-454">
         <name>.text:PWRVBUSoffHandler</name>
         <load_address>0xaf98</load_address>
         <run_address>0xaf98</run_address>
         <size>0x6a</size>
         <input_file_ref idref="fl-11"/>
      </object_component>
      <object_component id="oc-4f4">
         <name>.text:USBCDC_sendDataInBackground</name>
         <load_address>0xb002</load_address>
         <run_address>0xb002</run_address>
         <size>0x6a</size>
         <input_file_ref idref="fl-f"/>
      </object_component>
      <object_component id="oc-6e3">
         <name>.text:usbGetEndpointStatus</name>
         <load_address>0xb06c</load_address>
         <run_address>0xb06c</run_address>
         <size>0x6a</size>
         <input_file_ref idref="fl-7"/>
      </object_component>
      <object_component id="oc-542">
         <name>.text:CopyUsbToBuff</name>
         <load_address>0xb0d6</load_address>
         <run_address>0xb0d6</run_address>
         <size>0x60</size>
         <input_file_ref idref="fl-6"/>
      </object_component>
      <object_component id="oc-460">
         <name>.text:PWRVBUSonHandler</name>
         <load_address>0xb136</load_address>
         <run_address>0xb136</run_address>
         <size>0x5e</size>
         <input_file_ref idref="fl-11"/>
      </object_component>
      <object_component id="oc-685">
         <name>.text:USB_initMemcpy</name>
         <load_address>0xb194</load_address>
         <run_address>0xb194</run_address>
         <size>0x5c</size>
         <input_file_ref idref="fl-8"/>
      </object_component>
      <object_component id="oc-73a">
         <name>.text:memcpyDMA</name>
         <load_address>0xb1f0</load_address>
         <run_address>0xb1f0</run_address>
         <size>0x5a</size>
         <input_file_ref idref="fl-8"/>
      </object_component>
      <object_component id="oc-6b3">
         <name>.text:usbClearEndpointFeature</name>
         <load_address>0xb24a</load_address>
         <run_address>0xb24a</run_address>
         <size>0x5a</size>
         <input_file_ref idref="fl-7"/>
      </object_component>
      <object_component id="oc-734">
         <name>.text:DMA_init</name>
         <load_address>0xb2a4</load_address>
         <run_address>0xb2a4</run_address>
         <size>0x56</size>
         <input_file_ref idref="fl-1b"/>
      </object_component>
      <object_component id="oc-3be">
         <name>.text:_isr:TIMER0_A0_ISR</name>
         <load_address>0xb2fa</load_address>
         <run_address>0xb2fa</run_address>
         <size>0x52</size>
         <input_file_ref idref="fl-4"/>
      </object_component>
      <object_component id="oc-6fb">
         <name>.text:usbSetEndpointFeature</name>
         <load_address>0xb34c</load_address>
         <run_address>0xb34c</run_address>
         <size>0x52</size>
         <input_file_ref idref="fl-7"/>
      </object_component>
      <object_component id="oc-6cb">
         <name>.text:usbGetStringDescriptor</name>
         <load_address>0xb39e</load_address>
         <run_address>0xb39e</run_address>
         <size>0x4e</size>
         <input_file_ref idref="fl-7"/>
      </object_component>
      <object_component id="oc-4e7">
         <name>.text:InitClock_v</name>
         <load_address>0xb3ec</load_address>
         <run_address>0xb3ec</run_address>
         <size>0x4a</size>
         <input_file_ref idref="fl-4"/>
      </object_component>
      <object_component id="oc-4e1">
         <name>.text:PMM_setVCore</name>
         <load_address>0xb436</load_address>
         <run_address>0xb436</run_address>
         <size>0x4a</size>
         <input_file_ref idref="fl-27"/>
      </object_component>
      <object_component id="oc-4ed">
         <name>.text:USB_setup</name>
         <load_address>0xb480</load_address>
         <run_address>0xb480</run_address>
         <size>0x4a</size>
         <input_file_ref idref="fl-7"/>
      </object_component>
      <object_component id="oc-58d">
         <name>.text:usbReceiveNextPacketOnOEP0</name>
         <load_address>0xb4ca</load_address>
         <run_address>0xb4ca</run_address>
         <size>0x4a</size>
         <input_file_ref idref="fl-7"/>
      </object_component>
      <object_component id="oc-40f">
         <name>.text:SetupPacketInterruptHandler</name>
         <load_address>0xb514</load_address>
         <run_address>0xb514</run_address>
         <size>0x48</size>
         <input_file_ref idref="fl-11"/>
      </object_component>
      <object_component id="oc-724">
         <name>.text:TLV_getInfo</name>
         <load_address>0xb55c</load_address>
         <run_address>0xb55c</run_address>
         <size>0x48</size>
         <input_file_ref idref="fl-34"/>
      </object_component>
      <object_component id="oc-3a7">
         <name>.text:__memcpy_far</name>
         <load_address>0xb5a4</load_address>
         <run_address>0xb5a4</run_address>
         <size>0x40</size>
         <input_file_ref idref="fl-5c"/>
      </object_component>
      <object_component id="oc-3c4">
         <name>.text:_isr:UNMI_ISR</name>
         <load_address>0xb5e4</load_address>
         <run_address>0xb5e4</run_address>
         <size>0x3e</size>
         <input_file_ref idref="fl-4"/>
      </object_component>
      <object_component id="oc-8e">
         <name>.text:decompress:ZI:__TI_zero_init</name>
         <load_address>0xb622</load_address>
         <run_address>0xb622</run_address>
         <size>0x3e</size>
         <input_file_ref idref="fl-5b"/>
      </object_component>
      <object_component id="oc-72">
         <name>.text:decompress:none:__TI_decompress_none</name>
         <load_address>0xb660</load_address>
         <run_address>0xb660</run_address>
         <size>0x3c</size>
         <input_file_ref idref="fl-5a"/>
      </object_component>
      <object_component id="oc-478">
         <name>.text:OEP0InterruptHandler</name>
         <load_address>0xb69c</load_address>
         <run_address>0xb69c</run_address>
         <size>0x38</size>
         <input_file_ref idref="fl-11"/>
      </object_component>
      <object_component id="oc-6e9">
         <name>.text:usbSetAddress</name>
         <load_address>0xb6d4</load_address>
         <run_address>0xb6d4</run_address>
         <size>0x34</size>
         <input_file_ref idref="fl-7"/>
      </object_component>
      <object_component id="oc-5f1">
         <name>.text:USB_getConnectionInformation</name>
         <load_address>0xb708</load_address>
         <run_address>0xb708</run_address>
         <size>0x32</size>
         <input_file_ref idref="fl-7"/>
      </object_component>
      <object_component id="oc-6ef">
         <name>.text:usbSetConfiguration</name>
         <load_address>0xb73a</load_address>
         <run_address>0xb73a</run_address>
         <size>0x30</size>
         <input_file_ref idref="fl-7"/>
      </object_component>
      <object_component id="oc-55e">
         <name>.text:CdcResetData</name>
         <load_address>0xb76a</load_address>
         <run_address>0xb76a</run_address>
         <size>0x2e</size>
         <input_file_ref idref="fl-6"/>
      </object_component>
      <object_component id="oc-43c">
         <name>.text:USB_suspend</name>
         <load_address>0xb798</load_address>
         <run_address>0xb798</run_address>
         <size>0x2c</size>
         <input_file_ref idref="fl-7"/>
      </object_component>
      <object_component id="oc-635">
         <name>.text:UCS_bypassXT2WithTimeout</name>
         <load_address>0xb7c4</load_address>
         <run_address>0xb7c4</run_address>
         <size>0x2a</size>
         <input_file_ref idref="fl-35"/>
      </object_component>
      <object_component id="oc-6d7">
         <name>.text:usbGetDeviceStatus</name>
         <load_address>0xb7ee</load_address>
         <run_address>0xb7ee</run_address>
         <size>0x2a</size>
         <input_file_ref idref="fl-7"/>
      </object_component>
      <object_component id="oc-796">
         <name>.text:DMA_setDstAddress</name>
         <load_address>0xb818</load_address>
         <run_address>0xb818</run_address>
         <size>0x26</size>
         <input_file_ref idref="fl-1b"/>
      </object_component>
      <object_component id="oc-790">
         <name>.text:DMA_setSrcAddress</name>
         <load_address>0xb83e</load_address>
         <run_address>0xb83e</run_address>
         <size>0x24</size>
         <input_file_ref idref="fl-1b"/>
      </object_component>
      <object_component id="oc-6ad">
         <name>.text:usbClearDeviceFeature</name>
         <load_address>0xb862</load_address>
         <run_address>0xb862</run_address>
         <size>0x24</size>
         <input_file_ref idref="fl-7"/>
      </object_component>
      <object_component id="oc-6f5">
         <name>.text:usbSetDeviceFeature</name>
         <load_address>0xb886</load_address>
         <run_address>0xb886</run_address>
         <size>0x24</size>
         <input_file_ref idref="fl-7"/>
      </object_component>
      <object_component id="oc-489">
         <name>.text:USB_disable</name>
         <load_address>0xb8aa</load_address>
         <run_address>0xb8aa</run_address>
         <size>0x22</size>
         <input_file_ref idref="fl-7"/>
      </object_component>
      <object_component id="oc-743">
         <name>.text:usbSendDataPacketOnEP0</name>
         <load_address>0xb8cc</load_address>
         <run_address>0xb8cc</run_address>
         <size>0x20</size>
         <input_file_ref idref="fl-7"/>
      </object_component>
      <object_component id="oc-6d1">
         <name>.text:usbGetInterface</name>
         <load_address>0xb8ec</load_address>
         <run_address>0xb8ec</run_address>
         <size>0x1e</size>
         <input_file_ref idref="fl-7"/>
      </object_component>
      <object_component id="oc-6dd">
         <name>.text:usbGetInterfaceStatus</name>
         <load_address>0xb90a</load_address>
         <run_address>0xb90a</run_address>
         <size>0x1e</size>
         <input_file_ref idref="fl-7"/>
      </object_component>
      <object_component id="oc-47e">
         <name>.text:IEP0InterruptHandler</name>
         <load_address>0xb928</load_address>
         <run_address>0xb928</run_address>
         <size>0x1c</size>
         <input_file_ref idref="fl-11"/>
      </object_component>
      <object_component id="oc-68d">
         <name>.text:usbDisableInEndpointInterrupt</name>
         <load_address>0xb944</load_address>
         <run_address>0xb944</run_address>
         <size>0x1c</size>
         <input_file_ref idref="fl-7"/>
      </object_component>
      <object_component id="oc-516">
         <name>.text:usbDisableOutEndpointInterrupt</name>
         <load_address>0xb960</load_address>
         <run_address>0xb960</run_address>
         <size>0x1c</size>
         <input_file_ref idref="fl-7"/>
      </object_component>
      <object_component id="oc-62f">
         <name>.text:GPIO_setAsPeripheralModuleFunctionOutputPin</name>
         <load_address>0xb97c</load_address>
         <run_address>0xb97c</run_address>
         <size>0x1a</size>
         <input_file_ref idref="fl-21"/>
      </object_component>
      <object_component id="oc-575">
         <name>.text:USB_connect</name>
         <load_address>0xb996</load_address>
         <run_address>0xb996</run_address>
         <size>0x1a</size>
         <input_file_ref idref="fl-7"/>
      </object_component>
      <object_component id="oc-ac">
         <name>.text:_isr:_c_int00_noargs_noexit</name>
         <load_address>0xb9b0</load_address>
         <run_address>0xb9b0</run_address>
         <size>0x1a</size>
         <input_file_ref idref="fl-58"/>
      </object_component>
      <object_component id="oc-72e">
         <name>.text:memcpyV</name>
         <load_address>0xb9ca</load_address>
         <run_address>0xb9ca</run_address>
         <size>0x1a</size>
         <input_file_ref idref="fl-8"/>
      </object_component>
      <object_component id="oc-701">
         <name>.text:usbSetInterface</name>
         <load_address>0xb9e4</load_address>
         <run_address>0xb9e4</run_address>
         <size>0x1a</size>
         <input_file_ref idref="fl-7"/>
      </object_component>
      <object_component id="oc-430">
         <name>.text:USB_resume</name>
         <load_address>0xb9fe</load_address>
         <run_address>0xb9fe</run_address>
         <size>0x18</size>
         <input_file_ref idref="fl-7"/>
      </object_component>
      <object_component id="oc-4c9">
         <name>.text:WDT_A_hold</name>
         <load_address>0xba16</load_address>
         <run_address>0xba16</run_address>
         <size>0x18</size>
         <input_file_ref idref="fl-3a"/>
      </object_component>
      <object_component id="oc-57d">
         <name>.text</name>
         <load_address>0xba2e</load_address>
         <run_address>0xba2e</run_address>
         <size>0x18</size>
         <input_file_ref idref="fl-7f"/>
      </object_component>
      <object_component id="oc-648">
         <name>.text</name>
         <load_address>0xba46</load_address>
         <run_address>0xba46</run_address>
         <size>0x16</size>
         <input_file_ref idref="fl-5e"/>
      </object_component>
      <object_component id="oc-6c5">
         <name>.text:usbGetConfigurationDescriptor</name>
         <load_address>0xba5c</load_address>
         <run_address>0xba5c</run_address>
         <size>0x16</size>
         <input_file_ref idref="fl-7"/>
      </object_component>
      <object_component id="oc-6bf">
         <name>.text:usbGetDeviceDescriptor</name>
         <load_address>0xba72</load_address>
         <run_address>0xba72</run_address>
         <size>0x16</size>
         <input_file_ref idref="fl-7"/>
      </object_component>
      <object_component id="oc-466">
         <name>.text:USB_handleVbusOnEvent</name>
         <load_address>0xba88</load_address>
         <run_address>0xba88</run_address>
         <size>0x14</size>
         <input_file_ref idref="fl-10"/>
      </object_component>
      <object_component id="oc-63e">
         <name>.text:memset</name>
         <load_address>0xba9c</load_address>
         <run_address>0xba9c</run_address>
         <size>0x14</size>
         <input_file_ref idref="fl-7b"/>
      </object_component>
      <object_component id="oc-6b9">
         <name>.text:usbGetConfiguration</name>
         <load_address>0xbab0</load_address>
         <run_address>0xbab0</run_address>
         <size>0x14</size>
         <input_file_ref idref="fl-7"/>
      </object_component>
      <object_component id="oc-74a">
         <name>.text:usbReceiveDataPacketOnEP0</name>
         <load_address>0xbac4</load_address>
         <run_address>0xbac4</run_address>
         <size>0x14</size>
         <input_file_ref idref="fl-7"/>
      </object_component>
      <object_component id="oc-6a7">
         <name>.text:usbSetControlLineState</name>
         <load_address>0xbad8</load_address>
         <run_address>0xbad8</run_address>
         <size>0x14</size>
         <input_file_ref idref="fl-6"/>
      </object_component>
      <object_component id="oc-415">
         <name>.text:CdcIsReceiveInProgress</name>
         <load_address>0xbaec</load_address>
         <run_address>0xbaec</run_address>
         <size>0x12</size>
         <input_file_ref idref="fl-6"/>
      </object_component>
      <object_component id="oc-5a8">
         <name>.text:memcpy</name>
         <load_address>0xbafe</load_address>
         <run_address>0xbafe</run_address>
         <size>0x12</size>
         <input_file_ref idref="fl-7a"/>
      </object_component>
      <object_component id="oc-707">
         <name>.text:usbInvalidRequest</name>
         <load_address>0xbb10</load_address>
         <run_address>0xbb10</run_address>
         <size>0x12</size>
         <input_file_ref idref="fl-7"/>
      </object_component>
      <object_component id="oc-4d5">
         <name>.text:CC_SPI_WriteRead_u8</name>
         <load_address>0xbb22</load_address>
         <run_address>0xbb22</run_address>
         <size>0x10</size>
         <input_file_ref idref="fl-2"/>
      </object_component>
      <object_component id="oc-757">
         <name>.text:usbSendZeroLengthPacketOnIEP0</name>
         <load_address>0xbb32</load_address>
         <run_address>0xbb32</run_address>
         <size>0xe</size>
         <input_file_ref idref="fl-7"/>
      </object_component>
      <object_component id="oc-7b4">
         <name>.text:DMA_getInterruptStatus</name>
         <load_address>0xbb40</load_address>
         <run_address>0xbb40</run_address>
         <size>0xc</size>
         <input_file_ref idref="fl-1b"/>
      </object_component>
      <object_component id="oc-6a1">
         <name>.text:usbSetLineCoding</name>
         <load_address>0xbb4c</load_address>
         <run_address>0xbb4c</run_address>
         <size>0xc</size>
         <input_file_ref idref="fl-6"/>
      </object_component>
      <object_component id="oc-7ba">
         <name>.text:DMA_disableTransfers</name>
         <load_address>0xbb58</load_address>
         <run_address>0xbb58</run_address>
         <size>0xa</size>
         <input_file_ref idref="fl-1b"/>
      </object_component>
      <object_component id="oc-7a8">
         <name>.text:DMA_enableTransfers</name>
         <load_address>0xbb62</load_address>
         <run_address>0xbb62</run_address>
         <size>0xa</size>
         <input_file_ref idref="fl-1b"/>
      </object_component>
      <object_component id="oc-3d0">
         <name>.text:_system_pre_init</name>
         <load_address>0xbb6c</load_address>
         <run_address>0xbb6c</run_address>
         <size>0xa</size>
         <input_file_ref idref="fl-5"/>
      </object_component>
      <object_component id="oc-621">
         <name>.text</name>
         <load_address>0xbb76</load_address>
         <run_address>0xbb76</run_address>
         <size>0xa</size>
         <input_file_ref idref="fl-77"/>
      </object_component>
      <object_component id="oc-64d">
         <name>.text</name>
         <load_address>0xbb80</load_address>
         <run_address>0xbb80</run_address>
         <size>0xa</size>
         <input_file_ref idref="fl-78"/>
      </object_component>
      <object_component id="oc-7a2">
         <name>.text:DMA_setTransferSize</name>
         <load_address>0xbb8a</load_address>
         <run_address>0xbb8a</run_address>
         <size>0x8</size>
         <input_file_ref idref="fl-1b"/>
      </object_component>
      <object_component id="oc-7ae">
         <name>.text:DMA_startTransfer</name>
         <load_address>0xbb92</load_address>
         <run_address>0xbb92</run_address>
         <size>0x8</size>
         <input_file_ref idref="fl-1b"/>
      </object_component>
      <object_component id="oc-56d">
         <name>.text:UCS_turnOffXT2</name>
         <load_address>0xbb9a</load_address>
         <run_address>0xbb9a</run_address>
         <size>0x8</size>
         <input_file_ref idref="fl-35"/>
      </object_component>
      <object_component id="oc-45a">
         <name>.text:USB_handleVbusOffEvent</name>
         <load_address>0xbba2</load_address>
         <run_address>0xbba2</run_address>
         <size>0x8</size>
         <input_file_ref idref="fl-10"/>
      </object_component>
      <object_component id="oc-3b3">
         <name>.text:_isr:__TI_ISR_TRAP</name>
         <load_address>0xbbaa</load_address>
         <run_address>0xbbaa</run_address>
         <size>0x8</size>
         <input_file_ref idref="fl-76"/>
      </object_component>
      <object_component id="oc-4db">
         <name>.text:CC_SPI_DeselectChip_v</name>
         <load_address>0xbbb2</load_address>
         <run_address>0xbbb2</run_address>
         <size>0x6</size>
         <input_file_ref idref="fl-2"/>
      </object_component>
      <object_component id="oc-78a">
         <name>.text:DMA_disableTransferDuringReadModifyWrite</name>
         <load_address>0xbbb8</load_address>
         <run_address>0xbbb8</run_address>
         <size>0x6</size>
         <input_file_ref idref="fl-1b"/>
      </object_component>
      <object_component id="oc-79c">
         <name>.text:DMA_enableTransferDuringReadModifyWrite</name>
         <load_address>0xbbbe</load_address>
         <run_address>0xbbbe</run_address>
         <size>0x6</size>
         <input_file_ref idref="fl-1b"/>
      </object_component>
      <object_component id="oc-495">
         <name>.text:SFR_clearInterrupt</name>
         <load_address>0xbbc4</load_address>
         <run_address>0xbbc4</run_address>
         <size>0x6</size>
         <input_file_ref idref="fl-2e"/>
      </object_component>
      <object_component id="oc-48f">
         <name>.text:UCS_clearFaultFlag</name>
         <load_address>0xbbca</load_address>
         <run_address>0xbbca</run_address>
         <size>0x6</size>
         <input_file_ref idref="fl-35"/>
      </object_component>
      <object_component id="oc-3f8">
         <name>.text:abort</name>
         <load_address>0xbbd0</load_address>
         <run_address>0xbbd0</run_address>
         <size>0x6</size>
         <input_file_ref idref="fl-61"/>
      </object_component>
      <object_component id="oc-693">
         <name>.text:usbRestoreInEndpointInterrupt</name>
         <load_address>0xbbd6</load_address>
         <run_address>0xbbd6</run_address>
         <size>0x6</size>
         <input_file_ref idref="fl-7"/>
      </object_component>
      <object_component id="oc-51f">
         <name>.text:usbRestoreOutEndpointInterrupt</name>
         <load_address>0xbbdc</load_address>
         <run_address>0xbbdc</run_address>
         <size>0x6</size>
         <input_file_ref idref="fl-7"/>
      </object_component>
      <object_component id="oc-424">
         <name>.text:USBCDC_handleDataReceived</name>
         <load_address>0xbbe2</load_address>
         <run_address>0xbbe2</run_address>
         <size>0x4</size>
         <input_file_ref idref="fl-10"/>
      </object_component>
      <object_component id="oc-548">
         <name>.text:USBCDC_handleReceiveCompleted</name>
         <load_address>0xbbe6</load_address>
         <run_address>0xbbe6</run_address>
         <size>0x4</size>
         <input_file_ref idref="fl-10"/>
      </object_component>
      <object_component id="oc-583">
         <name>.text:USBCDC_handleSendCompleted</name>
         <load_address>0xbbea</load_address>
         <run_address>0xbbea</run_address>
         <size>0x4</size>
         <input_file_ref idref="fl-10"/>
      </object_component>
      <object_component id="oc-751">
         <name>.text:USBCDC_handleSetControlLineState</name>
         <load_address>0xbbee</load_address>
         <run_address>0xbbee</run_address>
         <size>0x4</size>
         <input_file_ref idref="fl-10"/>
      </object_component>
      <object_component id="oc-660">
         <name>.text:USBCDC_handleSetLineCoding</name>
         <load_address>0xbbf2</load_address>
         <run_address>0xbbf2</run_address>
         <size>0x4</size>
         <input_file_ref idref="fl-10"/>
      </object_component>
      <object_component id="oc-46c">
         <name>.text:USB_handleClockEvent</name>
         <load_address>0xbbf6</load_address>
         <run_address>0xbbf6</run_address>
         <size>0x4</size>
         <input_file_ref idref="fl-10"/>
      </object_component>
      <object_component id="oc-772">
         <name>.text:USB_handleEnumerationCompleteEvent</name>
         <load_address>0xbbfa</load_address>
         <run_address>0xbbfa</run_address>
         <size>0x4</size>
         <input_file_ref idref="fl-10"/>
      </object_component>
      <object_component id="oc-44e">
         <name>.text:USB_handleResetEvent</name>
         <load_address>0xbbfe</load_address>
         <run_address>0xbbfe</run_address>
         <size>0x4</size>
         <input_file_ref idref="fl-10"/>
      </object_component>
      <object_component id="oc-436">
         <name>.text:USB_handleResumeEvent</name>
         <load_address>0xbc02</load_address>
         <run_address>0xbc02</run_address>
         <size>0x4</size>
         <input_file_ref idref="fl-10"/>
      </object_component>
      <object_component id="oc-442">
         <name>.text:USB_handleSuspendEvent</name>
         <load_address>0xbc06</load_address>
         <run_address>0xbc06</run_address>
         <size>0x4</size>
         <input_file_ref idref="fl-10"/>
      </object_component>
      <object_component id="oc-4a8">
         <name>.text:_system_post_cinit</name>
         <load_address>0xbc0a</load_address>
         <run_address>0xbc0a</run_address>
         <size>0x2</size>
         <input_file_ref idref="fl-88"/>
      </object_component>
      <object_component id="oc-842">
         <name>.cinit..data.load</name>
         <load_address>0xbe5a</load_address>
         <run_address>0xbe5a</run_address>
         <size>0xe</size>
      </object_component>
      <object_component id="oc-83f">
         <name>__TI_handler_table</name>
         <load_address>0xbe68</load_address>
         <run_address>0xbe68</run_address>
         <size>0xc</size>
      </object_component>
      <object_component id="oc-841">
         <name>.cinit..bss.load</name>
         <load_address>0xbe74</load_address>
         <run_address>0xbe74</run_address>
         <size>0x6</size>
      </object_component>
      <object_component id="oc-840">
         <name>__TI_cinit_table</name>
         <load_address>0xbe7a</load_address>
         <run_address>0xbe7a</run_address>
         <size>0x10</size>
      </object_component>
      <object_component id="oc-605">
         <name>.const:tUsbRequestList</name>
         <load_address>0xbc0c</load_address>
         <run_address>0xbc0c</run_address>
         <size>0x10a</size>
         <input_file_ref idref="fl-12"/>
      </object_component>
      <object_component id="oc-769">
         <name>.const:.string:abromStringDescriptor</name>
         <load_address>0xbd16</load_address>
         <run_address>0xbd16</run_address>
         <size>0x8e</size>
         <input_file_ref idref="fl-12"/>
      </object_component>
      <object_component id="oc-765">
         <name>.const:abromConfigurationDescriptorGroup</name>
         <load_address>0xbda4</load_address>
         <run_address>0xbda4</run_address>
         <size>0x43</size>
         <input_file_ref idref="fl-12"/>
      </object_component>
      <object_component id="oc-627">
         <name>.const:.string</name>
         <load_address>0xbde8</load_address>
         <run_address>0xbde8</run_address>
         <size>0x22</size>
         <input_file_ref idref="fl-7"/>
      </object_component>
      <object_component id="oc-712">
         <name>.const:GPIO_PORT_TO_BASE</name>
         <load_address>0xbe0a</load_address>
         <run_address>0xbe0a</run_address>
         <size>0x1c</size>
         <input_file_ref idref="fl-21"/>
      </object_component>
      <object_component id="oc-761">
         <name>.const:.string:abromDeviceDescriptor</name>
         <load_address>0xbe26</load_address>
         <run_address>0xbe26</run_address>
         <size>0x12</size>
         <input_file_ref idref="fl-12"/>
      </object_component>
      <object_component id="oc-513">
         <name>.const:stUsbHandle</name>
         <load_address>0xbe38</load_address>
         <run_address>0xbe38</run_address>
         <size>0x10</size>
         <input_file_ref idref="fl-12"/>
      </object_component>
      <object_component id="oc-72b">
         <name>.const:$P$T0$1</name>
         <load_address>0xbe48</load_address>
         <run_address>0xbe48</run_address>
         <size>0xa</size>
         <input_file_ref idref="fl-8"/>
      </object_component>
      <object_component id="oc-4f3">
         <name>.const:.string</name>
         <load_address>0xbe52</load_address>
         <run_address>0xbe52</run_address>
         <size>0x8</size>
         <input_file_ref idref="fl-4"/>
      </object_component>
      <object_component id="oc-7da">
         <name>.binit</name>
         <load_address>0xa000</load_address>
         <run_address>0xa000</run_address>
         <size>0x0</size>
      </object_component>
      <object_component id="oc-78">
         <name>.int41</name>
         <load_address>0xffd2</load_address>
         <run_address>0xffd2</run_address>
         <size>0x2</size>
         <input_file_ref idref="fl-63"/>
      </object_component>
      <object_component id="oc-79">
         <name>.int42</name>
         <load_address>0xffd4</load_address>
         <run_address>0xffd4</run_address>
         <size>0x2</size>
         <input_file_ref idref="fl-64"/>
      </object_component>
      <object_component id="oc-7a">
         <name>.int43</name>
         <load_address>0xffd6</load_address>
         <run_address>0xffd6</run_address>
         <size>0x2</size>
         <input_file_ref idref="fl-65"/>
      </object_component>
      <object_component id="oc-7b">
         <name>.int44</name>
         <load_address>0xffd8</load_address>
         <run_address>0xffd8</run_address>
         <size>0x2</size>
         <input_file_ref idref="fl-66"/>
      </object_component>
      <object_component id="oc-7c">
         <name>.int45</name>
         <load_address>0xffda</load_address>
         <run_address>0xffda</run_address>
         <size>0x2</size>
         <input_file_ref idref="fl-67"/>
      </object_component>
      <object_component id="oc-7d">
         <name>.int46</name>
         <load_address>0xffdc</load_address>
         <run_address>0xffdc</run_address>
         <size>0x2</size>
         <input_file_ref idref="fl-68"/>
      </object_component>
      <object_component id="oc-7e">
         <name>.int47</name>
         <load_address>0xffde</load_address>
         <run_address>0xffde</run_address>
         <size>0x2</size>
         <input_file_ref idref="fl-69"/>
      </object_component>
      <object_component id="oc-7f">
         <name>.int48</name>
         <load_address>0xffe0</load_address>
         <run_address>0xffe0</run_address>
         <size>0x2</size>
         <input_file_ref idref="fl-6a"/>
      </object_component>
      <object_component id="oc-80">
         <name>.int49</name>
         <load_address>0xffe2</load_address>
         <run_address>0xffe2</run_address>
         <size>0x2</size>
         <input_file_ref idref="fl-6b"/>
      </object_component>
      <object_component id="oc-81">
         <name>.int50</name>
         <load_address>0xffe4</load_address>
         <run_address>0xffe4</run_address>
         <size>0x2</size>
         <input_file_ref idref="fl-6c"/>
      </object_component>
      <object_component id="oc-82">
         <name>.int51</name>
         <load_address>0xffe6</load_address>
         <run_address>0xffe6</run_address>
         <size>0x2</size>
         <input_file_ref idref="fl-11"/>
      </object_component>
      <object_component id="oc-83">
         <name>.int52</name>
         <load_address>0xffe8</load_address>
         <run_address>0xffe8</run_address>
         <size>0x2</size>
         <input_file_ref idref="fl-6d"/>
      </object_component>
      <object_component id="oc-84">
         <name>.int53</name>
         <load_address>0xffea</load_address>
         <run_address>0xffea</run_address>
         <size>0x2</size>
         <input_file_ref idref="fl-4"/>
      </object_component>
      <object_component id="oc-85">
         <name>.int54</name>
         <load_address>0xffec</load_address>
         <run_address>0xffec</run_address>
         <size>0x2</size>
         <input_file_ref idref="fl-6e"/>
      </object_component>
      <object_component id="oc-86">
         <name>.int55</name>
         <load_address>0xffee</load_address>
         <run_address>0xffee</run_address>
         <size>0x2</size>
         <input_file_ref idref="fl-6f"/>
      </object_component>
      <object_component id="oc-87">
         <name>.int56</name>
         <load_address>0xfff0</load_address>
         <run_address>0xfff0</run_address>
         <size>0x2</size>
         <input_file_ref idref="fl-70"/>
      </object_component>
      <object_component id="oc-88">
         <name>.int57</name>
         <load_address>0xfff2</load_address>
         <run_address>0xfff2</run_address>
         <size>0x2</size>
         <input_file_ref idref="fl-71"/>
      </object_component>
      <object_component id="oc-89">
         <name>.int58</name>
         <load_address>0xfff4</load_address>
         <run_address>0xfff4</run_address>
         <size>0x2</size>
         <input_file_ref idref="fl-72"/>
      </object_component>
      <object_component id="oc-8a">
         <name>.int59</name>
         <load_address>0xfff6</load_address>
         <run_address>0xfff6</run_address>
         <size>0x2</size>
         <input_file_ref idref="fl-73"/>
      </object_component>
      <object_component id="oc-8b">
         <name>.int60</name>
         <load_address>0xfff8</load_address>
         <run_address>0xfff8</run_address>
         <size>0x2</size>
         <input_file_ref idref="fl-74"/>
      </object_component>
      <object_component id="oc-8c">
         <name>.int61</name>
         <load_address>0xfffa</load_address>
         <run_address>0xfffa</run_address>
         <size>0x2</size>
         <input_file_ref idref="fl-4"/>
      </object_component>
      <object_component id="oc-8d">
         <name>.int62</name>
         <load_address>0xfffc</load_address>
         <run_address>0xfffc</run_address>
         <size>0x2</size>
         <input_file_ref idref="fl-75"/>
      </object_component>
      <object_component id="oc-39b">
         <name>.reset</name>
         <load_address>0xfffe</load_address>
         <run_address>0xfffe</run_address>
         <size>0x2</size>
         <input_file_ref idref="fl-57"/>
      </object_component>
      <object_component id="oc-5db">
         <name>.debug_info</name>
         <load_address>0x0</load_address>
         <run_address>0x0</run_address>
         <size>0x2bf</size>
         <input_file_ref idref="fl-2"/>
      </object_component>
      <object_component id="oc-4d6">
         <name>.debug_info</name>
         <load_address>0x2bf</load_address>
         <run_address>0x2bf</run_address>
         <size>0x14d</size>
         <input_file_ref idref="fl-2"/>
      </object_component>
      <object_component id="oc-4dc">
         <name>.debug_info</name>
         <load_address>0x40c</load_address>
         <run_address>0x40c</run_address>
         <size>0x11f</size>
         <input_file_ref idref="fl-2"/>
      </object_component>
      <object_component id="oc-4d0">
         <name>.debug_info</name>
         <load_address>0x52b</load_address>
         <run_address>0x52b</run_address>
         <size>0x10f</size>
         <input_file_ref idref="fl-2"/>
      </object_component>
      <object_component id="oc-659">
         <name>.debug_info</name>
         <load_address>0x63a</load_address>
         <run_address>0x63a</run_address>
         <size>0xb2</size>
         <input_file_ref idref="fl-2"/>
      </object_component>
      <object_component id="oc-532">
         <name>.debug_info</name>
         <load_address>0x6ec</load_address>
         <run_address>0x6ec</run_address>
         <size>0x8b</size>
         <input_file_ref idref="fl-2"/>
      </object_component>
      <object_component id="oc-49d">
         <name>.debug_info</name>
         <load_address>0x777</load_address>
         <run_address>0x777</run_address>
         <size>0x18b</size>
         <input_file_ref idref="fl-2"/>
      </object_component>
      <object_component id="oc-62b">
         <name>.debug_info</name>
         <load_address>0x902</load_address>
         <run_address>0x902</run_address>
         <size>0x273</size>
         <input_file_ref idref="fl-3"/>
      </object_component>
      <object_component id="oc-528">
         <name>.debug_info</name>
         <load_address>0xb75</load_address>
         <run_address>0xb75</run_address>
         <size>0x1da</size>
         <input_file_ref idref="fl-3"/>
      </object_component>
      <object_component id="oc-53c">
         <name>.debug_info</name>
         <load_address>0xd4f</load_address>
         <run_address>0xd4f</run_address>
         <size>0xb30</size>
         <input_file_ref idref="fl-3"/>
      </object_component>
      <object_component id="oc-506">
         <name>.debug_info</name>
         <load_address>0x187f</load_address>
         <run_address>0x187f</run_address>
         <size>0x7ba</size>
         <input_file_ref idref="fl-4"/>
      </object_component>
      <object_component id="oc-486">
         <name>.debug_info</name>
         <load_address>0x2039</load_address>
         <run_address>0x2039</run_address>
         <size>0x12d</size>
         <input_file_ref idref="fl-4"/>
      </object_component>
      <object_component id="oc-4e8">
         <name>.debug_info</name>
         <load_address>0x2166</load_address>
         <run_address>0x2166</run_address>
         <size>0x108</size>
         <input_file_ref idref="fl-4"/>
      </object_component>
      <object_component id="oc-3f1">
         <name>.debug_info</name>
         <load_address>0x226e</load_address>
         <run_address>0x226e</run_address>
         <size>0x1f4</size>
         <input_file_ref idref="fl-4"/>
      </object_component>
      <object_component id="oc-3c5">
         <name>.debug_info</name>
         <load_address>0x2462</load_address>
         <run_address>0x2462</run_address>
         <size>0x161</size>
         <input_file_ref idref="fl-4"/>
      </object_component>
      <object_component id="oc-3bf">
         <name>.debug_info</name>
         <load_address>0x25c3</load_address>
         <run_address>0x25c3</run_address>
         <size>0x10d</size>
         <input_file_ref idref="fl-4"/>
      </object_component>
      <object_component id="oc-52d">
         <name>.debug_info</name>
         <load_address>0x26d0</load_address>
         <run_address>0x26d0</run_address>
         <size>0x167</size>
         <input_file_ref idref="fl-4"/>
      </object_component>
      <object_component id="oc-612">
         <name>.debug_info</name>
         <load_address>0x2837</load_address>
         <run_address>0x2837</run_address>
         <size>0x2c</size>
         <input_file_ref idref="fl-4"/>
      </object_component>
      <object_component id="oc-3d1">
         <name>.debug_info</name>
         <load_address>0x2863</load_address>
         <run_address>0x2863</run_address>
         <size>0x137</size>
         <input_file_ref idref="fl-5"/>
      </object_component>
      <object_component id="oc-3a2">
         <name>.debug_info</name>
         <load_address>0x299a</load_address>
         <run_address>0x299a</run_address>
         <size>0x84</size>
         <input_file_ref idref="fl-5"/>
      </object_component>
      <object_component id="oc-508">
         <name>.debug_info</name>
         <load_address>0x2a1e</load_address>
         <run_address>0x2a1e</run_address>
         <size>0x8eb</size>
         <input_file_ref idref="fl-6"/>
      </object_component>
      <object_component id="oc-645">
         <name>.debug_info</name>
         <load_address>0x3309</load_address>
         <run_address>0x3309</run_address>
         <size>0xf1</size>
         <input_file_ref idref="fl-6"/>
      </object_component>
      <object_component id="oc-6a2">
         <name>.debug_info</name>
         <load_address>0x33fa</load_address>
         <run_address>0x33fa</run_address>
         <size>0x17b</size>
         <input_file_ref idref="fl-6"/>
      </object_component>
      <object_component id="oc-6a8">
         <name>.debug_info</name>
         <load_address>0x3575</load_address>
         <run_address>0x3575</run_address>
         <size>0x1b2</size>
         <input_file_ref idref="fl-6"/>
      </object_component>
      <object_component id="oc-69c">
         <name>.debug_info</name>
         <load_address>0x3727</load_address>
         <run_address>0x3727</run_address>
         <size>0x191</size>
         <input_file_ref idref="fl-6"/>
      </object_component>
      <object_component id="oc-5ff">
         <name>.debug_info</name>
         <load_address>0x38b8</load_address>
         <run_address>0x38b8</run_address>
         <size>0x264</size>
         <input_file_ref idref="fl-6"/>
      </object_component>
      <object_component id="oc-543">
         <name>.debug_info</name>
         <load_address>0x3b1c</load_address>
         <run_address>0x3b1c</run_address>
         <size>0x1d7</size>
         <input_file_ref idref="fl-6"/>
      </object_component>
      <object_component id="oc-5f9">
         <name>.debug_info</name>
         <load_address>0x3cf3</load_address>
         <run_address>0x3cf3</run_address>
         <size>0x315</size>
         <input_file_ref idref="fl-6"/>
      </object_component>
      <object_component id="oc-41c">
         <name>.debug_info</name>
         <load_address>0x4008</load_address>
         <run_address>0x4008</run_address>
         <size>0x213</size>
         <input_file_ref idref="fl-6"/>
      </object_component>
      <object_component id="oc-594">
         <name>.debug_info</name>
         <load_address>0x421b</load_address>
         <run_address>0x421b</run_address>
         <size>0x1b7</size>
         <input_file_ref idref="fl-6"/>
      </object_component>
      <object_component id="oc-473">
         <name>.debug_info</name>
         <load_address>0x43d2</load_address>
         <run_address>0x43d2</run_address>
         <size>0x27d</size>
         <input_file_ref idref="fl-6"/>
      </object_component>
      <object_component id="oc-42b">
         <name>.debug_info</name>
         <load_address>0x464f</load_address>
         <run_address>0x464f</run_address>
         <size>0x262</size>
         <input_file_ref idref="fl-6"/>
      </object_component>
      <object_component id="oc-55f">
         <name>.debug_info</name>
         <load_address>0x48b1</load_address>
         <run_address>0x48b1</run_address>
         <size>0x173</size>
         <input_file_ref idref="fl-6"/>
      </object_component>
      <object_component id="oc-416">
         <name>.debug_info</name>
         <load_address>0x4a24</load_address>
         <run_address>0x4a24</run_address>
         <size>0x195</size>
         <input_file_ref idref="fl-6"/>
      </object_component>
      <object_component id="oc-60d">
         <name>.debug_info</name>
         <load_address>0x4bb9</load_address>
         <run_address>0x4bb9</run_address>
         <size>0x7d</size>
         <input_file_ref idref="fl-6"/>
      </object_component>
      <object_component id="oc-537">
         <name>.debug_info</name>
         <load_address>0x4c36</load_address>
         <run_address>0x4c36</run_address>
         <size>0x15f</size>
         <input_file_ref idref="fl-6"/>
      </object_component>
      <object_component id="oc-422">
         <name>.debug_info</name>
         <load_address>0x4d95</load_address>
         <run_address>0x4d95</run_address>
         <size>0xb13</size>
         <input_file_ref idref="fl-7"/>
      </object_component>
      <object_component id="oc-55a">
         <name>.debug_info</name>
         <load_address>0x58a8</load_address>
         <run_address>0x58a8</run_address>
         <size>0x1ab</size>
         <input_file_ref idref="fl-7"/>
      </object_component>
      <object_component id="oc-51d">
         <name>.debug_info</name>
         <load_address>0x5a53</load_address>
         <run_address>0x5a53</run_address>
         <size>0x19d</size>
         <input_file_ref idref="fl-7"/>
      </object_component>
      <object_component id="oc-758">
         <name>.debug_info</name>
         <load_address>0x5bf0</load_address>
         <run_address>0x5bf0</run_address>
         <size>0x165</size>
         <input_file_ref idref="fl-7"/>
      </object_component>
      <object_component id="oc-702">
         <name>.debug_info</name>
         <load_address>0x5d55</load_address>
         <run_address>0x5d55</run_address>
         <size>0x14d</size>
         <input_file_ref idref="fl-7"/>
      </object_component>
      <object_component id="oc-6fc">
         <name>.debug_info</name>
         <load_address>0x5ea2</load_address>
         <run_address>0x5ea2</run_address>
         <size>0x180</size>
         <input_file_ref idref="fl-7"/>
      </object_component>
      <object_component id="oc-6f6">
         <name>.debug_info</name>
         <load_address>0x6022</load_address>
         <run_address>0x6022</run_address>
         <size>0x155</size>
         <input_file_ref idref="fl-7"/>
      </object_component>
      <object_component id="oc-6f0">
         <name>.debug_info</name>
         <load_address>0x6177</load_address>
         <run_address>0x6177</run_address>
         <size>0x19b</size>
         <input_file_ref idref="fl-7"/>
      </object_component>
      <object_component id="oc-6ea">
         <name>.debug_info</name>
         <load_address>0x6312</load_address>
         <run_address>0x6312</run_address>
         <size>0x149</size>
         <input_file_ref idref="fl-7"/>
      </object_component>
      <object_component id="oc-59b">
         <name>.debug_info</name>
         <load_address>0x645b</load_address>
         <run_address>0x645b</run_address>
         <size>0x17e</size>
         <input_file_ref idref="fl-7"/>
      </object_component>
      <object_component id="oc-744">
         <name>.debug_info</name>
         <load_address>0x65d9</load_address>
         <run_address>0x65d9</run_address>
         <size>0x1b5</size>
         <input_file_ref idref="fl-7"/>
      </object_component>
      <object_component id="oc-520">
         <name>.debug_info</name>
         <load_address>0x678e</load_address>
         <run_address>0x678e</run_address>
         <size>0x18d</size>
         <input_file_ref idref="fl-7"/>
      </object_component>
      <object_component id="oc-694">
         <name>.debug_info</name>
         <load_address>0x691b</load_address>
         <run_address>0x691b</run_address>
         <size>0x18b</size>
         <input_file_ref idref="fl-7"/>
      </object_component>
      <object_component id="oc-58e">
         <name>.debug_info</name>
[...]
         <value>0xb960</value>
         <object_component_ref idref="oc-516"/>
      </symbol>
      <symbol id="sm-5f2">
         <name>usbSetAddress</name>
         <value>0xb6d4</value>
         <object_component_ref idref="oc-6e9"/>
      </symbol>
      <symbol id="sm-5f3">
         <name>usbRestoreInEndpointInterrupt</name>
         <value>0xbbd6</value>
         <object_component_ref idref="oc-693"/>
      </symbol>
      <symbol id="sm-5f4">
         <name>usbGetEndpointStatus</name>
         <value>0xb06c</value>
         <object_component_ref idref="oc-6e3"/>
      </symbol>
      <symbol id="sm-5f5">
         <name>usbGetDeviceDescriptor</name>
         <value>0xba72</value>
         <object_component_ref idref="oc-6bf"/>
      </symbol>
      <symbol id="sm-5f6">
         <name>usbRestoreOutEndpointInterrupt</name>
         <value>0xbbdc</value>
         <object_component_ref idref="oc-51f"/>
      </symbol>
      <symbol id="sm-5f7">
         <name>usbSetInterface</name>
         <value>0xb9e4</value>
         <object_component_ref idref="oc-701"/>
      </symbol>
      <symbol id="sm-5f8">
         <name>usbReceiveNextPacketOnOEP0</name>
         <value>0xb4ca</value>
         <object_component_ref idref="oc-58d"/>
      </symbol>
      <symbol id="sm-5f9">
         <name>USB_suspend</name>
         <value>0xb798</value>
         <object_component_ref idref="oc-43c"/>
      </symbol>
      <symbol id="sm-5fa">
         <name>usbSendNextPacketOnIEP0</name>
         <value>0xaf28</value>
         <object_component_ref idref="oc-59a"/>
      </symbol>
      <symbol id="sm-5fb">
         <name>usbGetStringDescriptor</name>
         <value>0xb39e</value>
         <object_component_ref idref="oc-6cb"/>
      </symbol>
      <symbol id="sm-5fc">
         <name>USB_determineFreq</name>
         <value>0xa896</value>
         <object_component_ref idref="oc-566"/>
      </symbol>
      <symbol id="sm-5fd">
         <name>usbSendZeroLengthPacketOnIEP0</name>
         <value>0xbb32</value>
         <object_component_ref idref="oc-757"/>
      </symbol>
      <symbol id="sm-5fe">
         <name>usbClearDeviceFeature</name>
         <value>0xb862</value>
         <object_component_ref idref="oc-6ad"/>
      </symbol>
      <symbol id="sm-5ff">
         <name>USB_InitSerialStringDescriptor</name>
         <value>0xa7e6</value>
         <object_component_ref idref="oc-67f"/>
      </symbol>
      <symbol id="sm-600">
         <name>usbSetConfiguration</name>
         <value>0xb73a</value>
         <object_component_ref idref="oc-6ef"/>
      </symbol>
      <symbol id="sm-601">
         <name>USB_resume</name>
         <value>0xb9fe</value>
         <object_component_ref idref="oc-430"/>
      </symbol>
      <symbol id="sm-602">
         <name>usbSendDataPacketOnEP0</name>
         <value>0xb8cc</value>
         <object_component_ref idref="oc-743"/>
      </symbol>
      <symbol id="sm-603">
         <name>usbGetConfiguration</name>
         <value>0xbab0</value>
         <object_component_ref idref="oc-6b9"/>
      </symbol>
      <symbol id="sm-604">
         <name>usbGetConfigurationDescriptor</name>
         <value>0xba5c</value>
         <object_component_ref idref="oc-6c5"/>
      </symbol>
      <symbol id="sm-605">
         <name>usbClearEndpointFeature</name>
         <value>0xb24a</value>
         <object_component_ref idref="oc-6b3"/>
      </symbol>
      <symbol id="sm-606">
         <name>bFunctionSuspended</name>
         <value>0x246b</value>
         <object_component_ref idref="oc-51c"/>
      </symbol>
      <symbol id="sm-607">
         <name>VERSION</name>
         <value>0x246e</value>
         <object_component_ref idref="oc-51c"/>
      </symbol>
      <symbol id="sm-608">
         <name>usbDecodeAndProcessUsbRequest</name>
         <value>0xac4c</value>
         <object_component_ref idref="oc-4fe"/>
      </symbol>
      <symbol id="sm-609">
         <name>bEnumerationStatus</name>
         <value>0x246c</value>
         <object_component_ref idref="oc-51c"/>
      </symbol>
      <symbol id="sm-60a">
         <name>usbSetDeviceFeature</name>
         <value>0xb886</value>
         <object_component_ref idref="oc-6f5"/>
      </symbol>
      <symbol id="sm-60b">
         <name>usbInvalidRequest</name>
         <value>0xbb10</value>
         <object_component_ref idref="oc-707"/>
      </symbol>
      <symbol id="sm-60c">
         <name>USB_reset</name>
         <value>0xa144</value>
         <object_component_ref idref="oc-448"/>
      </symbol>
      <symbol id="sm-60d">
         <name>USB_connect</name>
         <value>0xb996</value>
         <object_component_ref idref="oc-575"/>
      </symbol>
      <symbol id="sm-60e">
         <name>usbGetDeviceStatus</name>
         <value>0xb7ee</value>
         <object_component_ref idref="oc-6d7"/>
      </symbol>
      <symbol id="sm-60f">
         <name>usbDisableInEndpointInterrupt</name>
         <value>0xb944</value>
         <object_component_ref idref="oc-68d"/>
      </symbol>
      <symbol id="sm-610">
         <name>USB_disable</name>
         <value>0xb8aa</value>
         <object_component_ref idref="oc-489"/>
      </symbol>
      <symbol id="sm-635">
         <name>USB_TX_memcpy</name>
         <value>0x2460</value>
      </symbol>
      <symbol id="sm-636">
         <name>USB_RX_memcpy</name>
         <value>0x245c</value>
      </symbol>
      <symbol id="sm-637">
         <name>USB_initMemcpy</name>
         <value>0xb194</value>
         <object_component_ref idref="oc-685"/>
      </symbol>
      <symbol id="sm-638">
         <name>memcpyDMA</name>
         <value>0xb1f0</value>
         <object_component_ref idref="oc-73a"/>
      </symbol>
      <symbol id="sm-639">
         <name>memcpyV</name>
         <value>0xb9ca</value>
         <object_component_ref idref="oc-72e"/>
      </symbol>
      <symbol id="sm-654">
         <name>USBCDC_sendDataInBackground</name>
         <value>0xb002</value>
         <object_component_ref idref="oc-4f4"/>
      </symbol>
      <symbol id="sm-6af">
         <name>USBCDC_handleSetControlLineState</name>
         <value>0xbbee</value>
         <object_component_ref idref="oc-751"/>
      </symbol>
      <symbol id="sm-6b0">
         <name>USB_handleSuspendEvent</name>
         <value>0xbc06</value>
         <object_component_ref idref="oc-442"/>
      </symbol>
      <symbol id="sm-6b1">
         <name>USB_handleVbusOnEvent</name>
         <value>0xba88</value>
         <object_component_ref idref="oc-466"/>
      </symbol>
      <symbol id="sm-6b2">
         <name>USBCDC_handleDataReceived</name>
         <value>0xbbe2</value>
         <object_component_ref idref="oc-424"/>
      </symbol>
      <symbol id="sm-6b3">
         <name>USBCDC_handleReceiveCompleted</name>
         <value>0xbbe6</value>
         <object_component_ref idref="oc-548"/>
      </symbol>
      <symbol id="sm-6b4">
         <name>USB_handleEnumerationCompleteEvent</name>
         <value>0xbbfa</value>
         <object_component_ref idref="oc-772"/>
      </symbol>
      <symbol id="sm-6b5">
         <name>USB_handleResetEvent</name>
         <value>0xbbfe</value>
         <object_component_ref idref="oc-44e"/>
      </symbol>
      <symbol id="sm-6b6">
         <name>USBCDC_handleSendCompleted</name>
         <value>0xbbea</value>
         <object_component_ref idref="oc-583"/>
      </symbol>
      <symbol id="sm-6b7">
         <name>USB_handleVbusOffEvent</name>
         <value>0xbba2</value>
         <object_component_ref idref="oc-45a"/>
      </symbol>
      <symbol id="sm-6b8">
         <name>USBCDC_handleSetLineCoding</name>
         <value>0xbbf2</value>
         <object_component_ref idref="oc-660"/>
      </symbol>
      <symbol id="sm-6b9">
         <name>USB_handleResumeEvent</name>
         <value>0xbc02</value>
         <object_component_ref idref="oc-436"/>
      </symbol>
      <symbol id="sm-6ba">
         <name>USB_handleClockEvent</name>
         <value>0xbbf6</value>
         <object_component_ref idref="oc-46c"/>
      </symbol>
      <symbol id="sm-710">
         <name>IEP0InterruptHandler</name>
         <value>0xb928</value>
         <object_component_ref idref="oc-47e"/>
      </symbol>
      <symbol id="sm-711">
         <name>OEP0InterruptHandler</name>
         <value>0xb69c</value>
         <object_component_ref idref="oc-478"/>
      </symbol>
      <symbol id="sm-712">
         <name>__TI_int51</name>
         <value>0xffe6</value>
         <object_component_ref idref="oc-82"/>
      </symbol>
      <symbol id="sm-713">
         <name>PWRVBUSonHandler</name>
         <value>0xb136</value>
         <object_component_ref idref="oc-460"/>
      </symbol>
      <symbol id="sm-714">
         <name>SetupPacketInterruptHandler</name>
         <value>0xb514</value>
         <object_component_ref idref="oc-40f"/>
      </symbol>
      <symbol id="sm-715">
         <name>PWRVBUSoffHandler</name>
         <value>0xaf98</value>
         <object_component_ref idref="oc-454"/>
      </symbol>
      <symbol id="sm-716">
         <name>iUsbInterruptHandler</name>
         <value>0xa286</value>
         <object_component_ref idref="oc-3b8"/>
      </symbol>
      <symbol id="sm-735">
         <name>abromConfigurationDescriptorGroup</name>
         <value>0xbda4</value>
         <object_component_ref idref="oc-765"/>
      </symbol>
      <symbol id="sm-736">
         <name>tUsbRequestList</name>
         <value>0xbc0c</value>
         <object_component_ref idref="oc-605"/>
      </symbol>
      <symbol id="sm-737">
         <name>abromDeviceDescriptor</name>
         <value>0xbe26</value>
         <object_component_ref idref="oc-761"/>
      </symbol>
      <symbol id="sm-738">
         <name>abromStringDescriptor</name>
         <value>0xbd16</value>
         <object_component_ref idref="oc-769"/>
      </symbol>
      <symbol id="sm-739">
         <name>stUsbHandle</name>
         <value>0xbe38</value>
         <object_component_ref idref="oc-513"/>
      </symbol>
      <symbol id="sm-78e">
         <name>DMA_setSrcAddress</name>
         <value>0xb83e</value>
         <object_component_ref idref="oc-790"/>
      </symbol>
      <symbol id="sm-78f">
         <name>DMA_disableTransferDuringReadModifyWrite</name>
         <value>0xbbb8</value>
         <object_component_ref idref="oc-78a"/>
      </symbol>
      <symbol id="sm-790">
         <name>DMA_setDstAddress</name>
         <value>0xb818</value>
         <object_component_ref idref="oc-796"/>
      </symbol>
      <symbol id="sm-791">
         <name>DMA_enableTransfers</name>
         <value>0xbb62</value>
         <object_component_ref idref="oc-7a8"/>
      </symbol>
      <symbol id="sm-792">
         <name>DMA_disableTransfers</name>
         <value>0xbb58</value>
         <object_component_ref idref="oc-7ba"/>
      </symbol>
      <symbol id="sm-793">
         <name>DMA_startTransfer</name>
         <value>0xbb92</value>
         <object_component_ref idref="oc-7ae"/>
      </symbol>
      <symbol id="sm-794">
         <name>DMA_setTransferSize</name>
         <value>0xbb8a</value>
         <object_component_ref idref="oc-7a2"/>
      </symbol>
      <symbol id="sm-795">
         <name>DMA_getInterruptStatus</name>
         <value>0xbb40</value>
         <object_component_ref idref="oc-7b4"/>
      </symbol>
      <symbol id="sm-796">
         <name>DMA_enableTransferDuringReadModifyWrite</name>
         <value>0xbbbe</value>
         <object_component_ref idref="oc-79c"/>
      </symbol>
      <symbol id="sm-797">
         <name>DMA_init</name>
         <value>0xb2a4</value>
         <object_component_ref idref="oc-734"/>
      </symbol>
      <symbol id="sm-7af">
         <name>GPIO_setAsPeripheralModuleFunctionOutputPin</name>
         <value>0xb97c</value>
         <object_component_ref idref="oc-62f"/>
      </symbol>
      <symbol id="sm-7dd">
         <name>PMM_setVCore</name>
         <value>0xb436</value>
         <object_component_ref idref="oc-4e1"/>
      </symbol>
      <symbol id="sm-7de">
         <name>PMM_setVCoreDown</name>
         <value>0xab2c</value>
         <object_component_ref idref="oc-5dd"/>
      </symbol>
      <symbol id="sm-7df">
         <name>PMM_setVCoreUp</name>
         <value>0xa668</value>
         <object_component_ref idref="oc-5e3"/>
      </symbol>
      <symbol id="sm-7f1">
         <name>SFR_clearInterrupt</name>
         <value>0xbbc4</value>
         <object_component_ref idref="oc-495"/>
      </symbol>
      <symbol id="sm-809">
         <name>TLV_getInfo</name>
         <value>0xb55c</value>
         <object_component_ref idref="oc-724"/>
      </symbol>
      <symbol id="sm-826">
         <name>UCS_bypassXT2WithTimeout</name>
         <value>0xb7c4</value>
         <object_component_ref idref="oc-635"/>
      </symbol>
      <symbol id="sm-827">
         <name>UCS_clearFaultFlag</name>
         <value>0xbbca</value>
         <object_component_ref idref="oc-48f"/>
      </symbol>
      <symbol id="sm-828">
         <name>UCS_turnOffXT2</name>
         <value>0xbb9a</value>
         <object_component_ref idref="oc-56d"/>
      </symbol>
      <symbol id="sm-835">
         <name>WDT_A_hold</name>
         <value>0xba16</value>
         <object_component_ref idref="oc-4c9"/>
      </symbol>
      <symbol id="sm-83d">
         <name>_stack</name>
         <value>0x3360</value>
         <object_component_ref idref="oc-398"/>
      </symbol>
      <symbol id="sm-83e">
         <name>_reset_vector</name>
         <value>0xfffe</value>
         <object_component_ref idref="oc-39b"/>
      </symbol>
      <symbol id="sm-848">
         <name>_c_int00_noargs_noexit</name>
         <value>0xb9b0</value>
         <object_component_ref idref="oc-ac"/>
      </symbol>
      <symbol id="sm-864">
         <name>__TI_decompress_lzss</name>
         <value>0xa4ac</value>
         <object_component_ref idref="oc-6c"/>
      </symbol>
      <symbol id="sm-875">
         <name>__TI_decompress_none</name>
         <value>0xb660</value>
         <object_component_ref idref="oc-72"/>
      </symbol>
      <symbol id="sm-885">
         <name>__TI_zero_init</name>
         <value>0xb622</value>
         <object_component_ref idref="oc-8e"/>
      </symbol>
      <symbol id="sm-890">
         <name>__memcpy_far</name>
         <value>0xb5a4</value>
         <object_component_ref idref="oc-3a7"/>
      </symbol>
      <symbol id="sm-89b">
         <name>__mspabi_remu</name>
         <value>0xba46</value>
         <object_component_ref idref="oc-648"/>
      </symbol>
      <symbol id="sm-89c">
         <name>__mspabi_divu</name>
         <value>0xba46</value>
         <object_component_ref idref="oc-648"/>
      </symbol>
      <symbol id="sm-8a8">
         <name>C$$EXIT</name>
         <value>0xbbd0</value>
         <object_component_ref idref="oc-3f8"/>
      </symbol>
      <symbol id="sm-8a9">
         <name>abort</name>
         <value>0xbbd0</value>
         <object_component_ref idref="oc-3f8"/>
      </symbol>
      <symbol id="sm-8ad">
         <name>__TI_int41</name>
         <value>0xffd2</value>
         <object_component_ref idref="oc-78"/>
      </symbol>
      <symbol id="sm-8b0">
         <name>__TI_int42</name>
         <value>0xffd4</value>
         <object_component_ref idref="oc-79"/>
      </symbol>
      <symbol id="sm-8b3">
         <name>__TI_int43</name>
         <value>0xffd6</value>
         <object_component_ref idref="oc-7a"/>
      </symbol>
      <symbol id="sm-8b6">
         <name>__TI_int44</name>
         <value>0xffd8</value>
         <object_component_ref idref="oc-7b"/>
      </symbol>
      <symbol id="sm-8b9">
         <name>__TI_int45</name>
         <value>0xffda</value>
         <object_component_ref idref="oc-7c"/>
      </symbol>
      <symbol id="sm-8bc">
         <name>__TI_int46</name>
         <value>0xffdc</value>
         <object_component_ref idref="oc-7d"/>
      </symbol>
      <symbol id="sm-8bf">
         <name>__TI_int47</name>
         <value>0xffde</value>
         <object_component_ref idref="oc-7e"/>
      </symbol>
      <symbol id="sm-8c2">
         <name>__TI_int48</name>
         <value>0xffe0</value>
         <object_component_ref idref="oc-7f"/>
      </symbol>
      <symbol id="sm-8c5">
         <name>__TI_int49</name>
         <value>0xffe2</value>
         <object_component_ref idref="oc-80"/>
      </symbol>
      <symbol id="sm-8c8">
         <name>__TI_int50</name>
         <value>0xffe4</value>
         <object_component_ref idref="oc-81"/>
      </symbol>
      <symbol id="sm-8cb">
         <name>__TI_int52</name>
         <value>0xffe8</value>
         <object_component_ref idref="oc-83"/>
      </symbol>
      <symbol id="sm-8ce">
         <name>__TI_int54</name>
         <value>0xffec</value>
         <object_component_ref idref="oc-85"/>
      </symbol>
      <symbol id="sm-8d1">
         <name>__TI_int55</name>
         <value>0xffee</value>
         <object_component_ref idref="oc-86"/>
      </symbol>
      <symbol id="sm-8d4">
         <name>__TI_int56</name>
         <value>0xfff0</value>
         <object_component_ref idref="oc-87"/>
      </symbol>
      <symbol id="sm-8d7">
         <name>__TI_int57</name>
         <value>0xfff2</value>
         <object_component_ref idref="oc-88"/>
      </symbol>
      <symbol id="sm-8da">
         <name>__TI_int58</name>
         <value>0xfff4</value>
         <object_component_ref idref="oc-89"/>
      </symbol>
      <symbol id="sm-8dd">
         <name>__TI_int59</name>
         <value>0xfff6</value>
         <object_component_ref idref="oc-8a"/>
      </symbol>
      <symbol id="sm-8e0">
         <name>__TI_int60</name>
         <value>0xfff8</value>
         <object_component_ref idref="oc-8b"/>
      </symbol>
      <symbol id="sm-8e3">
         <name>__TI_int62</name>
         <value>0xfffc</value>
         <object_component_ref idref="oc-8d"/>
      </symbol>
      <symbol id="sm-8eb">
         <name>__TI_ISR_TRAP</name>
         <value>0xbbaa</value>
         <object_component_ref idref="oc-3b3"/>
      </symbol>
      <symbol id="sm-8f4">
         <name>__mspabi_slli</name>
         <value>0xbb76</value>
         <object_component_ref idref="oc-621"/>
      </symbol>
      <symbol id="sm-8fd">
         <name>__mspabi_srli</name>
         <value>0xbb80</value>
         <object_component_ref idref="oc-64d"/>
      </symbol>
      <symbol id="sm-90c">
         <name>memcpy</name>
         <value>0xbafe</value>
         <object_component_ref idref="oc-5a8"/>
      </symbol>
      <symbol id="sm-91a">
         <name>memset</name>
         <value>0xba9c</value>
         <object_component_ref idref="oc-63e"/>
      </symbol>
      <symbol id="sm-925">
         <name>__mspabi_mpyi_f5hw</name>
         <value>0xba2e</value>
         <object_component_ref idref="oc-57d"/>
      </symbol>
      <symbol id="sm-94c">
         <name>_auto_init_hold_wdt</name>
         <value>0xaa96</value>
         <object_component_ref idref="oc-3d6"/>
      </symbol>
      <symbol id="sm-963">
         <name>copy_in</name>
         <value>0xa734</value>
         <object_component_ref idref="oc-4a2"/>
      </symbol>
      <symbol id="sm-96c">
         <name>_system_post_cinit</name>
         <value>0xbc0a</value>
         <object_component_ref idref="oc-4a8"/>
      </symbol>
      <symbol id="sm-96e">
         <name>__TI_BINIT_Base</name>
         <value>0x0</value>
      </symbol>
      <symbol id="sm-96f">
         <name>__TI_BINIT_Limit</name>
         <value>0x0</value>
      </symbol>
      <symbol id="sm-970">
         <name>__TI_INITARRAY_Base</name>
         <value>0x0</value>
      </symbol>
      <symbol id="sm-971">
         <name>__TI_INITARRAY_Limit</name>
         <value>0x0</value>
      </symbol>
   </symbol_table>
   <title>Link successful</title>
</link_info>
