******************************************************************************
                  MSP430 Linker Unix v16.9.0                   
******************************************************************************
>> Linked Mon Mar  6 18:24:11 2017

OUTPUT FILE NAME:   <ez430_ap.out>
ENTRY POINT SYMBOL: "_c_int00_noargs_noexit"  address: 0000b9b0


MEMORY CONFIGURATION

         name            origin    length      used     unused   attr    fill
----------------------  --------  ---------  --------  --------  ----  --------
  SFR                   00000000   00000010  00000000  00000010  RWIX
  PERIPHERALS_8BIT      00000010   000000f0  00000000  000000f0  RWIX
  PERIPHERALS_16BIT     00000100   00000100  00000000  00000100  RWIX
  INFOD                 00001800   00000080  00000000  00000080  RWIX
  INFOC                 00001880   00000080  00000000  00000080  RWIX
  INFOB                 00001900   00000080  00000000  00000080  RWIX
  INFOA                 00001980   00000080  00000000  00000080  RWIX
  USBRAM                00001c00   00000800  00000000  00000800  RWIX
  RAM                   00002400   00001000  00000114  00000eec  RWIX
  FLASH                 0000a000   00005f80  00001e8a  000040f6  RWIX
  INT00                 0000ff80   00000002  00000000  00000002  RWIX
  INT01                 0000ff82   00000002  00000000  00000002  RWIX
  INT02                 0000ff84   00000002  00000000  00000002  RWIX
  INT03                 0000ff86   00000002  00000000  00000002  RWIX
  INT04                 0000ff88   00000002  00000000  00000002  RWIX
  INT05                 0000ff8a   00000002  00000000  00000002  RWIX
  INT06                 0000ff8c   00000002  00000000  00000002  RWIX
  INT07                 0000ff8e   00000002  00000000  00000002  RWIX
  INT08                 0000ff90   00000002  00000000  00000002  RWIX
  INT09                 0000ff92   00000002  00000000  00000002  RWIX
  INT10                 0000ff94   00000002  00000000  00000002  RWIX
  INT11                 0000ff96   00000002  00000000  00000002  RWIX
  INT12                 0000ff98   00000002  00000000  00000002  RWIX
  INT13                 0000ff9a   00000002  00000000  00000002  RWIX
  INT14                 0000ff9c   00000002  00000000  00000002  RWIX
  INT15                 0000ff9e   00000002  00000000  00000002  RWIX
  INT16                 0000ffa0   00000002  00000000  00000002  RWIX
  INT17                 0000ffa2   00000002  00000000  00000002  RWIX
  INT18                 0000ffa4   00000002  00000000  00000002  RWIX
  INT19                 0000ffa6   00000002  00000000  00000002  RWIX
  INT20                 0000ffa8   00000002  00000000  00000002  RWIX
  INT21                 0000ffaa   00000002  00000000  00000002  RWIX
  INT22                 0000ffac   00000002  00000000  00000002  RWIX
  INT23                 0000ffae   00000002  00000000  00000002  RWIX
  INT24                 0000ffb0   00000002  00000000  00000002  RWIX
  INT25                 0000ffb2   00000002  00000000  00000002  RWIX
  INT26                 0000ffb4   00000002  00000000  00000002  RWIX
  INT27                 0000ffb6   00000002  00000000  00000002  RWIX
  INT28                 0000ffb8   00000002  00000000  00000002  RWIX
  INT29                 0000ffba   00000002  00000000  00000002  RWIX
  INT30                 0000ffbc   00000002  00000000  00000002  RWIX
  INT31                 0000ffbe   00000002  00000000  00000002  RWIX
  INT32                 0000ffc0   00000002  00000000  00000002  RWIX
  INT33                 0000ffc2   00000002  00000000  00000002  RWIX
  INT34                 0000ffc4   00000002  00000000  00000002  RWIX
  INT35                 0000ffc6   00000002  00000000  00000002  RWIX
  INT36                 0000ffc8   00000002  00000000  00000002  RWIX
  INT37                 0000ffca   00000002  00000000  00000002  RWIX
  INT38                 0000ffcc   00000002  00000000  00000002  RWIX
  INT39                 0000ffce   00000002  00000000  00000002  RWIX
  INT40                 0000ffd0   00000002  00000000  00000002  RWIX
  INT41                 0000ffd2   00000002  00000002  00000000  RWIX
  INT42                 0000ffd4   00000002  00000002  00000000  RWIX
  INT43                 0000ffd6   00000002  00000002  00000000  RWIX
  INT44                 0000ffd8   00000002  00000002  00000000  RWIX
  INT45                 0000ffda   00000002  00000002  00000000  RWIX
  INT46                 0000ffdc   00000002  00000002  00000000  RWIX
  INT47                 0000ffde   00000002  00000002  00000000  RWIX
  INT48                 0000ffe0   00000002  00000002  00000000  RWIX
  INT49                 0000ffe2   00000002  00000002  00000000  RWIX
  INT50                 0000ffe4   00000002  00000002  00000000  RWIX
  INT51                 0000ffe6   00000002  00000002  00000000  RWIX
  INT52                 0000ffe8   00000002  00000002  00000000  RWIX
  INT53                 0000ffea   00000002  00000002  00000000  RWIX
  INT54                 0000ffec   00000002  00000002  00000000  RWIX
  INT55                 0000ffee   00000002  00000002  00000000  RWIX
  INT56                 0000fff0   00000002  00000002  00000000  RWIX
  INT57                 0000fff2   00000002  00000002  00000000  RWIX
  INT58                 0000fff4   00000002  00000002  00000000  RWIX
  INT59                 0000fff6   00000002  00000002  00000000  RWIX
  INT60                 0000fff8   00000002  00000002  00000000  RWIX
  INT61                 0000fffa   00000002  00000002  00000000  RWIX
  INT62                 0000fffc   00000002  00000002  00000000  RWIX
  RESET                 0000fffe   00000002  00000002  00000000  RWIX


SECTION ALLOCATION MAP

 output                                  attributes/
section   page    origin      length       input sections
--------  ----  ----------  ----------   ----------------
.bss       0    00002400    0000006a     UNINITIALIZED
                  00002400    00000022     (.common:abramSerialStringDescriptor)
                  00002422    00000010     (.common:CdcReadCtrl)
                  00002432    0000000a     (.common:CdcWriteCtrl)
                  0000243c    00000008     UsbCdc.obj (.bss:CdcControl)
                  00002444    00000008     (.common:abUsbRequestIncomingData)
                  0000244c    00000008     (.common:abUsbRequestReturnData)
                  00002454    00000007     usb.obj (.bss)
                  0000245b    00000001     (.common:bStatusAction)
                  0000245c    00000004     (.common:USB_RX_memcpy)
                  00002460    00000004     (.common:USB_TX_memcpy)
                  00002464    00000002     (.common:wBytesRemainingOnIEP0)
                  00002466    00000002     (.common:wBytesRemainingOnOEP0)
                  00002468    00000002     (.common:wUsbEventMask)

.data      0    0000246a    0000000a     UNINITIALIZED
                  0000246a    00000006     usb.obj (.data)
                  00002470    00000004     main.obj (.data)

.stack     0    00003360    000000a0     UNINITIALIZED
                  00003360    00000002     rts430x_lc_sd_eabi.lib : boot.obj (.stack)
                  00003362    0000009e     --HOLE--

.text      0    0000a000    00001c0c     
                  0000a000    00000144     UsbCdc.obj (.text:CdcToHostFromBuffer)
                  0000a144    00000142     usb.obj (.text:USB_reset)
                  0000a286    0000012a     UsbIsr.obj (.text:_isr:iUsbInterruptHandler)
                  0000a3b0    000000fc     UsbCdc.obj (.text:CdcToBufferFromHost)
                  0000a4ac    000000ee     rts430x_lc_sd_eabi.lib : copy_decompress_lzss.obj (.text:decompress:lzss:__TI_decompress_lzss)
                  0000a59a    000000ce     usb.obj (.text:USB_enable)
                  0000a668    000000cc     pmm.obj (.text:PMM_setVCoreUp)
                  0000a734    000000b2     rts430x_lc_sd_eabi.lib : cpy_tbl.obj (.text:copy_in)
                  0000a7e6    000000b0     usb.obj (.text:USB_InitSerialStringDescriptor)
                  0000a896    000000ae     usb.obj (.text:USB_determineFreq)
                  0000a944    000000ac     UsbCdc.obj (.text:USBCDC_getInterfaceStatus)
                  0000a9f0    000000a6     main.obj (.text:main)
                  0000aa96    00000096     rts430x_lc_sd_eabi.lib : autoinit_wdt.obj (.text:_auto_init_hold_wdt)
                  0000ab2c    00000094     pmm.obj (.text:PMM_setVCoreDown)
                  0000abc0    0000008c     ccSPI.obj (.text:CC_SPI_Init_v)
                  0000ac4c    00000086     usb.obj (.text:usbDecodeAndProcessUsbRequest)
                  0000acd2    00000080     usb.obj (.text:USB_init)
                  0000ad52    0000007a     UsbCdc.obj (.text:Handler_SetLineCoding)
                  0000adcc    00000078     UsbCdc.obj (.text:USBCDC_getBytesInUSBBuffer)
                  0000ae44    00000074     UsbCdc.obj (.text:USBCDC_sendData)
                  0000aeb8    00000070     UsbCdc.obj (.text:usbGetLineCoding)
                  0000af28    00000070     usb.obj (.text:usbSendNextPacketOnIEP0)
                  0000af98    0000006a     UsbIsr.obj (.text:PWRVBUSoffHandler)
                  0000b002    0000006a     usbConstructs.obj (.text:USBCDC_sendDataInBackground)
                  0000b06c    0000006a     usb.obj (.text:usbGetEndpointStatus)
                  0000b0d6    00000060     UsbCdc.obj (.text:CopyUsbToBuff)
                  0000b136    0000005e     UsbIsr.obj (.text:PWRVBUSonHandler)
                  0000b194    0000005c     usbdma.obj (.text:USB_initMemcpy)
                  0000b1f0    0000005a     usbdma.obj (.text:memcpyDMA)
                  0000b24a    0000005a     usb.obj (.text:usbClearEndpointFeature)
                  0000b2a4    00000056     dma.obj (.text:DMA_init)
                  0000b2fa    00000052     main.obj (.text:_isr:TIMER0_A0_ISR)
                  0000b34c    00000052     usb.obj (.text:usbSetEndpointFeature)
                  0000b39e    0000004e     usb.obj (.text:usbGetStringDescriptor)
                  0000b3ec    0000004a     main.obj (.text:InitClock_v)
                  0000b436    0000004a     pmm.obj (.text:PMM_setVCore)
                  0000b480    0000004a     usb.obj (.text:USB_setup)
                  0000b4ca    0000004a     usb.obj (.text:usbReceiveNextPacketOnOEP0)
                  0000b514    00000048     UsbIsr.obj (.text:SetupPacketInterruptHandler)
                  0000b55c    00000048     tlv.obj (.text:TLV_getInfo)
                  0000b5a4    00000040     rts430x_lc_sd_eabi.lib : cpy_util.obj (.text:__memcpy_far)
                  0000b5e4    0000003e     main.obj (.text:_isr:UNMI_ISR)
                  0000b622    0000003e     rts430x_lc_sd_eabi.lib : copy_zero_init.obj (.text:decompress:ZI:__TI_zero_init)
                  0000b660    0000003c                            : copy_decompress_none.obj (.text:decompress:none:__TI_decompress_none)
                  0000b69c    00000038     UsbIsr.obj (.text:OEP0InterruptHandler)
                  0000b6d4    00000034     usb.obj (.text:usbSetAddress)
                  0000b708    00000032     usb.obj (.text:USB_getConnectionInformation)
                  0000b73a    00000030     usb.obj (.text:usbSetConfiguration)
                  0000b76a    0000002e     UsbCdc.obj (.text:CdcResetData)
                  0000b798    0000002c     usb.obj (.text:USB_suspend)
                  0000b7c4    0000002a     ucs.obj (.text:UCS_bypassXT2WithTimeout)
                  0000b7ee    0000002a     usb.obj (.text:usbGetDeviceStatus)
                  0000b818    00000026     dma.obj (.text:DMA_setDstAddress)
                  0000b83e    00000024     dma.obj (.text:DMA_setSrcAddress)
                  0000b862    00000024     usb.obj (.text:usbClearDeviceFeature)
                  0000b886    00000024     usb.obj (.text:usbSetDeviceFeature)
                  0000b8aa    00000022     usb.obj (.text:USB_disable)
                  0000b8cc    00000020     usb.obj (.text:usbSendDataPacketOnEP0)
                  0000b8ec    0000001e     usb.obj (.text:usbGetInterface)
                  0000b90a    0000001e     usb.obj (.text:usbGetInterfaceStatus)
                  0000b928    0000001c     UsbIsr.obj (.text:IEP0InterruptHandler)
                  0000b944    0000001c     usb.obj (.text:usbDisableInEndpointInterrupt)
                  0000b960    0000001c     usb.obj (.text:usbDisableOutEndpointInterrupt)
                  0000b97c    0000001a     gpio.obj (.text:GPIO_setAsPeripheralModuleFunctionOutputPin)
                  0000b996    0000001a     usb.obj (.text:USB_connect)
                  0000b9b0    0000001a     rts430x_lc_sd_eabi.lib : boot_special.obj (.text:_isr:_c_int00_noargs_noexit)
                  0000b9ca    0000001a     usbdma.obj (.text:memcpyV)
                  0000b9e4    0000001a     usb.obj (.text:usbSetInterface)
                  0000b9fe    00000018     usb.obj (.text:USB_resume)
                  0000ba16    00000018     wdt_a.obj (.text:WDT_A_hold)
                  0000ba2e    00000018     rts430x_lc_sd_eabi.lib : mult16_f5hw.obj (.text)
                  0000ba46    00000016                            : div16u.obj (.text)
                  0000ba5c    00000016     usb.obj (.text:usbGetConfigurationDescriptor)
                  0000ba72    00000016     usb.obj (.text:usbGetDeviceDescriptor)
                  0000ba88    00000014     usbEventHandling.obj (.text:USB_handleVbusOnEvent)
                  0000ba9c    00000014     rts430x_lc_sd_eabi.lib : memset.obj (.text:memset)
                  0000bab0    00000014     usb.obj (.text:usbGetConfiguration)
                  0000bac4    00000014     usb.obj (.text:usbReceiveDataPacketOnEP0)
                  0000bad8    00000014     UsbCdc.obj (.text:usbSetControlLineState)
                  0000baec    00000012     UsbCdc.obj (.text:CdcIsReceiveInProgress)
                  0000bafe    00000012     rts430x_lc_sd_eabi.lib : memcpy.obj (.text:memcpy)
                  0000bb10    00000012     usb.obj (.text:usbInvalidRequest)
                  0000bb22    00000010     ccSPI.obj (.text:CC_SPI_WriteRead_u8)
                  0000bb32    0000000e     usb.obj (.text:usbSendZeroLengthPacketOnIEP0)
                  0000bb40    0000000c     dma.obj (.text:DMA_getInterruptStatus)
                  0000bb4c    0000000c     UsbCdc.obj (.text:usbSetLineCoding)
                  0000bb58    0000000a     dma.obj (.text:DMA_disableTransfers)
                  0000bb62    0000000a     dma.obj (.text:DMA_enableTransfers)
                  0000bb6c    0000000a     system_pre_init.obj (.text:_system_pre_init)
                  0000bb76    0000000a     rts430x_lc_sd_eabi.lib : lsl16.obj (.text)
                  0000bb80    0000000a                            : lsr16.obj (.text)
                  0000bb8a    00000008     dma.obj (.text:DMA_setTransferSize)
                  0000bb92    00000008     dma.obj (.text:DMA_startTransfer)
                  0000bb9a    00000008     ucs.obj (.text:UCS_turnOffXT2)
                  0000bba2    00000008     usbEventHandling.obj (.text:USB_handleVbusOffEvent)
                  0000bbaa    00000008     rts430x_lc_sd_eabi.lib : isr_trap.obj (.text:_isr:__TI_ISR_TRAP)
                  0000bbb2    00000006     ccSPI.obj (.text:CC_SPI_DeselectChip_v)
                  0000bbb8    00000006     dma.obj (.text:DMA_disableTransferDuringReadModifyWrite)
                  0000bbbe    00000006     dma.obj (.text:DMA_enableTransferDuringReadModifyWrite)
                  0000bbc4    00000006     sfr.obj (.text:SFR_clearInterrupt)
                  0000bbca    00000006     ucs.obj (.text:UCS_clearFaultFlag)
                  0000bbd0    00000006     rts430x_lc_sd_eabi.lib : exit.obj (.text:abort)
                  0000bbd6    00000006     usb.obj (.text:usbRestoreInEndpointInterrupt)
                  0000bbdc    00000006     usb.obj (.text:usbRestoreOutEndpointInterrupt)
                  0000bbe2    00000004     usbEventHandling.obj (.text:USBCDC_handleDataReceived)
                  0000bbe6    00000004     usbEventHandling.obj (.text:USBCDC_handleReceiveCompleted)
                  0000bbea    00000004     usbEventHandling.obj (.text:USBCDC_handleSendCompleted)
                  0000bbee    00000004     usbEventHandling.obj (.text:USBCDC_handleSetControlLineState)
                  0000bbf2    00000004     usbEventHandling.obj (.text:USBCDC_handleSetLineCoding)
                  0000bbf6    00000004     usbEventHandling.obj (.text:USB_handleClockEvent)
                  0000bbfa    00000004     usbEventHandling.obj (.text:USB_handleEnumerationCompleteEvent)
                  0000bbfe    00000004     usbEventHandling.obj (.text:USB_handleResetEvent)
                  0000bc02    00000004     usbEventHandling.obj (.text:USB_handleResumeEvent)
                  0000bc06    00000004     usbEventHandling.obj (.text:USB_handleSuspendEvent)
                  0000bc0a    00000002     rts430x_lc_sd_eabi.lib : startup.obj (.text:_system_post_cinit)

.const     0    0000bc0c    0000024e     
                  0000bc0c    0000010a     descriptors.obj (.const:tUsbRequestList)
                  0000bd16    0000008e     descriptors.obj (.const:.string:abromStringDescriptor)
                  0000bda4    00000043     descriptors.obj (.const:abromConfigurationDescriptorGroup)
                  0000bde7    00000001     --HOLE-- [fill = 0]
                  0000bde8    00000022     usb.obj (.const:.string)
                  0000be0a    0000001c     gpio.obj (.const:GPIO_PORT_TO_BASE)
                  0000be26    00000012     descriptors.obj (.const:.string:abromDeviceDescriptor)
                  0000be38    00000010     descriptors.obj (.const:stUsbHandle)
                  0000be48    0000000a     usbdma.obj (.const:$P$T0$1)
                  0000be52    00000008     main.obj (.const:.string)

.cinit     0    0000be5a    00000030     
                  0000be5a    0000000e     (.cinit..data.load) [load image, compression = lzss]
                  0000be68    0000000c     (__TI_handler_table)
                  0000be74    00000006     (.cinit..bss.load) [load image, compression = zero_init]
                  0000be7a    00000010     (__TI_cinit_table)

.binit     0    0000a000    00000000     

.init_array 
*          0    0000a000    00000000     UNINITIALIZED

RTC        0    0000ffd2    00000002     
                  0000ffd2    00000002     rts430x_lc_sd_eabi.lib : int41.obj (.int41)

PORT2      0    0000ffd4    00000002     
                  0000ffd4    00000002     rts430x_lc_sd_eabi.lib : int42.obj (.int42)

TIMER2_A1 
*          0    0000ffd6    00000002     
                  0000ffd6    00000002     rts430x_lc_sd_eabi.lib : int43.obj (.int43)

TIMER2_A0 
*          0    0000ffd8    00000002     
                  0000ffd8    00000002     rts430x_lc_sd_eabi.lib : int44.obj (.int44)

USCI_B1    0    0000ffda    00000002     
                  0000ffda    00000002     rts430x_lc_sd_eabi.lib : int45.obj (.int45)

USCI_A1    0    0000ffdc    00000002     
                  0000ffdc    00000002     rts430x_lc_sd_eabi.lib : int46.obj (.int46)

PORT1      0    0000ffde    00000002     
                  0000ffde    00000002     rts430x_lc_sd_eabi.lib : int47.obj (.int47)

TIMER1_A1 
*          0    0000ffe0    00000002     
                  0000ffe0    00000002     rts430x_lc_sd_eabi.lib : int48.obj (.int48)

TIMER1_A0 
*          0    0000ffe2    00000002     
                  0000ffe2    00000002     rts430x_lc_sd_eabi.lib : int49.obj (.int49)

DMA        0    0000ffe4    00000002     
                  0000ffe4    00000002     rts430x_lc_sd_eabi.lib : int50.obj (.int50)

USB_UBM    0    0000ffe6    00000002     
                  0000ffe6    00000002     UsbIsr.obj (.int51)

TIMER0_A1 
*          0    0000ffe8    00000002     
                  0000ffe8    00000002     rts430x_lc_sd_eabi.lib : int52.obj (.int52)

TIMER0_A0 
*          0    0000ffea    00000002     
                  0000ffea    00000002     main.obj (.int53)

ADC10      0    0000ffec    00000002     
                  0000ffec    00000002     rts430x_lc_sd_eabi.lib : int54.obj (.int54)

USCI_B0    0    0000ffee    00000002     
                  0000ffee    00000002     rts430x_lc_sd_eabi.lib : int55.obj (.int55)

USCI_A0    0    0000fff0    00000002     
                  0000fff0    00000002     rts430x_lc_sd_eabi.lib : int56.obj (.int56)

WDT        0    0000fff2    00000002     
                  0000fff2    00000002     rts430x_lc_sd_eabi.lib : int57.obj (.int57)

TIMER0_B1 
*          0    0000fff4    00000002     
                  0000fff4    00000002     rts430x_lc_sd_eabi.lib : int58.obj (.int58)

TIMER0_B0 
*          0    0000fff6    00000002     
                  0000fff6    00000002     rts430x_lc_sd_eabi.lib : int59.obj (.int59)

COMP_B     0    0000fff8    00000002     
                  0000fff8    00000002     rts430x_lc_sd_eabi.lib : int60.obj (.int60)

UNMI       0    0000fffa    00000002     
                  0000fffa    00000002     main.obj (.int61)

SYSNMI     0    0000fffc    00000002     
                  0000fffc    00000002     rts430x_lc_sd_eabi.lib : int62.obj (.int62)

.reset     0    0000fffe    00000002     
                  0000fffe    00000002     rts430x_lc_sd_eabi.lib : boot.obj (.reset)

MODULE SUMMARY

       Module                     code   ro data   rw data
       ------                     ----   -------   -------
    ./
       main.obj                   384    12        30     
       ccSPI.obj                  162    0         0      
       system_pre_init.obj        10     0         0      
    +--+--------------------------+------+---------+---------+
       Total:                     556    12        30     
                                                          
    ./USB_API/USB_CDC_API/
       UsbCdc.obj                 1410   0         8      
    +--+--------------------------+------+---------+---------+
       Total:                     1410   0         8      
                                                          
    ./USB_API/USB_Common/
       usb.obj                    2450   34        70     
       usbdma.obj                 208    10        8      
    +--+--------------------------+------+---------+---------+
       Total:                     2658   44        78     
                                                          
    ./USB_app/
       usbConstructs.obj          106    0         0      
       usbEventHandling.obj       68     0         0      
    +--+--------------------------+------+---------+---------+
       Total:                     174    0         0      
                                                          
    ./USB_config/
       UsbIsr.obj                 654    2         0      
       descriptors.obj            0      509       0      
    +--+--------------------------+------+---------+---------+
       Total:                     654    511       0      
                                                          
    ./driverlib/MSP430F5xx_6xx/
       pmm.obj                    426    0         0      
       dma.obj                    220    0         0      
       tlv.obj                    72     0         0      
       ucs.obj                    56     0         0      
       gpio.obj                   26     28        0      
       wdt_a.obj                  24     0         0      
       sfr.obj                    6      0         0      
    +--+--------------------------+------+---------+---------+
       Total:                     830    28        0      
                                                          
    /Applications/ti/ccsv7/tools/compiler/ti-cgt-msp430_16.9.0.LTS/lib/rts430x_lc_sd_eabi.lib
       copy_decompress_lzss.obj   238    0         0      
       cpy_tbl.obj                178    0         0      
       autoinit_wdt.obj           150    0         0      
       cpy_util.obj               64     0         0      
       copy_zero_init.obj         62     0         0      
       copy_decompress_none.obj   60     0         0      
       boot_special.obj           26     0         0      
       mult16_f5hw.obj            24     0         0      
       div16u.obj                 22     0         0      
       memset.obj                 20     0         0      
       memcpy.obj                 18     0         0      
       lsl16.obj                  10     0         0      
       lsr16.obj                  10     0         0      
       isr_trap.obj               8      0         0      
       exit.obj                   6      0         0      
       boot.obj                   0      2         0      
       int41.obj                  0      2         0      
       int42.obj                  0      2         0      
       int43.obj                  0      2         0      
       int44.obj                  0      2         0      
       int45.obj                  0      2         0      
       int46.obj                  0      2         0      
       int47.obj                  0      2         0      
       int48.obj                  0      2         0      
       int49.obj                  0      2         0      
       int50.obj                  0      2         0      
       int52.obj                  0      2         0      
       int54.obj                  0      2         0      
       int55.obj                  0      2         0      
       int56.obj                  0      2         0      
       int57.obj                  0      2         0      
       int58.obj                  0      2         0      
       int59.obj                  0      2         0      
       int60.obj                  0      2         0      
       int62.obj                  0      2         0      
       startup.obj                2      0         0      
    +--+--------------------------+------+---------+---------+
       Total:                     898    40        0      
                                                          
       Stack:                     0      0         160    
       Linker Generated:          0      48        0      
    +--+--------------------------+------+---------+---------+
       Grand Total:               7180   683       276    


LINKER GENERATED COPY TABLES

__TI_cinit_table @ 0000be7a records: 2, size/record: 8, table size: 16
	.data: load addr=0000be5a, load size=0000000e bytes, run addr=0000246a, run size=0000000a bytes, compression=lzss
	.bss: load addr=0000be74, load size=00000006 bytes, run addr=00002400, run size=0000006a bytes, compression=zero_init


LINKER GENERATED HANDLER TABLE

__TI_handler_table @ 0000be68 records: 3, size/record: 4, table size: 12
	index: 0, handler: __TI_zero_init
	index: 1, handler: __TI_decompress_lzss
	index: 2, handler: __TI_decompress_none


GLOBAL SYMBOLS: SORTED ALPHABETICALLY BY Name 

address   name                                       
-------   ----                                       
00000740  ADC10CTL0                                  
00000741  ADC10CTL0_H                                
00000740  ADC10CTL0_L                                
00000742  ADC10CTL1                                  
00000743  ADC10CTL1_H                                
00000742  ADC10CTL1_L                                
00000744  ADC10CTL2                                  
00000745  ADC10CTL2_H                                
00000744  ADC10CTL2_L                                
00000748  ADC10HI                                    
00000749  ADC10HI_H                                  
00000748  ADC10HI_L                                  
0000075a  ADC10IE                                    
0000075b  ADC10IE_H                                  
0000075a  ADC10IE_L                                  
0000075c  ADC10IFG                                   
0000075d  ADC10IFG_H                                 
0000075c  ADC10IFG_L                                 
0000075e  ADC10IV                                    
0000075f  ADC10IV_H                                  
0000075e  ADC10IV_L                                  
00000746  ADC10LO                                    
00000747  ADC10LO_H                                  
00000746  ADC10LO_L                                  
0000074a  ADC10MCTL0                                 
0000074b  ADC10MCTL0_H                               
0000074a  ADC10MCTL0_L                               
00000752  ADC10MEM0                                  
00000753  ADC10MEM0_H                                
00000752  ADC10MEM0_L                                
0000bbd0  C$$EXIT                                    
000008c0  CBCTL0                                     
000008c1  CBCTL0_H                                   
000008c0  CBCTL0_L                                   
000008c2  CBCTL1                                     
000008c3  CBCTL1_H                                   
000008c2  CBCTL1_L                                   
000008c4  CBCTL2                                     
000008c5  CBCTL2_H                                   
000008c4  CBCTL2_L                                   
000008c6  CBCTL3                                     
000008c7  CBCTL3_H                                   
000008c6  CBCTL3_L                                   
000008cc  CBINT                                      
000008cd  CBINT_H                                    
000008cc  CBINT_L                                    
000008ce  CBIV                                       
0000bbb2  CC_SPI_DeselectChip_v                      
0000abc0  CC_SPI_Init_v                              
0000bb22  CC_SPI_WriteRead_u8                        
00000150  CRCDI                                      
00000152  CRCDIRB                                    
00000153  CRCDIRB_H                                  
00000152  CRCDIRB_L                                  
00000151  CRCDI_H                                    
00000150  CRCDI_L                                    
00000154  CRCINIRES                                  
00000155  CRCINIRES_H                                
00000154  CRCINIRES_L                                
00000156  CRCRESR                                    
00000157  CRCRESR_H                                  
00000156  CRCRESR_L                                  
0000baec  CdcIsReceiveInProgress                     
00002422  CdcReadCtrl                                
0000b76a  CdcResetData                               
0000a3b0  CdcToBufferFromHost                        
0000a000  CdcToHostFromBuffer                        
00002432  CdcWriteCtrl                               
0000b0d6  CopyUsbToBuff                              
00000510  DMA0CTL                                    
00000511  DMA0CTL_H                                  
00000510  DMA0CTL_L                                  
00000516  DMA0DA                                     
00000518  DMA0DAH                                    
00000516  DMA0DAL                                    
00000512  DMA0SA                                     
00000514  DMA0SAH                                    
00000512  DMA0SAL                                    
0000051a  DMA0SZ                                     
00000520  DMA1CTL                                    
00000521  DMA1CTL_H                                  
00000520  DMA1CTL_L                                  
00000526  DMA1DA                                     
00000528  DMA1DAH                                    
00000526  DMA1DAL                                    
00000522  DMA1SA                                     
00000524  DMA1SAH                                    
00000522  DMA1SAL                                    
0000052a  DMA1SZ                                     
00000530  DMA2CTL                                    
00000531  DMA2CTL_H                                  
00000530  DMA2CTL_L                                  
00000536  DMA2DA                                     
00000538  DMA2DAH                                    
00000536  DMA2DAL                                    
00000532  DMA2SA                                     
00000534  DMA2SAH                                    
00000532  DMA2SAL                                    
0000053a  DMA2SZ                                     
00000500  DMACTL0                                    
00000501  DMACTL0_H                                  
00000500  DMACTL0_L                                  
00000502  DMACTL1                                    
00000503  DMACTL1_H                                  
00000502  DMACTL1_L                                  
00000504  DMACTL2                                    
00000505  DMACTL2_H                                  
00000504  DMACTL2_L                                  
00000506  DMACTL3                                    
00000507  DMACTL3_H                                  
00000506  DMACTL3_L                                  
00000508  DMACTL4                                    
00000509  DMACTL4_H                                  
00000508  DMACTL4_L                                  
0000050e  DMAIV                                      
0000050f  DMAIV_H                                    
0000050e  DMAIV_L                                    
0000bbb8  DMA_disableTransferDuringReadModifyWrite   
0000bb58  DMA_disableTransfers                       
0000bbbe  DMA_enableTransferDuringReadModifyWrite    
0000bb62  DMA_enableTransfers                        
0000bb40  DMA_getInterruptStatus                     
0000b2a4  DMA_init                                   
0000b818  DMA_setDstAddress                          
0000b83e  DMA_setSrcAddress                          
0000bb8a  DMA_setTransferSize                        
0000bb92  DMA_startTransfer                          
00000140  FCTL1                                      
00000141  FCTL1_H                                    
00000140  FCTL1_L                                    
00000144  FCTL3                                      
00000145  FCTL3_H                                    
00000144  FCTL3_L                                    
00000146  FCTL4                                      
00000147  FCTL4_H                                    
00000146  FCTL4_L                                    
0000b97c  GPIO_setAsPeripheralModuleFunctionOutputPin
0000ad52  Handler_SetLineCoding                      
0000b928  IEP0InterruptHandler                       
0000b3ec  InitClock_v                                
000004c4  MAC                                        
000004da  MAC32H                                     
000004db  MAC32H_H                                   
000004da  MAC32H_L                                   
000004d8  MAC32L                                     
000004d9  MAC32L_H                                   
000004d8  MAC32L_L                                   
000004c6  MACS                                       
000004de  MACS32H                                    
000004df  MACS32H_H                                  
000004de  MACS32H_L                                  
000004dc  MACS32L                                    
000004dd  MACS32L_H                                  
000004dc  MACS32L_L                                  
000004c7  MACS_H                                     
000004c6  MACS_L                                     
000004c5  MAC_H                                      
000004c4  MAC_L                                      
000004c0  MPY                                        
000004ec  MPY32CTL0                                  
000004ed  MPY32CTL0_H                                
000004ec  MPY32CTL0_L                                
000004d2  MPY32H                                     
000004d3  MPY32H_H                                   
000004d2  MPY32H_L                                   
000004d0  MPY32L                                     
000004d1  MPY32L_H                                   
000004d0  MPY32L_L                                   
000004c2  MPYS                                       
000004d6  MPYS32H                                    
000004d7  MPYS32H_H                                  
000004d6  MPYS32H_L                                  
000004d4  MPYS32L                                    
000004d5  MPYS32L_H                                  
000004d4  MPYS32L_L                                  
000004c3  MPYS_H                                     
000004c2  MPYS_L                                     
000004c1  MPY_H                                      
000004c0  MPY_L                                      
0000b69c  OEP0InterruptHandler                       
000004c8  OP2                                        
000004e2  OP2H                                       
000004e3  OP2H_H                                     
000004e2  OP2H_L                                     
000004e0  OP2L                                       
000004e1  OP2L_H                                     
000004e0  OP2L_L                                     
000004c9  OP2_H                                      
000004c8  OP2_L                                      
0000020e  P1IV                                       
0000021e  P2IV                                       
000001e0  P4MAP01                                    
000001e1  P4MAP01_H                                  
000001e0  P4MAP01_L                                  
000001e2  P4MAP23                                    
000001e3  P4MAP23_H                                  
000001e2  P4MAP23_L                                  
000001e4  P4MAP45                                    
000001e5  P4MAP45_H                                  
000001e4  P4MAP45_L                                  
000001e6  P4MAP67                                    
000001e7  P4MAP67_H                                  
000001e6  P4MAP67_L                                  
00000204  PADIR                                      
00000205  PADIR_H                                    
00000204  PADIR_L                                    
00000208  PADS                                       
00000209  PADS_H                                     
00000208  PADS_L                                     
0000021a  PAIE                                       
00000218  PAIES                                      
00000219  PAIES_H                                    
00000218  PAIES_L                                    
0000021b  PAIE_H                                     
0000021a  PAIE_L                                     
0000021c  PAIFG                                      
0000021d  PAIFG_H                                    
0000021c  PAIFG_L                                    
00000200  PAIN                                       
00000201  PAIN_H                                     
00000200  PAIN_L                                     
00000202  PAOUT                                      
00000203  PAOUT_H                                    
00000202  PAOUT_L                                    
00000206  PAREN                                      
00000207  PAREN_H                                    
00000206  PAREN_L                                    
0000020a  PASEL                                      
0000020b  PASEL_H                                    
0000020a  PASEL_L                                    
00000224  PBDIR                                      
00000225  PBDIR_H                                    
00000224  PBDIR_L                                    
00000228  PBDS                                       
00000229  PBDS_H                                     
00000228  PBDS_L                                     
00000220  PBIN                                       
00000221  PBIN_H                                     
00000220  PBIN_L                                     
00000222  PBOUT                                      
00000223  PBOUT_H                                    
00000222  PBOUT_L                                    
00000226  PBREN                                      
00000227  PBREN_H                                    
00000226  PBREN_L                                    
0000022a  PBSEL                                      
0000022b  PBSEL_H                                    
0000022a  PBSEL_L                                    
00000244  PCDIR                                      
00000245  PCDIR_H                                    
00000244  PCDIR_L                                    
00000248  PCDS                                       
00000249  PCDS_H                                     
00000248  PCDS_L                                     
00000240  PCIN                                       
00000241  PCIN_H                                     
00000240  PCIN_L                                     
00000242  PCOUT                                      
00000243  PCOUT_H                                    
00000242  PCOUT_L                                    
00000246  PCREN                                      
00000247  PCREN_H                                    
00000246  PCREN_L                                    
0000024a  PCSEL                                      
0000024b  PCSEL_H                                    
0000024a  PCSEL_L                                    
00000324  PJDIR                                      
00000325  PJDIR_H                                    
00000324  PJDIR_L                                    
00000328  PJDS                                       
00000329  PJDS_H                                     
00000328  PJDS_L                                     
00000320  PJIN                                       
00000321  PJIN_H                                     
00000320  PJIN_L                                     
00000322  PJOUT                                      
00000323  PJOUT_H                                    
00000322  PJOUT_L                                    
00000326  PJREN                                      
00000327  PJREN_H                                    
00000326  PJREN_L                                    
00000130  PM5CTL0                                    
00000131  PM5CTL0_H                                  
00000130  PM5CTL0_L                                  
000001c2  PMAPCTL                                    
000001c3  PMAPCTL_H                                  
000001c2  PMAPCTL_L                                  
000001c0  PMAPKEYID                                  
000001c1  PMAPKEYID_H                                
000001c0  PMAPKEYID_L                                
00000120  PMMCTL0                                    
00000121  PMMCTL0_H                                  
00000120  PMMCTL0_L                                  
00000122  PMMCTL1                                    
00000123  PMMCTL1_H                                  
00000122  PMMCTL1_L                                  
0000012c  PMMIFG                                     
0000012d  PMMIFG_H                                   
0000012c  PMMIFG_L                                   
0000012e  PMMRIE                                     
0000012f  PMMRIE_H                                   
0000012e  PMMRIE_L                                   
0000b436  PMM_setVCore                               
0000ab2c  PMM_setVCoreDown                           
0000a668  PMM_setVCoreUp                             
0000af98  PWRVBUSoffHandler                          
0000b136  PWRVBUSonHandler                           
00000158  RCCTL0                                     
00000159  RCCTL0_H                                   
00000158  RCCTL0_L                                   
000001b0  REFCTL0                                    
000001b1  REFCTL0_H                                  
000001b0  REFCTL0_L                                  
000004e4  RES0                                       
000004e5  RES0_H                                     
000004e4  RES0_L                                     
000004e6  RES1                                       
000004e7  RES1_H                                     
000004e6  RES1_L                                     
000004e8  RES2                                       
000004e9  RES2_H                                     
000004e8  RES2_L                                     
000004ea  RES3                                       
000004eb  RES3_H                                     
000004ea  RES3_L                                     
000004cc  RESHI                                      
000004cd  RESHI_H                                    
000004cc  RESHI_L                                    
000004ca  RESLO                                      
000004cb  RESLO_H                                    
000004ca  RESLO_L                                    
000004ba  RTCADOWDAY                                 
000004bb  RTCADOWDAY_H                               
000004ba  RTCADOWDAY_L                               
000004b8  RTCAMINHR                                  
000004b9  RTCAMINHR_H                                
000004b8  RTCAMINHR_L                                
000004a0  RTCCTL01                                   
000004a1  RTCCTL01_H                                 
000004a0  RTCCTL01_L                                 
000004a2  RTCCTL23                                   
000004a3  RTCCTL23_H                                 
000004a2  RTCCTL23_L                                 
000004b4  RTCDATE                                    
000004b5  RTCDATE_H                                  
000004b4  RTCDATE_L                                  
000004ae  RTCIV                                      
000004ac  RTCPS                                      
000004a8  RTCPS0CTL                                  
000004a9  RTCPS0CTL_H                                
000004a8  RTCPS0CTL_L                                
000004aa  RTCPS1CTL                                  
000004ab  RTCPS1CTL_H                                
000004aa  RTCPS1CTL_L                                
000004ad  RTCPS_H                                    
000004ac  RTCPS_L                                    
000004b0  RTCTIM0                                    
000004b1  RTCTIM0_H                                  
000004b0  RTCTIM0_L                                  
000004b2  RTCTIM1                                    
000004b3  RTCTIM1_H                                  
000004b2  RTCTIM1_L                                  
000004b6  RTCYEAR                                    
000004b7  RTCYEAR_H                                  
000004b6  RTCYEAR_L                                  
00000100  SFRIE1                                     
00000101  SFRIE1_H                                   
00000100  SFRIE1_L                                   
00000102  SFRIFG1                                    
00000103  SFRIFG1_H                                  
00000102  SFRIFG1_L                                  
00000104  SFRRPCR                                    
00000105  SFRRPCR_H                                  
00000104  SFRRPCR_L                                  
0000bbc4  SFR_clearInterrupt                         
000004ce  SUMEXT                                     
000004cf  SUMEXT_H                                   
000004ce  SUMEXT_L                                   
00000124  SVSMHCTL                                   
00000125  SVSMHCTL_H                                 
00000124  SVSMHCTL_L                                 
00000128  SVSMIO                                     
00000129  SVSMIO_H                                   
00000128  SVSMIO_L                                   
00000126  SVSMLCTL                                   
00000127  SVSMLCTL_H                                 
00000126  SVSMLCTL_L                                 
00000198  SYSBERRIV                                  
00000199  SYSBERRIV_H                                
00000198  SYSBERRIV_L                                
00000182  SYSBSLC                                    
00000183  SYSBSLC_H                                  
00000182  SYSBSLC_L                                  
00000180  SYSCTL                                     
00000181  SYSCTL_H                                   
00000180  SYSCTL_L                                   
00000186  SYSJMBC                                    
00000187  SYSJMBC_H                                  
00000186  SYSJMBC_L                                  
00000188  SYSJMBI0                                   
00000189  SYSJMBI0_H                                 
00000188  SYSJMBI0_L                                 
0000018a  SYSJMBI1                                   
0000018b  SYSJMBI1_H                                 
0000018a  SYSJMBI1_L                                 
0000018c  SYSJMBO0                                   
0000018d  SYSJMBO0_H                                 
0000018c  SYSJMBO0_L                                 
0000018e  SYSJMBO1                                   
0000018f  SYSJMBO1_H                                 
0000018e  SYSJMBO1_L                                 
0000019e  SYSRSTIV                                   
0000019f  SYSRSTIV_H                                 
0000019e  SYSRSTIV_L                                 
0000019c  SYSSNIV                                    
0000019d  SYSSNIV_H                                  
0000019c  SYSSNIV_L                                  
0000019a  SYSUNIV                                    
0000019b  SYSUNIV_H                                  
0000019a  SYSUNIV_L                                  
0000b514  SetupPacketInterruptHandler                
00000352  TA0CCR0                                    
00000354  TA0CCR1                                    
00000356  TA0CCR2                                    
00000358  TA0CCR3                                    
0000035a  TA0CCR4                                    
00000342  TA0CCTL0                                   
00000344  TA0CCTL1                                   
00000346  TA0CCTL2                                   
00000348  TA0CCTL3                                   
0000034a  TA0CCTL4                                   
00000340  TA0CTL                                     
00000360  TA0EX0                                     
0000036e  TA0IV                                      
00000350  TA0R                                       
00000392  TA1CCR0                                    
00000394  TA1CCR1                                    
00000396  TA1CCR2                                    
00000382  TA1CCTL0                                   
00000384  TA1CCTL1                                   
00000386  TA1CCTL2                                   
00000380  TA1CTL                                     
000003a0  TA1EX0                                     
000003ae  TA1IV                                      
00000390  TA1R                                       
00000412  TA2CCR0                                    
00000414  TA2CCR1                                    
00000416  TA2CCR2                                    
00000402  TA2CCTL0                                   
00000404  TA2CCTL1                                   
00000406  TA2CCTL2                                   
00000400  TA2CTL                                     
00000420  TA2EX0                                     
0000042e  TA2IV                                      
00000410  TA2R                                       
000003d2  TB0CCR0                                    
000003d4  TB0CCR1                                    
000003d6  TB0CCR2                                    
000003d8  TB0CCR3                                    
000003da  TB0CCR4                                    
000003dc  TB0CCR5                                    
000003de  TB0CCR6                                    
000003c2  TB0CCTL0                                   
000003c4  TB0CCTL1                                   
000003c6  TB0CCTL2                                   
000003c8  TB0CCTL3                                   
000003ca  TB0CCTL4                                   
000003cc  TB0CCTL5                                   
000003ce  TB0CCTL6                                   
000003c0  TB0CTL                                     
000003e0  TB0EX0                                     
000003ee  TB0IV                                      
000003d0  TB0R                                       
0000b2fa  TIMER0_A0_ISR                              
0000b55c  TLV_getInfo                                
000005d0  UCA0ABCTL                                  
000005c6  UCA0BRW                                    
000005c7  UCA0BRW_H                                  
000005c6  UCA0BRW_L                                  
000005c0  UCA0CTLW0                                  
000005c1  UCA0CTLW0_H                                
000005c0  UCA0CTLW0_L                                
000005dc  UCA0ICTL                                   
000005dd  UCA0ICTL_H                                 
000005dc  UCA0ICTL_L                                 
000005d2  UCA0IRCTL                                  
000005d3  UCA0IRCTL_H                                
000005d2  UCA0IRCTL_L                                
000005de  UCA0IV                                     
000005c8  UCA0MCTL                                   
000005cc  UCA0RXBUF                                  
000005ca  UCA0STAT                                   
000005ce  UCA0TXBUF                                  
00000610  UCA1ABCTL                                  
00000606  UCA1BRW                                    
00000607  UCA1BRW_H                                  
00000606  UCA1BRW_L                                  
00000600  UCA1CTLW0                                  
00000601  UCA1CTLW0_H                                
00000600  UCA1CTLW0_L                                
0000061c  UCA1ICTL                                   
0000061d  UCA1ICTL_H                                 
0000061c  UCA1ICTL_L                                 
00000612  UCA1IRCTL                                  
00000613  UCA1IRCTL_H                                
00000612  UCA1IRCTL_L                                
0000061e  UCA1IV                                     
00000608  UCA1MCTL                                   
0000060c  UCA1RXBUF                                  
0000060a  UCA1STAT                                   
0000060e  UCA1TXBUF                                  
000005e6  UCB0BRW                                    
000005e7  UCB0BRW_H                                  
000005e6  UCB0BRW_L                                  
000005e0  UCB0CTLW0                                  
000005e1  UCB0CTLW0_H                                
000005e0  UCB0CTLW0_L                                
000005f0  UCB0I2COA                                  
000005f1  UCB0I2COA_H                                
000005f0  UCB0I2COA_L                                
000005f2  UCB0I2CSA                                  
000005f3  UCB0I2CSA_H                                
000005f2  UCB0I2CSA_L                                
000005fc  UCB0ICTL                                   
000005fd  UCB0ICTL_H                                 
000005fc  UCB0ICTL_L                                 
000005fe  UCB0IV                                     
000005ec  UCB0RXBUF                                  
000005ea  UCB0STAT                                   
000005ee  UCB0TXBUF                                  
00000626  UCB1BRW                                    
00000627  UCB1BRW_H                                  
00000626  UCB1BRW_L                                  
00000620  UCB1CTLW0                                  
00000621  UCB1CTLW0_H                                
00000620  UCB1CTLW0_L                                
00000630  UCB1I2COA                                  
00000631  UCB1I2COA_H                                
00000630  UCB1I2COA_L                                
00000632  UCB1I2CSA                                  
00000633  UCB1I2CSA_H                                
00000632  UCB1I2CSA_L                                
0000063c  UCB1ICTL                                   
0000063d  UCB1ICTL_H                                 
0000063c  UCB1ICTL_L                                 
0000063e  UCB1IV                                     
0000062c  UCB1RXBUF                                  
0000062a  UCB1STAT                                   
0000062e  UCB1TXBUF                                  
00000160  UCSCTL0                                    
00000161  UCSCTL0_H                                  
00000160  UCSCTL0_L                                  
00000162  UCSCTL1                                    
00000163  UCSCTL1_H                                  
00000162  UCSCTL1_L                                  
00000164  UCSCTL2                                    
00000165  UCSCTL2_H                                  
00000164  UCSCTL2_L                                  
00000166  UCSCTL3                                    
00000167  UCSCTL3_H                                  
00000166  UCSCTL3_L                                  
00000168  UCSCTL4                                    
00000169  UCSCTL4_H                                  
00000168  UCSCTL4_L                                  
0000016a  UCSCTL5                                    
0000016b  UCSCTL5_H                                  
0000016a  UCSCTL5_L                                  
0000016c  UCSCTL6                                    
0000016d  UCSCTL6_H                                  
0000016c  UCSCTL6_L                                  
0000016e  UCSCTL7                                    
0000016f  UCSCTL7_H                                  
0000016e  UCSCTL7_L                                  
00000170  UCSCTL8                                    
00000171  UCSCTL8_H                                  
00000170  UCSCTL8_L                                  
0000b7c4  UCS_bypassXT2WithTimeout                   
0000bbca  UCS_clearFaultFlag                         
0000bb9a  UCS_turnOffXT2                             
0000b5e4  UNMI_ISR                                   
0000adcc  USBCDC_getBytesInUSBBuffer                 
0000a944  USBCDC_getInterfaceStatus                  
0000bbe2  USBCDC_handleDataReceived                  
0000bbe6  USBCDC_handleReceiveCompleted              
0000bbea  USBCDC_handleSendCompleted                 
0000bbee  USBCDC_handleSetControlLineState           
0000bbf2  USBCDC_handleSetLineCoding                 
0000ae44  USBCDC_sendData                            
0000b002  USBCDC_sendDataInBackground                
00000902  USBCNF                                     
00000903  USBCNF_H                                   
00000902  USBCNF_L                                   
0000093c  USBCTL                                     
0000093a  USBFN                                      
0000093b  USBFN_H                                    
0000093a  USBFN_L                                    
0000093f  USBFUNADR                                  
0000093d  USBIE                                      
00002378  USBIEP0BUF                                 
000023c9  USBIEPBBAX_1                               
000023d1  USBIEPBBAX_2                               
000023d9  USBIEPBBAX_3                               
000023e1  USBIEPBBAX_4                               
000023e9  USBIEPBBAX_5                               
000023f1  USBIEPBBAX_6                               
000023f9  USBIEPBBAX_7                               
000023cd  USBIEPBBAY_1                               
000023d5  USBIEPBBAY_2                               
000023dd  USBIEPBBAY_3                               
000023e5  USBIEPBBAY_4                               
000023ed  USBIEPBBAY_5                               
000023f5  USBIEPBBAY_6                               
000023fd  USBIEPBBAY_7                               
000023ca  USBIEPBCTX_1                               
000023d2  USBIEPBCTX_2                               
000023da  USBIEPBCTX_3                               
000023e2  USBIEPBCTX_4                               
000023ea  USBIEPBCTX_5                               
000023f2  USBIEPBCTX_6                               
000023fa  USBIEPBCTX_7                               
000023ce  USBIEPBCTY_1                               
000023d6  USBIEPBCTY_2                               
000023de  USBIEPBCTY_3                               
000023e6  USBIEPBCTY_4                               
000023ee  USBIEPBCTY_5                               
000023f6  USBIEPBCTY_6                               
000023fe  USBIEPBCTY_7                               
00000920  USBIEPCNF_0                                
000023c8  USBIEPCNF_1                                
000023d0  USBIEPCNF_2                                
000023d8  USBIEPCNF_3                                
000023e0  USBIEPCNF_4                                
000023e8  USBIEPCNF_5                                
000023f0  USBIEPCNF_6                                
000023f8  USBIEPCNF_7                                
00000921  USBIEPCNT_0                                
0000092e  USBIEPIE                                   
00000930  USBIEPIFG                                  
000023cf  USBIEPSIZXY_1                              
000023d7  USBIEPSIZXY_2                              
000023df  USBIEPSIZXY_3                              
000023e7  USBIEPSIZXY_4                              
000023ef  USBIEPSIZXY_5                              
000023f7  USBIEPSIZXY_6                              
000023ff  USBIEPSIZXY_7                              
0000093e  USBIFG                                     
00000900  USBKEYID                                   
00000901  USBKEYID_H                                 
00000900  USBKEYID_L                                 
00000936  USBMAINT                                   
00000937  USBMAINT_H                                 
00000936  USBMAINT_L                                 
00002370  USBOEP0BUF                                 
00002389  USBOEPBBAX_1                               
00002391  USBOEPBBAX_2                               
00002399  USBOEPBBAX_3                               
000023a1  USBOEPBBAX_4                               
000023a9  USBOEPBBAX_5                               
000023b1  USBOEPBBAX_6                               
000023b9  USBOEPBBAX_7                               
0000238d  USBOEPBBAY_1                               
00002395  USBOEPBBAY_2                               
0000239d  USBOEPBBAY_3                               
000023a5  USBOEPBBAY_4                               
000023ad  USBOEPBBAY_5                               
000023b5  USBOEPBBAY_6                               
000023bd  USBOEPBBAY_7                               
0000238a  USBOEPBCTX_1                               
00002392  USBOEPBCTX_2                               
0000239a  USBOEPBCTX_3                               
000023a2  USBOEPBCTX_4                               
000023aa  USBOEPBCTX_5                               
000023b2  USBOEPBCTX_6                               
000023ba  USBOEPBCTX_7                               
0000238e  USBOEPBCTY_1                               
00002396  USBOEPBCTY_2                               
0000239e  USBOEPBCTY_3                               
000023a6  USBOEPBCTY_4                               
000023ae  USBOEPBCTY_5                               
000023b6  USBOEPBCTY_6                               
000023be  USBOEPBCTY_7                               
00000922  USBOEPCNF_0                                
00002388  USBOEPCNF_1                                
00002390  USBOEPCNF_2                                
00002398  USBOEPCNF_3                                
000023a0  USBOEPCNF_4                                
000023a8  USBOEPCNF_5                                
000023b0  USBOEPCNF_6                                
000023b8  USBOEPCNF_7                                
00000923  USBOEPCNT_0                                
0000092f  USBOEPIE                                   
00000931  USBOEPIFG                                  
0000238f  USBOEPSIZXY_1                              
00002397  USBOEPSIZXY_2                              
0000239f  USBOEPSIZXY_3                              
000023a7  USBOEPSIZXY_4                              
000023af  USBOEPSIZXY_5                              
000023b7  USBOEPSIZXY_6                              
000023bf  USBOEPSIZXY_7                              
00000904  USBPHYCTL                                  
00000905  USBPHYCTL_H                                
00000904  USBPHYCTL_L                                
00000910  USBPLLCTL                                  
00000911  USBPLLCTL_H                                
00000910  USBPLLCTL_L                                
00000912  USBPLLDIVB                                 
00000913  USBPLLDIVB_H                               
00000912  USBPLLDIVB_L                               
00000914  USBPLLIR                                   
00000915  USBPLLIR_H                                 
00000914  USBPLLIR_L                                 
00000908  USBPWRCTL                                  
00000909  USBPWRCTL_H                                
00000908  USBPWRCTL_L                                
00001c00  USBSTABUFF                                 
00002380  USBSUBLK                                   
0000236f  USBTOPBUFF                                 
00000938  USBTSREG                                   
00000939  USBTSREG_H                                 
00000938  USBTSREG_L                                 
00000932  USBVECINT                                  
00000933  USBVECINT_H                                
00000932  USBVECINT_L                                
0000a7e6  USB_InitSerialStringDescriptor             
0000245c  USB_RX_memcpy                              
00002460  USB_TX_memcpy                              
0000b996  USB_connect                                
0000a896  USB_determineFreq                          
0000b8aa  USB_disable                                
0000a59a  USB_enable                                 
0000b708  USB_getConnectionInformation               
0000bbf6  USB_handleClockEvent                       
0000bbfa  USB_handleEnumerationCompleteEvent         
0000bbfe  USB_handleResetEvent                       
0000bc02  USB_handleResumeEvent                      
0000bc06  USB_handleSuspendEvent                     
0000bba2  USB_handleVbusOffEvent                     
0000ba88  USB_handleVbusOnEvent                      
0000acd2  USB_init                                   
0000b194  USB_initMemcpy                             
0000a144  USB_reset                                  
0000b9fe  USB_resume                                 
0000b480  USB_setup                                  
0000b798  USB_suspend                                
0000246e  VERSION                                    
0000015c  WDTCTL                                     
0000015d  WDTCTL_H                                   
0000015c  WDTCTL_L                                   
0000ba16  WDT_A_hold                                 
00003400  __STACK_END                                
000000a0  __STACK_SIZE                               
UNDEFED   __TI_BINIT_Base                            
UNDEFED   __TI_BINIT_Limit                           
0000be7a  __TI_CINIT_Base                            
0000be8a  __TI_CINIT_Limit                           
0000be68  __TI_Handler_Table_Base                    
0000be74  __TI_Handler_Table_Limit                   
UNDEFED   __TI_INITARRAY_Base                        
UNDEFED   __TI_INITARRAY_Limit                       
0000bbaa  __TI_ISR_TRAP                              
0000a4ac  __TI_decompress_lzss                       
0000b660  __TI_decompress_none                       
0000ffd2  __TI_int41                                 
0000ffd4  __TI_int42                                 
0000ffd6  __TI_int43                                 
0000ffd8  __TI_int44                                 
0000ffda  __TI_int45                                 
0000ffdc  __TI_int46                                 
0000ffde  __TI_int47                                 
0000ffe0  __TI_int48                                 
0000ffe2  __TI_int49                                 
0000ffe4  __TI_int50                                 
0000ffe6  __TI_int51                                 
0000ffe8  __TI_int52                                 
0000ffea  __TI_int53                                 
0000ffec  __TI_int54                                 
0000ffee  __TI_int55                                 
0000fff0  __TI_int56                                 
0000fff2  __TI_int57                                 
0000fff4  __TI_int58                                 
0000fff6  __TI_int59                                 
0000fff8  __TI_int60                                 
0000fffa  __TI_int61                                 
0000fffc  __TI_int62                                 
ffffffff  __TI_pprof_out_hndl                        
ffffffff  __TI_prof_data_size                        
ffffffff  __TI_prof_data_start                       
0000b622  __TI_zero_init                             
ffffffff  __c_args__                                 
0000b5a4  __memcpy_far                               
0000ba46  __mspabi_divu                              
0000ba2e  __mspabi_mpyi_f5hw                         
0000ba46  __mspabi_remu                              
0000bb76  __mspabi_slli                              
0000bb80  __mspabi_srli                              
0000aa96  _auto_init_hold_wdt                        
0000b9b0  _c_int00_noargs_noexit                     
0000fffe  _reset_vector                              
00003360  _stack                                     
0000bc0a  _system_post_cinit                         
0000bb6c  _system_pre_init                           
00002378  abIEP0Buffer                               
00002370  abOEP0Buffer                               
00002444  abUsbRequestIncomingData                   
0000244c  abUsbRequestReturnData                     
0000bbd0  abort                                      
00002400  abramSerialStringDescriptor                
0000bda4  abromConfigurationDescriptorGroup          
0000be26  abromDeviceDescriptor                      
0000bd16  abromStringDescriptor                      
0000246c  bEnumerationStatus                         
0000246b  bFunctionSuspended                         
00002473  bSendTimeToHost                            
0000245b  bStatusAction                              
0000a734  copy_in                                    
00002470  hour                                       
0000a286  iUsbInterruptHandler                       
0000a9f0  main                                       
0000bafe  memcpy                                     
0000b1f0  memcpyDMA                                  
0000b9ca  memcpyV                                    
0000ba9c  memset                                     
00002471  min                                        
00001c00  pbXBufferAddressEp1                        
00001d00  pbXBufferAddressEp2                        
00001e00  pbXBufferAddressEp3                        
00001f00  pbXBufferAddressEp4                        
00002000  pbXBufferAddressEp5                        
00002100  pbXBufferAddressEp6                        
00002200  pbXBufferAddressEp7                        
00001c80  pbXBufferAddressEp81                       
00001d80  pbXBufferAddressEp82                       
00001e80  pbXBufferAddressEp83                       
00001f80  pbXBufferAddressEp84                       
00002080  pbXBufferAddressEp85                       
00002180  pbXBufferAddressEp86                       
00002280  pbXBufferAddressEp87                       
00001c40  pbYBufferAddressEp1                        
00001d40  pbYBufferAddressEp2                        
00001e40  pbYBufferAddressEp3                        
00001f40  pbYBufferAddressEp4                        
00002040  pbYBufferAddressEp5                        
00002140  pbYBufferAddressEp6                        
00002240  pbYBufferAddressEp7                        
00001cc0  pbYBufferAddressEp81                       
00001dc0  pbYBufferAddressEp82                       
00001ec0  pbYBufferAddressEp83                       
00001fc0  pbYBufferAddressEp84                       
000020c0  pbYBufferAddressEp85                       
000021c0  pbYBufferAddressEp86                       
000022c0  pbYBufferAddressEp87                       
00002472  sec                                        
0000be38  stUsbHandle                                
00000920  tEndPoint0DescriptorBlock                  
000023c8  tInputEndPointDescriptorBlock              
00002388  tOutputEndPointDescriptorBlock             
00002380  tSetupPacket                               
0000bc0c  tUsbRequestList                            
0000b862  usbClearDeviceFeature                      
0000b24a  usbClearEndpointFeature                    
0000ac4c  usbDecodeAndProcessUsbRequest              
0000b944  usbDisableInEndpointInterrupt              
0000b960  usbDisableOutEndpointInterrupt             
0000bab0  usbGetConfiguration                        
0000ba5c  usbGetConfigurationDescriptor              
0000ba72  usbGetDeviceDescriptor                     
0000b7ee  usbGetDeviceStatus                         
0000b06c  usbGetEndpointStatus                       
0000b8ec  usbGetInterface                            
0000b90a  usbGetInterfaceStatus                      
0000aeb8  usbGetLineCoding                           
0000b39e  usbGetStringDescriptor                     
0000bb10  usbInvalidRequest                          
0000bac4  usbReceiveDataPacketOnEP0                  
0000b4ca  usbReceiveNextPacketOnOEP0                 
0000bbd6  usbRestoreInEndpointInterrupt              
0000bbdc  usbRestoreOutEndpointInterrupt             
0000b8cc  usbSendDataPacketOnEP0                     
0000af28  usbSendNextPacketOnIEP0                    
0000bb32  usbSendZeroLengthPacketOnIEP0              
0000b6d4  usbSetAddress                              
0000b73a  usbSetConfiguration                        
0000bad8  usbSetControlLineState                     
0000b886  usbSetDeviceFeature                        
0000b34c  usbSetEndpointFeature                      
0000b9e4  usbSetInterface                            
0000bb4c  usbSetLineCoding                           
00002464  wBytesRemainingOnIEP0                      
00002466  wBytesRemainingOnOEP0                      
00002468  wUsbEventMask                              


GLOBAL SYMBOLS: SORTED BY Symbol Address 

address   name                                       
-------   ----                                       
000000a0  __STACK_SIZE                               
00000100  SFRIE1                                     
00000100  SFRIE1_L                                   
00000101  SFRIE1_H                                   
00000102  SFRIFG1                                    
00000102  SFRIFG1_L                                  
00000103  SFRIFG1_H                                  
00000104  SFRRPCR                                    
00000104  SFRRPCR_L                                  
00000105  SFRRPCR_H                                  
00000120  PMMCTL0                                    
00000120  PMMCTL0_L                                  
00000121  PMMCTL0_H                                  
00000122  PMMCTL1                                    
00000122  PMMCTL1_L                                  
00000123  PMMCTL1_H                                  
00000124  SVSMHCTL                                   
00000124  SVSMHCTL_L                                 
00000125  SVSMHCTL_H                                 
00000126  SVSMLCTL                                   
00000126  SVSMLCTL_L                                 
00000127  SVSMLCTL_H                                 
00000128  SVSMIO                                     
00000128  SVSMIO_L                                   
00000129  SVSMIO_H                                   
0000012c  PMMIFG                                     
0000012c  PMMIFG_L                                   
0000012d  PMMIFG_H                                   
0000012e  PMMRIE                                     
0000012e  PMMRIE_L                                   
0000012f  PMMRIE_H                                   
00000130  PM5CTL0                                    
00000130  PM5CTL0_L                                  
00000131  PM5CTL0_H                                  
00000140  FCTL1                                      
00000140  FCTL1_L                                    
00000141  FCTL1_H                                    
00000144  FCTL3                                      
00000144  FCTL3_L                                    
00000145  FCTL3_H                                    
00000146  FCTL4                                      
00000146  FCTL4_L                                    
00000147  FCTL4_H                                    
00000150  CRCDI                                      
00000150  CRCDI_L                                    
00000151  CRCDI_H                                    
00000152  CRCDIRB                                    
00000152  CRCDIRB_L                                  
00000153  CRCDIRB_H                                  
00000154  CRCINIRES                                  
00000154  CRCINIRES_L                                
00000155  CRCINIRES_H                                
00000156  CRCRESR                                    
00000156  CRCRESR_L                                  
00000157  CRCRESR_H                                  
00000158  RCCTL0                                     
00000158  RCCTL0_L                                   
00000159  RCCTL0_H                                   
0000015c  WDTCTL                                     
0000015c  WDTCTL_L                                   
0000015d  WDTCTL_H                                   
00000160  UCSCTL0                                    
00000160  UCSCTL0_L                                  
00000161  UCSCTL0_H                                  
00000162  UCSCTL1                                    
00000162  UCSCTL1_L                                  
00000163  UCSCTL1_H                                  
00000164  UCSCTL2                                    
00000164  UCSCTL2_L                                  
00000165  UCSCTL2_H                                  
00000166  UCSCTL3                                    
00000166  UCSCTL3_L                                  
00000167  UCSCTL3_H                                  
00000168  UCSCTL4                                    
00000168  UCSCTL4_L                                  
00000169  UCSCTL4_H                                  
0000016a  UCSCTL5                                    
0000016a  UCSCTL5_L                                  
0000016b  UCSCTL5_H                                  
0000016c  UCSCTL6                                    
0000016c  UCSCTL6_L                                  
0000016d  UCSCTL6_H                                  
0000016e  UCSCTL7                                    
0000016e  UCSCTL7_L                                  
0000016f  UCSCTL7_H                                  
[...]
0000075a  ADC10IE                                    
0000075a  ADC10IE_L                                  
0000075b  ADC10IE_H                                  
0000075c  ADC10IFG                                   
0000075c  ADC10IFG_L                                 
0000075d  ADC10IFG_H                                 
0000075e  ADC10IV                                    
0000075e  ADC10IV_L                                  
0000075f  ADC10IV_H                                  
000008c0  CBCTL0                                     
000008c0  CBCTL0_L                                   
000008c1  CBCTL0_H                                   
000008c2  CBCTL1                                     
000008c2  CBCTL1_L                                   
000008c3  CBCTL1_H                                   
000008c4  CBCTL2                                     
000008c4  CBCTL2_L                                   
000008c5  CBCTL2_H                                   
000008c6  CBCTL3                                     
000008c6  CBCTL3_L                                   
000008c7  CBCTL3_H                                   
000008cc  CBINT                                      
000008cc  CBINT_L                                    
000008cd  CBINT_H                                    
000008ce  CBIV                                       
00000900  USBKEYID                                   
00000900  USBKEYID_L                                 
00000901  USBKEYID_H                                 
00000902  USBCNF                                     
00000902  USBCNF_L                                   
00000903  USBCNF_H                                   
00000904  USBPHYCTL                                  
00000904  USBPHYCTL_L                                
00000905  USBPHYCTL_H                                
00000908  USBPWRCTL                                  
00000908  USBPWRCTL_L                                
00000909  USBPWRCTL_H                                
00000910  USBPLLCTL                                  
00000910  USBPLLCTL_L                                
00000911  USBPLLCTL_H                                
00000912  USBPLLDIVB                                 
00000912  USBPLLDIVB_L                               
00000913  USBPLLDIVB_H                               
00000914  USBPLLIR                                   
00000914  USBPLLIR_L                                 
00000915  USBPLLIR_H                                 
00000920  USBIEPCNF_0                                
00000920  tEndPoint0DescriptorBlock                  
00000921  USBIEPCNT_0                                
00000922  USBOEPCNF_0                                
00000923  USBOEPCNT_0                                
0000092e  USBIEPIE                                   
0000092f  USBOEPIE                                   
00000930  USBIEPIFG                                  
00000931  USBOEPIFG                                  
00000932  USBVECINT                                  
00000932  USBVECINT_L                                
00000933  USBVECINT_H                                
00000936  USBMAINT                                   
00000936  USBMAINT_L                                 
00000937  USBMAINT_H                                 
00000938  USBTSREG                                   
00000938  USBTSREG_L                                 
00000939  USBTSREG_H                                 
0000093a  USBFN                                      
0000093a  USBFN_L                                    
0000093b  USBFN_H                                    
0000093c  USBCTL                                     
0000093d  USBIE                                      
0000093e  USBIFG                                     
0000093f  USBFUNADR                                  
00001c00  USBSTABUFF                                 
00001c00  pbXBufferAddressEp1                        
00001c40  pbYBufferAddressEp1                        
00001c80  pbXBufferAddressEp81                       
00001cc0  pbYBufferAddressEp81                       
00001d00  pbXBufferAddressEp2                        
00001d40  pbYBufferAddressEp2                        
00001d80  pbXBufferAddressEp82                       
00001dc0  pbYBufferAddressEp82                       
00001e00  pbXBufferAddressEp3                        
00001e40  pbYBufferAddressEp3                        
00001e80  pbXBufferAddressEp83                       
00001ec0  pbYBufferAddressEp83                       
00001f00  pbXBufferAddressEp4                        
00001f40  pbYBufferAddressEp4                        
00001f80  pbXBufferAddressEp84                       
00001fc0  pbYBufferAddressEp84                       
00002000  pbXBufferAddressEp5                        
00002040  pbYBufferAddressEp5                        
00002080  pbXBufferAddressEp85                       
000020c0  pbYBufferAddressEp85                       
00002100  pbXBufferAddressEp6                        
00002140  pbYBufferAddressEp6                        
00002180  pbXBufferAddressEp86                       
000021c0  pbYBufferAddressEp86                       
00002200  pbXBufferAddressEp7                        
00002240  pbYBufferAddressEp7                        
00002280  pbXBufferAddressEp87                       
000022c0  pbYBufferAddressEp87                       
0000236f  USBTOPBUFF                                 
00002370  USBOEP0BUF                                 
00002370  abOEP0Buffer                               
00002378  USBIEP0BUF                                 
00002378  abIEP0Buffer                               
00002380  USBSUBLK                                   
00002380  tSetupPacket                               
00002388  USBOEPCNF_1                                
00002388  tOutputEndPointDescriptorBlock             
00002389  USBOEPBBAX_1                               
0000238a  USBOEPBCTX_1                               
0000238d  USBOEPBBAY_1                               
0000238e  USBOEPBCTY_1                               
0000238f  USBOEPSIZXY_1                              
00002390  USBOEPCNF_2                                
00002391  USBOEPBBAX_2                               
00002392  USBOEPBCTX_2                               
00002395  USBOEPBBAY_2                               
00002396  USBOEPBCTY_2                               
00002397  USBOEPSIZXY_2                              
00002398  USBOEPCNF_3                                
00002399  USBOEPBBAX_3                               
0000239a  USBOEPBCTX_3                               
0000239d  USBOEPBBAY_3                               
0000239e  USBOEPBCTY_3                               
0000239f  USBOEPSIZXY_3                              
000023a0  USBOEPCNF_4                                
000023a1  USBOEPBBAX_4                               
000023a2  USBOEPBCTX_4                               
000023a5  USBOEPBBAY_4                               
000023a6  USBOEPBCTY_4                               
000023a7  USBOEPSIZXY_4                              
000023a8  USBOEPCNF_5                                
000023a9  USBOEPBBAX_5                               
000023aa  USBOEPBCTX_5                               
000023ad  USBOEPBBAY_5                               
000023ae  USBOEPBCTY_5                               
000023af  USBOEPSIZXY_5                              
000023b0  USBOEPCNF_6                                
000023b1  USBOEPBBAX_6                               
000023b2  USBOEPBCTX_6                               
000023b5  USBOEPBBAY_6                               
000023b6  USBOEPBCTY_6                               
000023b7  USBOEPSIZXY_6                              
000023b8  USBOEPCNF_7                                
000023b9  USBOEPBBAX_7                               
000023ba  USBOEPBCTX_7                               
000023bd  USBOEPBBAY_7                               
000023be  USBOEPBCTY_7                               
000023bf  USBOEPSIZXY_7                              
000023c8  USBIEPCNF_1                                
000023c8  tInputEndPointDescriptorBlock              
000023c9  USBIEPBBAX_1                               
000023ca  USBIEPBCTX_1                               
000023cd  USBIEPBBAY_1                               
000023ce  USBIEPBCTY_1                               
000023cf  USBIEPSIZXY_1                              
000023d0  USBIEPCNF_2                                
000023d1  USBIEPBBAX_2                               
000023d2  USBIEPBCTX_2                               
000023d5  USBIEPBBAY_2                               
000023d6  USBIEPBCTY_2                               
000023d7  USBIEPSIZXY_2                              
000023d8  USBIEPCNF_3                                
000023d9  USBIEPBBAX_3                               
000023da  USBIEPBCTX_3                               
000023dd  USBIEPBBAY_3                               
000023de  USBIEPBCTY_3                               
000023df  USBIEPSIZXY_3                              
000023e0  USBIEPCNF_4                                
000023e1  USBIEPBBAX_4                               
000023e2  USBIEPBCTX_4                               
000023e5  USBIEPBBAY_4                               
000023e6  USBIEPBCTY_4                               
000023e7  USBIEPSIZXY_4                              
000023e8  USBIEPCNF_5                                
000023e9  USBIEPBBAX_5                               
000023ea  USBIEPBCTX_5                               
000023ed  USBIEPBBAY_5                               
000023ee  USBIEPBCTY_5                               
000023ef  USBIEPSIZXY_5                              
000023f0  USBIEPCNF_6                                
000023f1  USBIEPBBAX_6                               
000023f2  USBIEPBCTX_6                               
000023f5  USBIEPBBAY_6                               
000023f6  USBIEPBCTY_6                               
000023f7  USBIEPSIZXY_6                              
000023f8  USBIEPCNF_7                                
000023f9  USBIEPBBAX_7                               
000023fa  USBIEPBCTX_7                               
000023fd  USBIEPBBAY_7                               
000023fe  USBIEPBCTY_7                               
000023ff  USBIEPSIZXY_7                              
00002400  abramSerialStringDescriptor                
00002422  CdcReadCtrl                                
00002432  CdcWriteCtrl                               
00002444  abUsbRequestIncomingData                   
0000244c  abUsbRequestReturnData                     
0000245b  bStatusAction                              
0000245c  USB_RX_memcpy                              
00002460  USB_TX_memcpy                              
00002464  wBytesRemainingOnIEP0                      
00002466  wBytesRemainingOnOEP0                      
00002468  wUsbEventMask                              
0000246b  bFunctionSuspended                         
0000246c  bEnumerationStatus                         
0000246e  VERSION                                    
00002470  hour                                       
00002471  min                                        
00002472  sec                                        
00002473  bSendTimeToHost                            
00003360  _stack                                     
00003400  __STACK_END                                
0000a000  CdcToHostFromBuffer                        
0000a144  USB_reset                                  
0000a286  iUsbInterruptHandler                       
0000a3b0  CdcToBufferFromHost                        
0000a4ac  __TI_decompress_lzss                       
0000a59a  USB_enable                                 
0000a668  PMM_setVCoreUp                             
0000a734  copy_in                                    
0000a7e6  USB_InitSerialStringDescriptor             
0000a896  USB_determineFreq                          
0000a944  USBCDC_getInterfaceStatus                  
0000a9f0  main                                       
0000aa96  _auto_init_hold_wdt                        
0000ab2c  PMM_setVCoreDown                           
0000abc0  CC_SPI_Init_v                              
0000ac4c  usbDecodeAndProcessUsbRequest              
0000acd2  USB_init                                   
0000ad52  Handler_SetLineCoding                      
0000adcc  USBCDC_getBytesInUSBBuffer                 
0000ae44  USBCDC_sendData                            
0000aeb8  usbGetLineCoding                           
0000af28  usbSendNextPacketOnIEP0                    
0000af98  PWRVBUSoffHandler                          
0000b002  USBCDC_sendDataInBackground                
0000b06c  usbGetEndpointStatus                       
0000b0d6  CopyUsbToBuff                              
0000b136  PWRVBUSonHandler                           
0000b194  USB_initMemcpy                             
0000b1f0  memcpyDMA                                  
0000b24a  usbClearEndpointFeature                    
0000b2a4  DMA_init                                   
0000b2fa  TIMER0_A0_ISR                              
0000b34c  usbSetEndpointFeature                      
0000b39e  usbGetStringDescriptor                     
0000b3ec  InitClock_v                                
0000b436  PMM_setVCore                               
0000b480  USB_setup                                  
0000b4ca  usbReceiveNextPacketOnOEP0                 
0000b514  SetupPacketInterruptHandler                
0000b55c  TLV_getInfo                                
0000b5a4  __memcpy_far                               
0000b5e4  UNMI_ISR                                   
0000b622  __TI_zero_init                             
0000b660  __TI_decompress_none                       
0000b69c  OEP0InterruptHandler                       
0000b6d4  usbSetAddress                              
0000b708  USB_getConnectionInformation               
0000b73a  usbSetConfiguration                        
0000b76a  CdcResetData                               
0000b798  USB_suspend                                
0000b7c4  UCS_bypassXT2WithTimeout                   
0000b7ee  usbGetDeviceStatus                         
0000b818  DMA_setDstAddress                          
0000b83e  DMA_setSrcAddress                          
0000b862  usbClearDeviceFeature                      
0000b886  usbSetDeviceFeature                        
0000b8aa  USB_disable                                
0000b8cc  usbSendDataPacketOnEP0                     
0000b8ec  usbGetInterface                            
0000b90a  usbGetInterfaceStatus                      
0000b928  IEP0InterruptHandler                       
0000b944  usbDisableInEndpointInterrupt              
0000b960  usbDisableOutEndpointInterrupt             
0000b97c  GPIO_setAsPeripheralModuleFunctionOutputPin
0000b996  USB_connect                                
0000b9b0  _c_int00_noargs_noexit                     
0000b9ca  memcpyV                                    
0000b9e4  usbSetInterface                            
0000b9fe  USB_resume                                 
0000ba16  WDT_A_hold                                 
0000ba2e  __mspabi_mpyi_f5hw                         
0000ba46  __mspabi_divu                              
0000ba46  __mspabi_remu                              
0000ba5c  usbGetConfigurationDescriptor              
0000ba72  usbGetDeviceDescriptor                     
0000ba88  USB_handleVbusOnEvent                      
0000ba9c  memset                                     
0000bab0  usbGetConfiguration                        
0000bac4  usbReceiveDataPacketOnEP0                  
0000bad8  usbSetControlLineState                     
0000baec  CdcIsReceiveInProgress                     
0000bafe  memcpy                                     
0000bb10  usbInvalidRequest                          
0000bb22  CC_SPI_WriteRead_u8                        
0000bb32  usbSendZeroLengthPacketOnIEP0              
0000bb40  DMA_getInterruptStatus                     
0000bb4c  usbSetLineCoding                           
0000bb58  DMA_disableTransfers                       
0000bb62  DMA_enableTransfers                        
0000bb6c  _system_pre_init                           
0000bb76  __mspabi_slli                              
0000bb80  __mspabi_srli                              
0000bb8a  DMA_setTransferSize                        
0000bb92  DMA_startTransfer                          
0000bb9a  UCS_turnOffXT2                             
0000bba2  USB_handleVbusOffEvent                     
0000bbaa  __TI_ISR_TRAP                              
0000bbb2  CC_SPI_DeselectChip_v                      
0000bbb8  DMA_disableTransferDuringReadModifyWrite   
0000bbbe  DMA_enableTransferDuringReadModifyWrite    
0000bbc4  SFR_clearInterrupt                         
0000bbca  UCS_clearFaultFlag                         
0000bbd0  C$$EXIT                                    
0000bbd0  abort                                      
0000bbd6  usbRestoreInEndpointInterrupt              
0000bbdc  usbRestoreOutEndpointInterrupt             
0000bbe2  USBCDC_handleDataReceived                  
0000bbe6  USBCDC_handleReceiveCompleted              
0000bbea  USBCDC_handleSendCompleted                 
0000bbee  USBCDC_handleSetControlLineState           
0000bbf2  USBCDC_handleSetLineCoding                 
0000bbf6  USB_handleClockEvent                       
0000bbfa  USB_handleEnumerationCompleteEvent         
0000bbfe  USB_handleResetEvent                       
0000bc02  USB_handleResumeEvent                      
0000bc06  USB_handleSuspendEvent                     
0000bc0a  _system_post_cinit                         
0000bc0c  tUsbRequestList                            
0000bd16  abromStringDescriptor                      
0000bda4  abromConfigurationDescriptorGroup          
0000be26  abromDeviceDescriptor                      
0000be38  stUsbHandle                                
0000be68  __TI_Handler_Table_Base                    
0000be74  __TI_Handler_Table_Limit                   
0000be7a  __TI_CINIT_Base                            
0000be8a  __TI_CINIT_Limit                           
0000ffd2  __TI_int41                                 
0000ffd4  __TI_int42                                 
0000ffd6  __TI_int43                                 
0000ffd8  __TI_int44                                 
0000ffda  __TI_int45                                 
0000ffdc  __TI_int46                                 
0000ffde  __TI_int47                                 
0000ffe0  __TI_int48                                 
0000ffe2  __TI_int49                                 
0000ffe4  __TI_int50                                 
0000ffe6  __TI_int51                                 
0000ffe8  __TI_int52                                 
0000ffea  __TI_int53                                 
0000ffec  __TI_int54                                 
0000ffee  __TI_int55                                 
0000fff0  __TI_int56                                 
0000fff2  __TI_int57                                 
0000fff4  __TI_int58                                 
0000fff6  __TI_int59                                 
0000fff8  __TI_int60                                 
0000fffa  __TI_int61                                 
0000fffc  __TI_int62                                 
0000fffe  _reset_vector                              
ffffffff  __TI_pprof_out_hndl                        
ffffffff  __TI_prof_data_size                        
ffffffff  __TI_prof_data_start                       
ffffffff  __c_args__                                 
UNDEFED   __TI_BINIT_Base                            
UNDEFED   __TI_BINIT_Limit                           
UNDEFED   __TI_INITARRAY_Base                        
UNDEFED   __TI_INITARRAY_Limit                       

[890 symbols]
